Archive member included to satisfy reference by file (symbol)

c:/program files (x86)/atmel/studio/7.0/toolchain/arm/arm-gnu-toolchain/bin/../lib/gcc/arm-none-eabi/6.3.1/../../../../arm-none-eabi/lib/thumb/v7e-m\libc.a(lib_a-assert.o)
                              bbcore/cc/can_elem.o (__assert_func)
c:/program files (x86)/atmel/studio/7.0/toolchain/arm/arm-gnu-toolchain/bin/../lib/gcc/arm-none-eabi/6.3.1/../../../../arm-none-eabi/lib/thumb/v7e-m\libc.a(lib_a-exit.o)
                              c:/program files (x86)/atmel/studio/7.0/toolchain/arm/arm-gnu-toolchain/bin/../lib/gcc/arm-none-eabi/6.3.1/../../../../arm-none-eabi/lib/thumb/v7e-m/crt0.o (exit)
c:/program files (x86)/atmel/studio/7.0/toolchain/arm/arm-gnu-toolchain/bin/../lib/gcc/arm-none-eabi/6.3.1/../../../../arm-none-eabi/lib/thumb/v7e-m\libc.a(lib_a-fiprintf.o)
                              c:/program files (x86)/atmel/studio/7.0/toolchain/arm/arm-gnu-toolchain/bin/../lib/gcc/arm-none-eabi/6.3.1/../../../../arm-none-eabi/lib/thumb/v7e-m\libc.a(lib_a-assert.o) (fiprintf)
c:/program files (x86)/atmel/studio/7.0/toolchain/arm/arm-gnu-toolchain/bin/../lib/gcc/arm-none-eabi/6.3.1/../../../../arm-none-eabi/lib/thumb/v7e-m\libc.a(lib_a-impure.o)
                              c:/program files (x86)/atmel/studio/7.0/toolchain/arm/arm-gnu-toolchain/bin/../lib/gcc/arm-none-eabi/6.3.1/../../../../arm-none-eabi/lib/thumb/v7e-m\libc.a(lib_a-exit.o) (_global_impure_ptr)
c:/program files (x86)/atmel/studio/7.0/toolchain/arm/arm-gnu-toolchain/bin/../lib/gcc/arm-none-eabi/6.3.1/../../../../arm-none-eabi/lib/thumb/v7e-m\libc.a(lib_a-init.o)
                              c:/program files (x86)/atmel/studio/7.0/toolchain/arm/arm-gnu-toolchain/bin/../lib/gcc/arm-none-eabi/6.3.1/../../../../arm-none-eabi/lib/thumb/v7e-m/crt0.o (__libc_init_array)
c:/program files (x86)/atmel/studio/7.0/toolchain/arm/arm-gnu-toolchain/bin/../lib/gcc/arm-none-eabi/6.3.1/../../../../arm-none-eabi/lib/thumb/v7e-m\libc.a(lib_a-iprintf.o)
                              blackboard/scm_callbacks.o (iprintf)
c:/program files (x86)/atmel/studio/7.0/toolchain/arm/arm-gnu-toolchain/bin/../lib/gcc/arm-none-eabi/6.3.1/../../../../arm-none-eabi/lib/thumb/v7e-m\libc.a(lib_a-memcpy.o)
                              bbcore/cc/crc-16-x25.o (memcpy)
c:/program files (x86)/atmel/studio/7.0/toolchain/arm/arm-gnu-toolchain/bin/../lib/gcc/arm-none-eabi/6.3.1/../../../../arm-none-eabi/lib/thumb/v7e-m\libc.a(lib_a-memset.o)
                              c:/program files (x86)/atmel/studio/7.0/toolchain/arm/arm-gnu-toolchain/bin/../lib/gcc/arm-none-eabi/6.3.1/../../../../arm-none-eabi/lib/thumb/v7e-m/crt0.o (memset)
c:/program files (x86)/atmel/studio/7.0/toolchain/arm/arm-gnu-toolchain/bin/../lib/gcc/arm-none-eabi/6.3.1/../../../../arm-none-eabi/lib/thumb/v7e-m\libc.a(lib_a-setbuf.o)
                              Driver/CanDriver.o (setbuf)
c:/program files (x86)/atmel/studio/7.0/toolchain/arm/arm-gnu-toolchain/bin/../lib/gcc/arm-none-eabi/6.3.1/../../../../arm-none-eabi/lib/thumb/v7e-m\libc.a(lib_a-setvbuf.o)
                              c:/program files (x86)/atmel/studio/7.0/toolchain/arm/arm-gnu-toolchain/bin/../lib/gcc/arm-none-eabi/6.3.1/../../../../arm-none-eabi/lib/thumb/v7e-m\libc.a(lib_a-setbuf.o) (setvbuf)
c:/program files (x86)/atmel/studio/7.0/toolchain/arm/arm-gnu-toolchain/bin/../lib/gcc/arm-none-eabi/6.3.1/../../../../arm-none-eabi/lib/thumb/v7e-m\libc.a(lib_a-vfiprintf.o)
                              c:/program files (x86)/atmel/studio/7.0/toolchain/arm/arm-gnu-toolchain/bin/../lib/gcc/arm-none-eabi/6.3.1/../../../../arm-none-eabi/lib/thumb/v7e-m\libc.a(lib_a-fiprintf.o) (_vfiprintf_r)
c:/program files (x86)/atmel/studio/7.0/toolchain/arm/arm-gnu-toolchain/bin/../lib/gcc/arm-none-eabi/6.3.1/../../../../arm-none-eabi/lib/thumb/v7e-m\libc.a(lib_a-wsetup.o)
                              c:/program files (x86)/atmel/studio/7.0/toolchain/arm/arm-gnu-toolchain/bin/../lib/gcc/arm-none-eabi/6.3.1/../../../../arm-none-eabi/lib/thumb/v7e-m\libc.a(lib_a-vfiprintf.o) (__swsetup_r)
c:/program files (x86)/atmel/studio/7.0/toolchain/arm/arm-gnu-toolchain/bin/../lib/gcc/arm-none-eabi/6.3.1/../../../../arm-none-eabi/lib/thumb/v7e-m\libc.a(lib_a-__call_atexit.o)
                              c:/program files (x86)/atmel/studio/7.0/toolchain/arm/arm-gnu-toolchain/bin/../lib/gcc/arm-none-eabi/6.3.1/../../../../arm-none-eabi/lib/thumb/v7e-m\libc.a(lib_a-exit.o) (__call_exitprocs)
c:/program files (x86)/atmel/studio/7.0/toolchain/arm/arm-gnu-toolchain/bin/../lib/gcc/arm-none-eabi/6.3.1/../../../../arm-none-eabi/lib/thumb/v7e-m\libc.a(lib_a-abort.o)
                              c:/program files (x86)/atmel/studio/7.0/toolchain/arm/arm-gnu-toolchain/bin/../lib/gcc/arm-none-eabi/6.3.1/../../../../arm-none-eabi/lib/thumb/v7e-m\libc.a(lib_a-assert.o) (abort)
[...]
Memory Configuration

Name             Origin             Length             Attributes
rom              0x00400000         0x00200000         xr
ram              0x20400000         0x00060000         xrw
*default*        0x00000000         0xffffffff

Linker script and memory map

LOAD c:/program files (x86)/atmel/studio/7.0/toolchain/arm/arm-gnu-toolchain/bin/../lib/gcc/arm-none-eabi/6.3.1/thumb/v7e-m/crti.o
LOAD c:/program files (x86)/atmel/studio/7.0/toolchain/arm/arm-gnu-toolchain/bin/../lib/gcc/arm-none-eabi/6.3.1/thumb/v7e-m/crtbegin.o
LOAD c:/program files (x86)/atmel/studio/7.0/toolchain/arm/arm-gnu-toolchain/bin/../lib/gcc/arm-none-eabi/6.3.1/../../../../arm-none-eabi/lib/thumb/v7e-m/crt0.o
LOAD bbcore/cc/bb_elem.o
LOAD bbcore/cc/bb_tx_proc.o
LOAD bbcore/cc/can_elem.o
LOAD bbcore/cc/crc-16-x25.o
LOAD blackboard/bb_port.o
LOAD blackboard/blackboard.o
LOAD blackboard/can_spec.o
LOAD blackboard/can_tx_processor.o
LOAD blackboard/scm_callbacks.o
LOAD Driver/message_ctrl.o
LOAD blackboard/scm_can_trans.o
LOAD Driver/can1.o
LOAD Driver/CanDriver.o
LOAD src/ASF/common/services/clock/samv71/sysclk.o
LOAD src/ASF/common/services/serial/usart_serial.o
LOAD src/ASF/common/utils/interrupt/interrupt_sam_nvic.o
LOAD src/ASF/common/utils/stdio/read.o
LOAD src/ASF/common/utils/stdio/write.o
LOAD src/ASF/sam/boards/samv71_xplained_ultra/init.o
LOAD src/ASF/sam/drivers/mcan/mcan.o
LOAD src/ASF/sam/drivers/mpu/mpu.o
LOAD src/ASF/sam/drivers/pio/pio.o
LOAD src/ASF/sam/drivers/pio/pio_handler.o
LOAD src/ASF/sam/drivers/pmc/pmc.o
LOAD src/ASF/sam/drivers/pmc/sleep.o
LOAD src/ASF/sam/drivers/uart/uart.o
LOAD src/ASF/sam/drivers/usart/usart.o
LOAD src/ASF/sam/utils/cmsis/samv71/source/templates/gcc/startup_samv71.o
LOAD src/ASF/sam/utils/cmsis/samv71/source/templates/system_samv71.o
LOAD src/ASF/sam/utils/syscalls/gcc/syscalls.o
LOAD src/bb_exp.o
LOAD src/qs_mcan_basic.o
START GROUP
LOAD ../src/ASF/thirdparty/CMSIS/Lib/GCC\libarm_cortexM7lfsp_math_softfp.a
LOAD c:/program files (x86)/atmel/studio/7.0/toolchain/arm/arm-gnu-toolchain/bin/../lib/gcc/arm-none-eabi/6.3.1/../../../../arm-none-eabi/lib/thumb/v7e-m\libm.a
END GROUP
START GROUP
LOAD c:/program files (x86)/atmel/studio/7.0/toolchain/arm/arm-gnu-toolchain/bin/../lib/gcc/arm-none-eabi/6.3.1/thumb/v7e-m\libgcc.a
LOAD c:/program files (x86)/atmel/studio/7.0/toolchain/arm/arm-gnu-toolchain/bin/../lib/gcc/arm-none-eabi/6.3.1/../../../../arm-none-eabi/lib/thumb/v7e-m\libc.a
END GROUP
LOAD c:/program files (x86)/atmel/studio/7.0/toolchain/arm/arm-gnu-toolchain/bin/../lib/gcc/arm-none-eabi/6.3.1/thumb/v7e-m/crtend.o
LOAD c:/program files (x86)/atmel/studio/7.0/toolchain/arm/arm-gnu-toolchain/bin/../lib/gcc/arm-none-eabi/6.3.1/thumb/v7e-m/crtn.o
                0x00002000                STACK_SIZE = DEFINED (STACK_SIZE)?STACK_SIZE:0x2000
                0x2045fffc                __ram_end__ = ((ORIGIN (ram) + LENGTH (ram)) - 0x4)
                0x00000200                HEAP_SIZE = DEFINED (HEAP_SIZE)?HEAP_SIZE:0x200

.text           0x00400000     0x4e00
                0x00400000                . = ALIGN (0x4)
                0x00400000                _sfixed = .
 *(.vectors .vectors.*)
 .vectors       0x00400000      0x168 src/ASF/sam/utils/cmsis/samv71/source/templates/gcc/startup_samv71.o
                0x00400000                exception_table
 *(.text .text.* .gnu.linkonce.t.*)
 .text          0x00400168       0x6c c:/program files (x86)/atmel/studio/7.0/toolchain/arm/arm-gnu-toolchain/bin/../lib/gcc/arm-none-eabi/6.3.1/thumb/v7e-m/crtbegin.o
 .text.bb_elem_decrement_wakeup_offset
                0x004001d4       0x12 bbcore/cc/bb_elem.o
                0x004001d4                bb_elem_decrement_wakeup_offset
 *fill*         0x004001e6        0x2 
 .text.bb_elem_get_data_for_can
                0x004001e8       0x20 bbcore/cc/bb_elem.o
                0x004001e8                bb_elem_get_data_for_can
 .text.bb_elem_update_last_tick_count
                0x00400208       0x10 bbcore/cc/bb_elem.o
                0x00400208                bb_elem_update_last_tick_count
 .text.bb_elem_set_uint8_data
                0x00400218       0x18 bbcore/cc/bb_elem.o
                0x00400218                bb_elem_set_uint8_data
 .text.bb_elem_set_int8_data
                0x00400230       0x10 bbcore/cc/bb_elem.o
                0x00400230                bb_elem_set_int8_data
 .text.bb_elem_set_uint16_data
                0x00400240       0x18 bbcore/cc/bb_elem.o
                0x00400240                bb_elem_set_uint16_data
 .text.bb_elem_set_int16_data
                0x00400258       0x10 bbcore/cc/bb_elem.o
                0x00400258                bb_elem_set_int16_data
 .text.bb_tx_proc_init
                0x00400268       0x24 bbcore/cc/bb_tx_proc.o
                0x00400268                bb_tx_proc_init
 .text.bb_tx_proc_tx_message
                0x0040028c       0x90 bbcore/cc/bb_tx_proc.o
                0x0040028c                bb_tx_proc_tx_message
 .text.bb_tx_proc_process_tx
                0x0040031c       0x78 bbcore/cc/bb_tx_proc.o
                0x0040031c                bb_tx_proc_process_tx
 .text.can_elem_get_can_elem_idx
                0x00400394       0x10 bbcore/cc/can_elem.o
                0x00400394                can_elem_get_can_elem_idx
 .text.can_elem_get_can_msg_info_idx
                0x004003a4       0x10 bbcore/cc/can_elem.o
                0x004003a4                can_elem_get_can_msg_info_idx
 .text.bb_port_get_current_ticks
                0x004003b4        0xc blackboard/bb_port.o
                0x004003b4                bb_port_get_current_ticks
 .text.bb_port_set_data_direct8
                0x004003c0        0x4 blackboard/bb_port.o
                0x004003c0                bb_port_set_data_direct8
 .text.bb_port_set_data_direct16
                0x004003c4       0x34 blackboard/bb_port.o
                0x004003c4                bb_port_set_data_direct16
 .text.bb_port_get_data_direct32
                0x004003f8       0x2c blackboard/bb_port.o
                0x004003f8                bb_port_get_data_direct32
 .text.bb_get_element
                0x00400424        0xc blackboard/blackboard.o
                0x00400424                bb_get_element
 .text.bb_set_SCM_motor1MaxSpeed
                0x00400430       0x44 blackboard/blackboard.o
                0x00400430                bb_set_SCM_motor1MaxSpeed
 .text.bb_set_SCM_motor1MinSpeed
                0x00400474       0x44 blackboard/blackboard.o
                0x00400474                bb_set_SCM_motor1MinSpeed
 .text.bb_set_SCM_Motor1Control
                0x004004b8       0x24 blackboard/blackboard.o
                0x004004b8                bb_set_SCM_Motor1Control
 .text.bb_set_SCM_Motor3Control
                0x004004dc       0x24 blackboard/blackboard.o
                0x004004dc                bb_set_SCM_Motor3Control
 .text.CANTxTaskInit
                0x00400500       0x38 blackboard/can_tx_processor.o
                0x00400500                CANTxTaskInit
 .text.CANTxTask
                0x00400538       0x40 blackboard/can_tx_processor.o
                0x00400538                CANTxTask
 .text.testSCMCallback
                0x00400578       0x2c blackboard/scm_callbacks.o
                0x00400578                testSCMCallback
 .text.CanMessageControl_Task
                0x004005a4       0x64 Driver/message_ctrl.o
                0x004005a4                CanMessageControl_Task
 .text.scm_can_trans
                0x00400608       0x48 blackboard/scm_can_trans.o
                0x00400608                scm_can_trans
 .text.usart_serial_getchar
                0x00400650       0xdc Driver/CanDriver.o
 .text.usart_serial_putchar
                0x0040072c       0xd4 Driver/CanDriver.o
 .text.configure_mcan
                0x00400800       0xbc Driver/CanDriver.o
 .text.can_init
                0x004008bc       0xa0 Driver/CanDriver.o
                0x004008bc                can_init
 .text.MCAN1_INT0_Handler
                0x0040095c       0x84 Driver/CanDriver.o
                0x0040095c                MCAN1_INT0_Handler
 .text.candriver_error_poll
                0x004009e0        0x2 Driver/CanDriver.o
                0x004009e0                candriver_error_poll
 *fill*         0x004009e2        0x2 
 .text.candriver_send
                0x004009e4       0x64 Driver/CanDriver.o
                0x004009e4                candriver_send
 .text.sysclk_init
                0x00400a48       0x70 src/ASF/common/services/clock/samv71/sysclk.o
                0x00400a48                sysclk_init
 .text._read    0x00400ab8       0x3c src/ASF/common/utils/stdio/read.o
                0x00400ab8                _read
 .text._write   0x00400af4       0x50 src/ASF/common/utils/stdio/write.o
                0x00400af4                _write
 .text.board_init
                0x00400b44      0x1b4 src/ASF/sam/boards/samv71_xplained_ultra/init.o
                0x00400b44                board_init
 .text._mcan_enable_peripheral_clock
                0x00400cf8       0x30 src/ASF/sam/drivers/mcan/mcan.o
 .text.mcan_init
                0x00400d28      0x274 src/ASF/sam/drivers/mcan/mcan.o
                0x00400d28                mcan_init
 .text.mcan_start
                0x00400f9c       0x16 src/ASF/sam/drivers/mcan/mcan.o
                0x00400f9c                mcan_start
 .text.mcan_stop
                0x00400fb2       0x16 src/ASF/sam/drivers/mcan/mcan.o
                0x00400fb2                mcan_stop
 .text.mcan_set_tx_buffer_element
                0x00400fc8       0x7c src/ASF/sam/drivers/mcan/mcan.o
                0x00400fc8                mcan_set_tx_buffer_element
 .text.pio_get_interrupt_status
                0x00401044        0x4 src/ASF/sam/drivers/pio/pio.o
                0x00401044                pio_get_interrupt_status
 .text.pio_get_interrupt_mask
                0x00401048        0x4 src/ASF/sam/drivers/pio/pio.o
                0x00401048                pio_get_interrupt_mask
 .text.pio_handler_process
                0x0040104c       0x50 src/ASF/sam/drivers/pio/pio_handler.o
                0x0040104c                pio_handler_process
 .text.PIOA_Handler
                0x0040109c       0x14 src/ASF/sam/drivers/pio/pio_handler.o
                0x0040109c                PIOA_Handler
 .text.PIOB_Handler
                0x004010b0       0x14 src/ASF/sam/drivers/pio/pio_handler.o
                0x004010b0                PIOB_Handler
 .text.PIOC_Handler
                0x004010c4       0x14 src/ASF/sam/drivers/pio/pio_handler.o
                0x004010c4                PIOC_Handler
 .text.PIOD_Handler
                0x004010d8       0x14 src/ASF/sam/drivers/pio/pio_handler.o
                0x004010d8                PIOD_Handler
 .text.PIOE_Handler
                0x004010ec       0x14 src/ASF/sam/drivers/pio/pio_handler.o
                0x004010ec                PIOE_Handler
 .text.pmc_mck_set_division
                0x00401100       0x38 src/ASF/sam/drivers/pmc/pmc.o
                0x00401100                pmc_mck_set_division
 .text.pmc_switch_mck_to_pllack
                0x00401138       0x64 src/ASF/sam/drivers/pmc/pmc.o
                0x00401138                pmc_switch_mck_to_pllack
 .text.pmc_switch_mainck_to_xtal
                0x0040119c       0x54 src/ASF/sam/drivers/pmc/pmc.o
                0x0040119c                pmc_switch_mainck_to_xtal
 .text.pmc_osc_is_ready_mainck
                0x004011f0       0x10 src/ASF/sam/drivers/pmc/pmc.o
                0x004011f0                pmc_osc_is_ready_mainck
 .text.pmc_disable_pllack
                0x00401200       0x10 src/ASF/sam/drivers/pmc/pmc.o
                0x00401200                pmc_disable_pllack
 .text.pmc_is_locked_pllack
                0x00401210       0x10 src/ASF/sam/drivers/pmc/pmc.o
                0x00401210                pmc_is_locked_pllack
 .text.pmc_enable_periph_clk
                0x00401220       0x20 src/ASF/sam/drivers/pmc/pmc.o
                0x00401220                pmc_enable_periph_clk
 .text.pmc_switch_pck_to_pllack
                0x00401240       0x3c src/ASF/sam/drivers/pmc/pmc.o
                0x00401240                pmc_switch_pck_to_pllack
 .text.pmc_enable_pck
                0x0040127c       0x14 src/ASF/sam/drivers/pmc/pmc.o
                0x0040127c                pmc_enable_pck
 .text.pmc_disable_pck
                0x00401290       0x14 src/ASF/sam/drivers/pmc/pmc.o
                0x00401290                pmc_disable_pck
 .text.uart_write
                0x004012a4       0x12 src/ASF/sam/drivers/uart/uart.o
                0x004012a4                uart_write
 .text.uart_read
                0x004012b6       0x14 src/ASF/sam/drivers/uart/uart.o
                0x004012b6                uart_read
 .text.usart_set_async_baudrate
                0x004012ca       0x5a src/ASF/sam/drivers/usart/usart.o
                0x004012ca                usart_set_async_baudrate
 .text.usart_reset
                0x00401324       0x28 src/ASF/sam/drivers/usart/usart.o
                0x00401324                usart_reset
 .text.usart_init_rs232
                0x0040134c       0x54 src/ASF/sam/drivers/usart/usart.o
                0x0040134c                usart_init_rs232
 .text.usart_enable_tx
                0x004013a0        0x6 src/ASF/sam/drivers/usart/usart.o
                0x004013a0                usart_enable_tx
 .text.usart_enable_rx
                0x004013a6        0x6 src/ASF/sam/drivers/usart/usart.o
                0x004013a6                usart_enable_rx
 .text.usart_write
                0x004013ac       0x16 src/ASF/sam/drivers/usart/usart.o
                0x004013ac                usart_write
 .text.usart_read
                0x004013c2       0x18 src/ASF/sam/drivers/usart/usart.o
                0x004013c2                usart_read
 .text.Dummy_Handler
                0x004013da        0x2 src/ASF/sam/utils/cmsis/samv71/source/templates/gcc/startup_samv71.o
                0x004013da                DACC_Handler
                0x004013da                DebugMon_Handler
                0x004013da                UART3_Handler
                0x004013da                UART2_Handler
                0x004013da                TRNG_Handler
                0x004013da                HardFault_Handler
                0x004013da                TC2_Handler
                0x004013da                SysTick_Handler
                0x004013da                AFEC1_Handler
                0x004013da                PendSV_Handler
                0x004013da                NMI_Handler
                0x004013da                TC7_Handler
                0x004013da                QSPI_Handler
                0x004013da                ISI_Handler
                0x004013da                MCAN0_INT0_Handler
                0x004013da                TC9_Handler
                0x004013da                RSWDT_Handler
                0x004013da                USART0_Handler
                0x004013da                RTT_Handler
                0x004013da                USBHS_Handler
                0x004013da                IXC_Handler
                0x004013da                CCF_Handler
                0x004013da                RTC_Handler
                0x004013da                UsageFault_Handler
                0x004013da                TC6_Handler
                0x004013da                WDT_Handler
                0x004013da                MCAN1_INT1_Handler
                0x004013da                TC4_Handler
                0x004013da                TC1_Handler
                0x004013da                HSMCI_Handler
                0x004013da                UART1_Handler
                0x004013da                TC3_Handler
                0x004013da                Dummy_Handler
                0x004013da                TWIHS1_Handler
                0x004013da                XDMAC_Handler
                0x004013da                UART4_Handler
                0x004013da                PWM1_Handler
                0x004013da                USART1_Handler
                0x004013da                PWM0_Handler
                0x004013da                AFEC0_Handler
                0x004013da                CCW_Handler
                0x004013da                SSC_Handler
                0x004013da                TC11_Handler
                0x004013da                ACC_Handler
                0x004013da                PMC_Handler
                0x004013da                GMAC_Handler
                0x004013da                MCAN0_INT1_Handler
                0x004013da                GMAC_Q5_Handler
                0x004013da                MemManage_Handler
                0x004013da                SUPC_Handler
                0x004013da                SVC_Handler
                0x004013da                TC8_Handler
                0x004013da                EFC_Handler
                0x004013da                GMAC_Q1_Handler
                0x004013da                USART2_Handler
                0x004013da                SDRAMC_Handler
                0x004013da                GMAC_Q2_Handler
                0x004013da                SPI1_Handler
                0x004013da                TC10_Handler
                0x004013da                GMAC_Q3_Handler
                0x004013da                TWIHS2_Handler
                0x004013da                MLB_Handler
                0x004013da                I2SC0_Handler
                0x004013da                UART0_Handler
                0x004013da                I2SC1_Handler
                0x004013da                GMAC_Q4_Handler
                0x004013da                FPU_Handler
                0x004013da                BusFault_Handler
                0x004013da                RSTC_Handler
                0x004013da                TC0_Handler
                0x004013da                TC5_Handler
                0x004013da                ICM_Handler
                0x004013da                AES_Handler
                0x004013da                TWIHS0_Handler
                0x004013da                SPI0_Handler
 .text.Reset_Handler
                0x004013dc       0xc8 src/ASF/sam/utils/cmsis/samv71/source/templates/gcc/startup_samv71.o
                0x004013dc                Reset_Handler
 .text.SystemCoreClockUpdate
                0x004014a4      0x10c src/ASF/sam/utils/cmsis/samv71/source/templates/system_samv71.o
                0x004014a4                SystemCoreClockUpdate
 .text.system_init_flash
                0x004015b0       0x8c src/ASF/sam/utils/cmsis/samv71/source/templates/system_samv71.o
                0x004015b0                system_init_flash
 .text._sbrk    0x0040163c       0x38 src/ASF/sam/utils/syscalls/gcc/syscalls.o
                0x0040163c                _sbrk
 .text._close   0x00401674        0x6 src/ASF/sam/utils/syscalls/gcc/syscalls.o
                0x00401674                _close
 .text._fstat   0x0040167a        0xa src/ASF/sam/utils/syscalls/gcc/syscalls.o
                0x0040167a                _fstat
 .text._isatty  0x00401684        0x4 src/ASF/sam/utils/syscalls/gcc/syscalls.o
                0x00401684                _isatty
 .text._lseek   0x00401688        0x4 src/ASF/sam/utils/syscalls/gcc/syscalls.o
                0x00401688                _lseek
 .text._exit    0x0040168c        0x4 src/ASF/sam/utils/syscalls/gcc/syscalls.o
                0x0040168c                _exit
 .text._kill    0x00401690        0x2 src/ASF/sam/utils/syscalls/gcc/syscalls.o
                0x00401690                _kill
 .text._getpid  0x00401692        0x6 src/ASF/sam/utils/syscalls/gcc/syscalls.o
                0x00401692                _getpid
 .text.main     0x00401698       0x50 src/qs_mcan_basic.o
                0x00401698                main
 .text.__assert_func
                0x004016e8       0x3c c:/program files (x86)/atmel/studio/7.0/toolchain/arm/arm-gnu-toolchain/bin/../lib/gcc/arm-none-eabi/6.3.1/../../../../arm-none-eabi/lib/thumb/v7e-m\libc.a(lib_a-assert.o)
                0x004016e8                __assert_func
 .text.fiprintf
                0x00401724       0x28 c:/program files (x86)/atmel/studio/7.0/toolchain/arm/arm-gnu-toolchain/bin/../lib/gcc/arm-none-eabi/6.3.1/../../../../arm-none-eabi/lib/thumb/v7e-m\libc.a(lib_a-fiprintf.o)
                0x00401724                fiprintf
 .text.__libc_init_array
                0x0040174c       0x50 c:/program files (x86)/atmel/studio/7.0/toolchain/arm/arm-gnu-toolchain/bin/../lib/gcc/arm-none-eabi/6.3.1/../../../../arm-none-eabi/lib/thumb/v7e-m\libc.a(lib_a-init.o)
                0x0040174c                __libc_init_array
 .text.iprintf  0x0040179c       0x28 c:/program files (x86)/atmel/studio/7.0/toolchain/arm/arm-gnu-toolchain/bin/../lib/gcc/arm-none-eabi/6.3.1/../../../../arm-none-eabi/lib/thumb/v7e-m\libc.a(lib_a-iprintf.o)
                0x0040179c                iprintf
 .text          0x004017c4      0x134 c:/program files (x86)/atmel/studio/7.0/toolchain/arm/arm-gnu-toolchain/bin/../lib/gcc/arm-none-eabi/6.3.1/../../../../arm-none-eabi/lib/thumb/v7e-m\libc.a(lib_a-memcpy.o)
                0x004017c4                memcpy
 .text.memset   0x004018f8       0x9c c:/program files (x86)/atmel/studio/7.0/toolchain/arm/arm-gnu-toolchain/bin/../lib/gcc/arm-none-eabi/6.3.1/../../../../arm-none-eabi/lib/thumb/v7e-m\libc.a(lib_a-memset.o)
                0x004018f8                memset
 .text.setbuf   0x00401994       0x10 c:/program files (x86)/atmel/studio/7.0/toolchain/arm/arm-gnu-toolchain/bin/../lib/gcc/arm-none-eabi/6.3.1/../../../../arm-none-eabi/lib/thumb/v7e-m\libc.a(lib_a-setbuf.o)
                0x00401994                setbuf
 .text.setvbuf  0x004019a4      0x190 c:/program files (x86)/atmel/studio/7.0/toolchain/arm/arm-gnu-toolchain/bin/../lib/gcc/arm-none-eabi/6.3.1/../../../../arm-none-eabi/lib/thumb/v7e-m\libc.a(lib_a-setvbuf.o)
                0x004019a4                setvbuf
 .text.__sprint_r.part.0
                0x00401b34       0x80 c:/program files (x86)/atmel/studio/7.0/toolchain/arm/arm-gnu-toolchain/bin/../lib/gcc/arm-none-eabi/6.3.1/../../../../arm-none-eabi/lib/thumb/v7e-m\libc.a(lib_a-vfiprintf.o)
 .text._vfiprintf_r
                0x00401bb4      0xc90 c:/program files (x86)/atmel/studio/7.0/toolchain/arm/arm-gnu-toolchain/bin/../lib/gcc/arm-none-eabi/6.3.1/../../../../arm-none-eabi/lib/thumb/v7e-m\libc.a(lib_a-vfiprintf.o)
                0x00401bb4                _vfiprintf_r
 .text.__sbprintf
                0x00402844       0x84 c:/program files (x86)/atmel/studio/7.0/toolchain/arm/arm-gnu-toolchain/bin/../lib/gcc/arm-none-eabi/6.3.1/../../../../arm-none-eabi/lib/thumb/v7e-m\libc.a(lib_a-vfiprintf.o)
 .text.__swsetup_r
                0x004028c8       0xc8 c:/program files (x86)/atmel/studio/7.0/toolchain/arm/arm-gnu-toolchain/bin/../lib/gcc/arm-none-eabi/6.3.1/../../../../arm-none-eabi/lib/thumb/v7e-m\libc.a(lib_a-wsetup.o)
                0x004028c8                __swsetup_r
 .text.startup.register_fini
                0x00402990       0x14 c:/program files (x86)/atmel/studio/7.0/toolchain/arm/arm-gnu-toolchain/bin/../lib/gcc/arm-none-eabi/6.3.1/../../../../arm-none-eabi/lib/thumb/v7e-m\libc.a(lib_a-__call_atexit.o)
 .text.abort    0x004029a4       0x10 c:/program files (x86)/atmel/studio/7.0/toolchain/arm/arm-gnu-toolchain/bin/../lib/gcc/arm-none-eabi/6.3.1/../../../../arm-none-eabi/lib/thumb/v7e-m\libc.a(lib_a-abort.o)
                0x004029a4                abort
 .text.atexit   0x004029b4        0xc c:/program files (x86)/atmel/studio/7.0/toolchain/arm/arm-gnu-toolchain/bin/../lib/gcc/arm-none-eabi/6.3.1/../../../../arm-none-eabi/lib/thumb/v7e-m\libc.a(lib_a-atexit.o)
                0x004029b4                atexit
 .text.__sflush_r
                0x004029c0      0x140 c:/program files (x86)/atmel/studio/7.0/toolchain/arm/arm-gnu-toolchain/bin/../lib/gcc/arm-none-eabi/6.3.1/../../../../arm-none-eabi/lib/thumb/v7e-m\libc.a(lib_a-fflush.o)
                0x004029c0                __sflush_r
 .text._fflush_r
                0x00402b00       0x54 c:/program files (x86)/atmel/studio/7.0/toolchain/arm/arm-gnu-toolchain/bin/../lib/gcc/arm-none-eabi/6.3.1/../../../../arm-none-eabi/lib/thumb/v7e-m\libc.a(lib_a-fflush.o)
                0x00402b00                _fflush_r
 .text._cleanup_r
                0x00402b54        0xc c:/program files (x86)/atmel/studio/7.0/toolchain/arm/arm-gnu-toolchain/bin/../lib/gcc/arm-none-eabi/6.3.1/../../../../arm-none-eabi/lib/thumb/v7e-m\libc.a(lib_a-findfp.o)
                0x00402b54                _cleanup_r
 .text.std.isra.0
                0x00402b60       0x50 c:/program files (x86)/atmel/studio/7.0/toolchain/arm/arm-gnu-toolchain/bin/../lib/gcc/arm-none-eabi/6.3.1/../../../../arm-none-eabi/lib/thumb/v7e-m\libc.a(lib_a-findfp.o)
 .text.__sinit  0x00402bb0       0x58 c:/program files (x86)/atmel/studio/7.0/toolchain/arm/arm-gnu-toolchain/bin/../lib/gcc/arm-none-eabi/6.3.1/../../../../arm-none-eabi/lib/thumb/v7e-m\libc.a(lib_a-findfp.o)
                0x00402bb0                __sinit
 .text.__sfp_lock_acquire
                0x00402c08        0xc c:/program files (x86)/atmel/studio/7.0/toolchain/arm/arm-gnu-toolchain/bin/../lib/gcc/arm-none-eabi/6.3.1/../../../../arm-none-eabi/lib/thumb/v7e-m\libc.a(lib_a-findfp.o)
                0x00402c08                __sfp_lock_acquire
 .text.__sfp_lock_release
                0x00402c14        0xc c:/program files (x86)/atmel/studio/7.0/toolchain/arm/arm-gnu-toolchain/bin/../lib/gcc/arm-none-eabi/6.3.1/../../../../arm-none-eabi/lib/thumb/v7e-m\libc.a(lib_a-findfp.o)
                0x00402c14                __sfp_lock_release
 .text.__libc_fini_array
                0x00402c20       0x34 c:/program files (x86)/atmel/studio/7.0/toolchain/arm/arm-gnu-toolchain/bin/../lib/gcc/arm-none-eabi/6.3.1/../../../../arm-none-eabi/lib/thumb/v7e-m\libc.a(lib_a-fini.o)
                0x00402c20                __libc_fini_array
 .text.__fputwc
                0x00402c54       0xa0 c:/program files (x86)/atmel/studio/7.0/toolchain/arm/arm-gnu-toolchain/bin/../lib/gcc/arm-none-eabi/6.3.1/../../../../arm-none-eabi/lib/thumb/v7e-m\libc.a(lib_a-fputwc.o)
                0x00402c54                __fputwc
 .text._fputwc_r
                0x00402cf4       0x68 c:/program files (x86)/atmel/studio/7.0/toolchain/arm/arm-gnu-toolchain/bin/../lib/gcc/arm-none-eabi/6.3.1/../../../../arm-none-eabi/lib/thumb/v7e-m\libc.a(lib_a-fputwc.o)
                0x00402cf4                _fputwc_r
 .text._malloc_trim_r
                0x00402d5c       0xa0 c:/program files (x86)/atmel/studio/7.0/toolchain/arm/arm-gnu-toolchain/bin/../lib/gcc/arm-none-eabi/6.3.1/../../../../arm-none-eabi/lib/thumb/v7e-m\libc.a(lib_a-freer.o)
                0x00402d5c                _malloc_trim_r
 .text._free_r  0x00402dfc      0x1cc c:/program files (x86)/atmel/studio/7.0/toolchain/arm/arm-gnu-toolchain/bin/../lib/gcc/arm-none-eabi/6.3.1/../../../../arm-none-eabi/lib/thumb/v7e-m\libc.a(lib_a-freer.o)
                0x00402dfc                _free_r
 .text.__sfvwrite_r
                0x00402fc8      0x2f0 c:/program files (x86)/atmel/studio/7.0/toolchain/arm/arm-gnu-toolchain/bin/../lib/gcc/arm-none-eabi/6.3.1/../../../../arm-none-eabi/lib/thumb/v7e-m\libc.a(lib_a-fvwrite.o)
                0x00402fc8                __sfvwrite_r
 .text._fwalk_reent
                0x004032b8       0x54 c:/program files (x86)/atmel/studio/7.0/toolchain/arm/arm-gnu-toolchain/bin/../lib/gcc/arm-none-eabi/6.3.1/../../../../arm-none-eabi/lib/thumb/v7e-m\libc.a(lib_a-fwalk.o)
                0x004032b8                _fwalk_reent
 .text.__locale_mb_cur_max
                0x0040330c       0x1c c:/program files (x86)/atmel/studio/7.0/toolchain/arm/arm-gnu-toolchain/bin/../lib/gcc/arm-none-eabi/6.3.1/../../../../arm-none-eabi/lib/thumb/v7e-m\libc.a(lib_a-locale.o)
                0x0040330c                __locale_mb_cur_max
 .text.__retarget_lock_init_recursive
                0x00403328        0x4 c:/program files (x86)/atmel/studio/7.0/toolchain/arm/arm-gnu-toolchain/bin/../lib/gcc/arm-none-eabi/6.3.1/../../../../arm-none-eabi/lib/thumb/v7e-m\libc.a(lib_a-lock.o)
                0x00403328                __retarget_lock_init_recursive
 .text.__retarget_lock_close_recursive
                0x0040332c        0x4 c:/program files (x86)/atmel/studio/7.0/toolchain/arm/arm-gnu-toolchain/bin/../lib/gcc/arm-none-eabi/6.3.1/../../../../arm-none-eabi/lib/thumb/v7e-m\libc.a(lib_a-lock.o)
                0x0040332c                __retarget_lock_close_recursive
 .text.__retarget_lock_acquire_recursive
                0x00403330        0x4 c:/program files (x86)/atmel/studio/7.0/toolchain/arm/arm-gnu-toolchain/bin/../lib/gcc/arm-none-eabi/6.3.1/../../../../arm-none-eabi/lib/thumb/v7e-m\libc.a(lib_a-lock.o)
                0x00403330                __retarget_lock_acquire_recursive
 .text.__retarget_lock_release_recursive
                0x00403334        0x4 c:/program files (x86)/atmel/studio/7.0/toolchain/arm/arm-gnu-toolchain/bin/../lib/gcc/arm-none-eabi/6.3.1/../../../../arm-none-eabi/lib/thumb/v7e-m\libc.a(lib_a-lock.o)
                0x00403334                __retarget_lock_release_recursive
 .text.__swhatbuf_r
                0x00403338       0x5c c:/program files (x86)/atmel/studio/7.0/toolchain/arm/arm-gnu-toolchain/bin/../lib/gcc/arm-none-eabi/6.3.1/../../../../arm-none-eabi/lib/thumb/v7e-m\libc.a(lib_a-makebuf.o)
                0x00403338                __swhatbuf_r
 .text.__smakebuf_r
                0x00403394       0x94 c:/program files (x86)/atmel/studio/7.0/toolchain/arm/arm-gnu-toolchain/bin/../lib/gcc/arm-none-eabi/6.3.1/../../../../arm-none-eabi/lib/thumb/v7e-m\libc.a(lib_a-makebuf.o)
                0x00403394                __smakebuf_r
 .text.malloc   0x00403428       0x10 c:/program files (x86)/atmel/studio/7.0/toolchain/arm/arm-gnu-toolchain/bin/../lib/gcc/arm-none-eabi/6.3.1/../../../../arm-none-eabi/lib/thumb/v7e-m\libc.a(lib_a-malloc.o)
                0x00403428                malloc
 .text._malloc_r
                0x00403438      0x560 c:/program files (x86)/atmel/studio/7.0/toolchain/arm/arm-gnu-toolchain/bin/../lib/gcc/arm-none-eabi/6.3.1/../../../../arm-none-eabi/lib/thumb/v7e-m\libc.a(lib_a-mallocr.o)
                0x00403438                _malloc_r
 .text.__ascii_mbtowc
                0x00403998       0x2c c:/program files (x86)/atmel/studio/7.0/toolchain/arm/arm-gnu-toolchain/bin/../lib/gcc/arm-none-eabi/6.3.1/../../../../arm-none-eabi/lib/thumb/v7e-m\libc.a(lib_a-mbtowc_r.o)
                0x00403998                __ascii_mbtowc
 *fill*         0x004039c4        0xc 
 .text          0x004039d0       0xa0 c:/program files (x86)/atmel/studio/7.0/toolchain/arm/arm-gnu-toolchain/bin/../lib/gcc/arm-none-eabi/6.3.1/../../../../arm-none-eabi/lib/thumb/v7e-m\libc.a(lib_a-memchr.o)
                0x004039d0                memchr
 .text.memmove  0x00403a70       0xc8 c:/program files (x86)/atmel/studio/7.0/toolchain/arm/arm-gnu-toolchain/bin/../lib/gcc/arm-none-eabi/6.3.1/../../../../arm-none-eabi/lib/thumb/v7e-m\libc.a(lib_a-memmove.o)
                0x00403a70                memmove
 .text.__malloc_lock
                0x00403b38        0xc c:/program files (x86)/atmel/studio/7.0/toolchain/arm/arm-gnu-toolchain/bin/../lib/gcc/arm-none-eabi/6.3.1/../../../../arm-none-eabi/lib/thumb/v7e-m\libc.a(lib_a-mlock.o)
                0x00403b38                __malloc_lock
 .text.__malloc_unlock
                0x00403b44        0xc c:/program files (x86)/atmel/studio/7.0/toolchain/arm/arm-gnu-toolchain/bin/../lib/gcc/arm-none-eabi/6.3.1/../../../../arm-none-eabi/lib/thumb/v7e-m\libc.a(lib_a-mlock.o)
                0x00403b44                __malloc_unlock
 .text._realloc_r
                0x00403b50      0x34c c:/program files (x86)/atmel/studio/7.0/toolchain/arm/arm-gnu-toolchain/bin/../lib/gcc/arm-none-eabi/6.3.1/../../../../arm-none-eabi/lib/thumb/v7e-m\libc.a(lib_a-reallocr.o)
                0x00403b50                _realloc_r
 .text._sbrk_r  0x00403e9c       0x24 c:/program files (x86)/atmel/studio/7.0/toolchain/arm/arm-gnu-toolchain/bin/../lib/gcc/arm-none-eabi/6.3.1/../../../../arm-none-eabi/lib/thumb/v7e-m\libc.a(lib_a-sbrkr.o)
                0x00403e9c                _sbrk_r
 .text._raise_r
                0x00403ec0       0x60 c:/program files (x86)/atmel/studio/7.0/toolchain/arm/arm-gnu-toolchain/bin/../lib/gcc/arm-none-eabi/6.3.1/../../../../arm-none-eabi/lib/thumb/v7e-m\libc.a(lib_a-signal.o)
                0x00403ec0                _raise_r
 .text.raise    0x00403f20       0x10 c:/program files (x86)/atmel/studio/7.0/toolchain/arm/arm-gnu-toolchain/bin/../lib/gcc/arm-none-eabi/6.3.1/../../../../arm-none-eabi/lib/thumb/v7e-m\libc.a(lib_a-signal.o)
                0x00403f20                raise
 .text._kill_r  0x00403f30       0x28 c:/program files (x86)/atmel/studio/7.0/toolchain/arm/arm-gnu-toolchain/bin/../lib/gcc/arm-none-eabi/6.3.1/../../../../arm-none-eabi/lib/thumb/v7e-m\libc.a(lib_a-signalr.o)
                0x00403f30                _kill_r
 .text._getpid_r
                0x00403f58        0x4 c:/program files (x86)/atmel/studio/7.0/toolchain/arm/arm-gnu-toolchain/bin/../lib/gcc/arm-none-eabi/6.3.1/../../../../arm-none-eabi/lib/thumb/v7e-m\libc.a(lib_a-signalr.o)
                0x00403f58                _getpid_r
 .text.__sread  0x00403f5c       0x24 c:/program files (x86)/atmel/studio/7.0/toolchain/arm/arm-gnu-toolchain/bin/../lib/gcc/arm-none-eabi/6.3.1/../../../../arm-none-eabi/lib/thumb/v7e-m\libc.a(lib_a-stdio.o)
                0x00403f5c                __sread
 .text.__swrite
                0x00403f80       0x3c c:/program files (x86)/atmel/studio/7.0/toolchain/arm/arm-gnu-toolchain/bin/../lib/gcc/arm-none-eabi/6.3.1/../../../../arm-none-eabi/lib/thumb/v7e-m\libc.a(lib_a-stdio.o)
                0x00403f80                __swrite
 .text.__sseek  0x00403fbc       0x20 c:/program files (x86)/atmel/studio/7.0/toolchain/arm/arm-gnu-toolchain/bin/../lib/gcc/arm-none-eabi/6.3.1/../../../../arm-none-eabi/lib/thumb/v7e-m\libc.a(lib_a-stdio.o)
                0x00403fbc                __sseek
 .text.__sclose
                0x00403fdc        0x8 c:/program files (x86)/atmel/studio/7.0/toolchain/arm/arm-gnu-toolchain/bin/../lib/gcc/arm-none-eabi/6.3.1/../../../../arm-none-eabi/lib/thumb/v7e-m\libc.a(lib_a-stdio.o)
                0x00403fdc                __sclose
 *fill*         0x00403fe4       0x1c 
 .text          0x00404000       0xdc c:/program files (x86)/atmel/studio/7.0/toolchain/arm/arm-gnu-toolchain/bin/../lib/gcc/arm-none-eabi/6.3.1/../../../../arm-none-eabi/lib/thumb/v7e-m\libc.a(lib_a-strlen.o)
                0x00404000                strlen
 .text.__swbuf_r
                0x004040dc       0xb0 c:/program files (x86)/atmel/studio/7.0/toolchain/arm/arm-gnu-toolchain/bin/../lib/gcc/arm-none-eabi/6.3.1/../../../../arm-none-eabi/lib/thumb/v7e-m\libc.a(lib_a-wbuf.o)
                0x004040dc                __swbuf_r
 .text._wcrtomb_r
                0x0040418c       0x54 c:/program files (x86)/atmel/studio/7.0/toolchain/arm/arm-gnu-toolchain/bin/../lib/gcc/arm-none-eabi/6.3.1/../../../../arm-none-eabi/lib/thumb/v7e-m\libc.a(lib_a-wcrtomb.o)
                0x0040418c                _wcrtomb_r
 .text.__ascii_wctomb
                0x004041e0       0x1c c:/program files (x86)/atmel/studio/7.0/toolchain/arm/arm-gnu-toolchain/bin/../lib/gcc/arm-none-eabi/6.3.1/../../../../arm-none-eabi/lib/thumb/v7e-m\libc.a(lib_a-wctomb_r.o)
                0x004041e0                __ascii_wctomb
 .text._write_r
                0x004041fc       0x2c c:/program files (x86)/atmel/studio/7.0/toolchain/arm/arm-gnu-toolchain/bin/../lib/gcc/arm-none-eabi/6.3.1/../../../../arm-none-eabi/lib/thumb/v7e-m\libc.a(lib_a-writer.o)
                0x004041fc                _write_r
 .text.__register_exitproc
                0x00404228       0xc4 c:/program files (x86)/atmel/studio/7.0/toolchain/arm/arm-gnu-toolchain/bin/../lib/gcc/arm-none-eabi/6.3.1/../../../../arm-none-eabi/lib/thumb/v7e-m\libc.a(lib_a-__atexit.o)
                0x00404228                __register_exitproc
 .text._close_r
                0x004042ec       0x24 c:/program files (x86)/atmel/studio/7.0/toolchain/arm/arm-gnu-toolchain/bin/../lib/gcc/arm-none-eabi/6.3.1/../../../../arm-none-eabi/lib/thumb/v7e-m\libc.a(lib_a-closer.o)
                0x004042ec                _close_r
 .text._fclose_r
                0x00404310       0xc4 c:/program files (x86)/atmel/studio/7.0/toolchain/arm/arm-gnu-toolchain/bin/../lib/gcc/arm-none-eabi/6.3.1/../../../../arm-none-eabi/lib/thumb/v7e-m\libc.a(lib_a-fclose.o)
                0x00404310                _fclose_r
 .text._fstat_r
                0x004043d4       0x28 c:/program files (x86)/atmel/studio/7.0/toolchain/arm/arm-gnu-toolchain/bin/../lib/gcc/arm-none-eabi/6.3.1/../../../../arm-none-eabi/lib/thumb/v7e-m\libc.a(lib_a-fstatr.o)
                0x004043d4                _fstat_r
 .text._isatty_r
                0x004043fc       0x24 c:/program files (x86)/atmel/studio/7.0/toolchain/arm/arm-gnu-toolchain/bin/../lib/gcc/arm-none-eabi/6.3.1/../../../../arm-none-eabi/lib/thumb/v7e-m\libc.a(lib_a-isattyr.o)
                0x004043fc                _isatty_r
 .text._lseek_r
                0x00404420       0x2c c:/program files (x86)/atmel/studio/7.0/toolchain/arm/arm-gnu-toolchain/bin/../lib/gcc/arm-none-eabi/6.3.1/../../../../arm-none-eabi/lib/thumb/v7e-m\libc.a(lib_a-lseekr.o)
                0x00404420                _lseek_r
 .text._read_r  0x0040444c       0x2c c:/program files (x86)/atmel/studio/7.0/toolchain/arm/arm-gnu-toolchain/bin/../lib/gcc/arm-none-eabi/6.3.1/../../../../arm-none-eabi/lib/thumb/v7e-m\libc.a(lib_a-readr.o)
                0x0040444c                _read_r
 .text          0x00404478       0x30 c:/program files (x86)/atmel/studio/7.0/toolchain/arm/arm-gnu-toolchain/bin/../lib/gcc/arm-none-eabi/6.3.1/thumb/v7e-m\libgcc.a(_aeabi_uldivmod.o)
                0x00404478                __aeabi_uldivmod
 .text          0x004044a8      0x2dc c:/program files (x86)/atmel/studio/7.0/toolchain/arm/arm-gnu-toolchain/bin/../lib/gcc/arm-none-eabi/6.3.1/thumb/v7e-m\libgcc.a(_udivmoddi4.o)
                0x004044a8                __udivmoddi4
 .text          0x00404784        0x4 c:/program files (x86)/atmel/studio/7.0/toolchain/arm/arm-gnu-toolchain/bin/../lib/gcc/arm-none-eabi/6.3.1/thumb/v7e-m\libgcc.a(_dvmd_tls.o)
                0x00404784                __aeabi_idiv0
                0x00404784                __aeabi_ldiv0
 *(.glue_7t)
 .glue_7t       0x00404788        0x0 linker stubs
 *(.glue_7)
 .glue_7        0x00404788        0x0 linker stubs
 *(.rodata .rodata* .gnu.linkonce.r.*)
 .rodata.__func__.5842
                0x00404788       0x1a blackboard/bb_port.o
 *fill*         0x004047a2        0x2 
 .rodata.__func__.5874
                0x004047a4       0x1a blackboard/bb_port.o
 *fill*         0x004047be        0x2 
 .rodata.bb_port_set_data_direct16.str1.4
                0x004047c0       0x38 blackboard/bb_port.o
 .rodata.bb_port_set_data_direct32.str1.4
                0x004047f8       0x16 blackboard/bb_port.o
 *fill*         0x0040480e        0x2 
 .rodata.can_spec_can_element_list
                0x00404810      0x1a4 blackboard/can_spec.o
                0x00404810                can_spec_can_element_list
 .rodata.str1.4
                0x004049b4      0x123 blackboard/can_spec.o
                                0x143 (size before relaxing)
 *fill*         0x00404ad7        0x1 
 .rodata.testSCMCallback.str1.4
                0x00404ad8       0x42 blackboard/scm_callbacks.o
 *fill*         0x00404b1a        0x2 
 .rodata.__func__.6478
                0x00404b1c        0xe blackboard/scm_can_trans.o
 *fill*         0x00404b2a        0x2 
 .rodata.scm_can_trans.str1.4
                0x00404b2c       0x44 blackboard/scm_can_trans.o
 .rodata.MCAN1_INT0_Handler.str1.4
                0x00404b70       0xc1 Driver/CanDriver.o
 *fill*         0x00404c31        0x3 
 .rodata.__assert_func.str1.4
                0x00404c34       0x3f c:/program files (x86)/atmel/studio/7.0/toolchain/arm/arm-gnu-toolchain/bin/../lib/gcc/arm-none-eabi/6.3.1/../../../../arm-none-eabi/lib/thumb/v7e-m\libc.a(lib_a-assert.o)
                                 0x43 (size before relaxing)
 *fill*         0x00404c73        0x1 
 .rodata._global_impure_ptr
                0x00404c74        0x4 c:/program files (x86)/atmel/studio/7.0/toolchain/arm/arm-gnu-toolchain/bin/../lib/gcc/arm-none-eabi/6.3.1/../../../../arm-none-eabi/lib/thumb/v7e-m\libc.a(lib_a-impure.o)
                0x00404c74                _global_impure_ptr
 .rodata._vfiprintf_r.str1.4
                0x00404c78       0x2f c:/program files (x86)/atmel/studio/7.0/toolchain/arm/arm-gnu-toolchain/bin/../lib/gcc/arm-none-eabi/6.3.1/../../../../arm-none-eabi/lib/thumb/v7e-m\libc.a(lib_a-vfiprintf.o)
 *fill*         0x00404ca7        0x1 
 .rodata.blanks.7217
                0x00404ca8       0x10 c:/program files (x86)/atmel/studio/7.0/toolchain/arm/arm-gnu-toolchain/bin/../lib/gcc/arm-none-eabi/6.3.1/../../../../arm-none-eabi/lib/thumb/v7e-m\libc.a(lib_a-vfiprintf.o)
 .rodata.zeroes.7218
                0x00404cb8       0x10 c:/program files (x86)/atmel/studio/7.0/toolchain/arm/arm-gnu-toolchain/bin/../lib/gcc/arm-none-eabi/6.3.1/../../../../arm-none-eabi/lib/thumb/v7e-m\libc.a(lib_a-vfiprintf.o)
 .rodata._setlocale_r.str1.4
                0x00404cc8        0xa c:/program files (x86)/atmel/studio/7.0/toolchain/arm/arm-gnu-toolchain/bin/../lib/gcc/arm-none-eabi/6.3.1/../../../../arm-none-eabi/lib/thumb/v7e-m\libc.a(lib_a-locale.o)
                                  0xd (size before relaxing)
 *fill*         0x00404cd2        0x2 
 .rodata.str1.4
                0x00404cd4        0x4 c:/program files (x86)/atmel/studio/7.0/toolchain/arm/arm-gnu-toolchain/bin/../lib/gcc/arm-none-eabi/6.3.1/../../../../arm-none-eabi/lib/thumb/v7e-m\libc.a(lib_a-locale.o)
                                  0x2 (size before relaxing)
 .rodata._ctype_
                0x00404cd8      0x101 c:/program files (x86)/atmel/studio/7.0/toolchain/arm/arm-gnu-toolchain/bin/../lib/gcc/arm-none-eabi/6.3.1/../../../../arm-none-eabi/lib/thumb/v7e-m\libc.a(lib_a-ctype_.o)
                0x00404cd8                _ctype_
 *(.ARM.extab* .gnu.linkonce.armextab.*)
                0x00404ddc                . = ALIGN (0x4)
 *fill*         0x00404dd9        0x3 
 *(.init)
 .init          0x00404ddc        0x4 c:/program files (x86)/atmel/studio/7.0/toolchain/arm/arm-gnu-toolchain/bin/../lib/gcc/arm-none-eabi/6.3.1/thumb/v7e-m/crti.o
                0x00404ddc                _init
 .init          0x00404de0        0x8 c:/program files (x86)/atmel/studio/7.0/toolchain/arm/arm-gnu-toolchain/bin/../lib/gcc/arm-none-eabi/6.3.1/thumb/v7e-m/crtn.o
                0x00404de8                . = ALIGN (0x4)
                0x00404de8                __preinit_array_start = .
 *(.preinit_array)
                0x00404de8                __preinit_array_end = .
                0x00404de8                . = ALIGN (0x4)
                0x00404de8                __init_array_start = .
 *(SORT(.init_array.*))
 .init_array.00000
                0x00404de8        0x4 c:/program files (x86)/atmel/studio/7.0/toolchain/arm/arm-gnu-toolchain/bin/../lib/gcc/arm-none-eabi/6.3.1/../../../../arm-none-eabi/lib/thumb/v7e-m\libc.a(lib_a-__call_atexit.o)
 *(.init_array)
 .init_array    0x00404dec        0x4 c:/program files (x86)/atmel/studio/7.0/toolchain/arm/arm-gnu-toolchain/bin/../lib/gcc/arm-none-eabi/6.3.1/thumb/v7e-m/crtbegin.o
                0x00404df0                __init_array_end = .
                0x00404df0                . = ALIGN (0x4)
 *crtbegin.o(.ctors)
 *(EXCLUDE_FILE(*crtend.o) .ctors)
 *(SORT(.ctors.*))
 *crtend.o(.ctors)
                0x00404df0                . = ALIGN (0x4)
 *(.fini)
 .fini          0x00404df0        0x4 c:/program files (x86)/atmel/studio/7.0/toolchain/arm/arm-gnu-toolchain/bin/../lib/gcc/arm-none-eabi/6.3.1/thumb/v7e-m/crti.o
                0x00404df0                _fini
 .fini          0x00404df4        0x8 c:/program files (x86)/atmel/studio/7.0/toolchain/arm/arm-gnu-toolchain/bin/../lib/gcc/arm-none-eabi/6.3.1/thumb/v7e-m/crtn.o
                0x00404dfc                . = ALIGN (0x4)
                0x00404dfc                __fini_array_start = .
 *(.fini_array)
 .fini_array    0x00404dfc        0x4 c:/program files (x86)/atmel/studio/7.0/toolchain/arm/arm-gnu-toolchain/bin/../lib/gcc/arm-none-eabi/6.3.1/thumb/v7e-m/crtbegin.o
 *(SORT(.fini_array.*))
                0x00404e00                __fini_array_end = .
 *crtbegin.o(.dtors)
 *(EXCLUDE_FILE(*crtend.o) .dtors)
 *(SORT(.dtors.*))
 *crtend.o(.dtors)
                0x00404e00                . = ALIGN (0x4)
                0x00404e00                _efixed = .
                [!provide]                PROVIDE (__exidx_start, .)

.vfp11_veneer   0x00404e00        0x0
 .vfp11_veneer  0x00404e00        0x0 linker stubs

.v4_bx          0x00404e00        0x0
 .v4_bx         0x00404e00        0x0 linker stubs

.iplt           0x00404e00        0x0
 .iplt          0x00404e00        0x0 c:/program files (x86)/atmel/studio/7.0/toolchain/arm/arm-gnu-toolchain/bin/../lib/gcc/arm-none-eabi/6.3.1/thumb/v7e-m/crtbegin.o

.ARM.exidx      0x00404e00        0x8
 *(.ARM.exidx* .gnu.linkonce.armexidx.*)
 .ARM.exidx     0x00404e00        0x8 c:/program files (x86)/atmel/studio/7.0/toolchain/arm/arm-gnu-toolchain/bin/../lib/gcc/arm-none-eabi/6.3.1/thumb/v7e-m\libgcc.a(_udivmoddi4.o)
                [!provide]                PROVIDE (__exidx_end, .)

.eh_frame       0x00404e08        0x0
 .eh_frame      0x00404e08        0x0 c:/program files (x86)/atmel/studio/7.0/toolchain/arm/arm-gnu-toolchain/bin/../lib/gcc/arm-none-eabi/6.3.1/thumb/v7e-m/crtbegin.o

.rel.dyn        0x00404e08        0x0
 .rel.iplt      0x00404e08        0x0 c:/program files (x86)/atmel/studio/7.0/toolchain/arm/arm-gnu-toolchain/bin/../lib/gcc/arm-none-eabi/6.3.1/thumb/v7e-m/crtbegin.o

.jcr            0x00404e08        0x0
 .jcr           0x00404e08        0x0 c:/program files (x86)/atmel/studio/7.0/toolchain/arm/arm-gnu-toolchain/bin/../lib/gcc/arm-none-eabi/6.3.1/thumb/v7e-m/crtbegin.o

.igot.plt       0x00404e08        0x0
 .igot.plt      0x00404e08        0x0 c:/program files (x86)/atmel/studio/7.0/toolchain/arm/arm-gnu-toolchain/bin/../lib/gcc/arm-none-eabi/6.3.1/thumb/v7e-m/crtbegin.o
                0x00404e08                . = ALIGN (0x4)
                0x00404e08                _etext = .

.relocate       0x20400000      0x9c0 load address 0x00404e08
                0x20400000                . = ALIGN (0x4)
                0x20400000                _srelocate = .
 *(.ramfunc .ramfunc.*)
 *(.data .data.*)
 .data.icanHazTxers.8832
                0x20400000        0x8 blackboard/can_tx_processor.o
 .data.hackyStickyCounter
                0x20400008        0x4 blackboard/scm_callbacks.o
 .data.g_interrupt_enabled
                0x2040000c        0x1 src/ASF/common/utils/interrupt/interrupt_sam_nvic.o
                0x2040000c                g_interrupt_enabled
 *fill*         0x2040000d        0x3 
 .data.SystemCoreClock
                0x20400010        0x4 src/ASF/sam/utils/cmsis/samv71/source/templates/system_samv71.o
                0x20400010                SystemCoreClock
 .data._impure_ptr
                0x20400014        0x4 c:/program files (x86)/atmel/studio/7.0/toolchain/arm/arm-gnu-toolchain/bin/../lib/gcc/arm-none-eabi/6.3.1/../../../../arm-none-eabi/lib/thumb/v7e-m\libc.a(lib_a-impure.o)
                0x20400014                _impure_ptr
 .data.impure_data
                0x20400018      0x428 c:/program files (x86)/atmel/studio/7.0/toolchain/arm/arm-gnu-toolchain/bin/../lib/gcc/arm-none-eabi/6.3.1/../../../../arm-none-eabi/lib/thumb/v7e-m\libc.a(lib_a-impure.o)
 .data.__atexit_recursive_mutex
                0x20400440        0x4 c:/program files (x86)/atmel/studio/7.0/toolchain/arm/arm-gnu-toolchain/bin/../lib/gcc/arm-none-eabi/6.3.1/../../../../arm-none-eabi/lib/thumb/v7e-m\libc.a(lib_a-__call_atexit.o)
                0x20400440                __atexit_recursive_mutex
 .data.__global_locale
                0x20400444      0x16c c:/program files (x86)/atmel/studio/7.0/toolchain/arm/arm-gnu-toolchain/bin/../lib/gcc/arm-none-eabi/6.3.1/../../../../arm-none-eabi/lib/thumb/v7e-m\libc.a(lib_a-locale.o)
                0x20400444                __global_locale
 .data.__malloc_av_
                0x204005b0      0x408 c:/program files (x86)/atmel/studio/7.0/toolchain/arm/arm-gnu-toolchain/bin/../lib/gcc/arm-none-eabi/6.3.1/../../../../arm-none-eabi/lib/thumb/v7e-m\libc.a(lib_a-mallocr.o)
                0x204005b0                __malloc_av_
 .data.__malloc_sbrk_base
                0x204009b8        0x4 c:/program files (x86)/atmel/studio/7.0/toolchain/arm/arm-gnu-toolchain/bin/../lib/gcc/arm-none-eabi/6.3.1/../../../../arm-none-eabi/lib/thumb/v7e-m\libc.a(lib_a-mallocr.o)
                0x204009b8                __malloc_sbrk_base
 .data.__malloc_trim_threshold
                0x204009bc        0x4 c:/program files (x86)/atmel/studio/7.0/toolchain/arm/arm-gnu-toolchain/bin/../lib/gcc/arm-none-eabi/6.3.1/../../../../arm-none-eabi/lib/thumb/v7e-m\libc.a(lib_a-mallocr.o)
                0x204009bc                __malloc_trim_threshold
                0x204009c0                . = ALIGN (0x4)
                0x204009c0                _erelocate = .

.bss            0x204009c0      0xb10 load address 0x004057c8
                0x204009c0                . = ALIGN (0x4)
                0x204009c0                _sbss = .
                0x204009c0                _szero = .
 *(.bss .bss.*)
 .bss           0x204009c0       0x1c c:/program files (x86)/atmel/studio/7.0/toolchain/arm/arm-gnu-toolchain/bin/../lib/gcc/arm-none-eabi/6.3.1/thumb/v7e-m/crtbegin.o
 .bss.theBB.5586
                0x204009dc       0x70 blackboard/blackboard.o
 .bss.bbtxProc  0x20400a4c        0xc blackboard/can_tx_processor.o
 .bss.prevTicks
                0x20400a58        0x4 blackboard/can_tx_processor.o
 .bss.sleepTicks
                0x20400a5c        0x4 blackboard/can_tx_processor.o
 .bss.currentCount.5495
                0x20400a60        0x2 Driver/message_ctrl.o
 *fill*         0x20400a62        0x2 
 .bss.mcan_instance
                0x20400a64        0x4 Driver/CanDriver.o
 .bss.mcan0_rx_buffer
                0x20400a68      0x100 src/ASF/sam/drivers/mcan/mcan.o
 .bss.mcan0_rx_extended_filter
                0x20400b68       0x80 src/ASF/sam/drivers/mcan/mcan.o
 .bss.mcan0_rx_fifo_0
                0x20400be8      0x100 src/ASF/sam/drivers/mcan/mcan.o
 .bss.mcan0_rx_fifo_1
                0x20400ce8      0x100 src/ASF/sam/drivers/mcan/mcan.o
 .bss.mcan0_rx_standard_filter
                0x20400de8       0x80 src/ASF/sam/drivers/mcan/mcan.o
 .bss.mcan0_tx_buffer
                0x20400e68       0x80 src/ASF/sam/drivers/mcan/mcan.o
 .bss.mcan0_tx_event_fifo
                0x20400ee8       0x40 src/ASF/sam/drivers/mcan/mcan.o
 .bss.mcan1_rx_buffer
                0x20400f28      0x100 src/ASF/sam/drivers/mcan/mcan.o
 .bss.mcan1_rx_extended_filter
                0x20401028       0x80 src/ASF/sam/drivers/mcan/mcan.o
 .bss.mcan1_rx_fifo_0
                0x204010a8      0x100 src/ASF/sam/drivers/mcan/mcan.o
 .bss.mcan1_rx_fifo_1
                0x204011a8      0x100 src/ASF/sam/drivers/mcan/mcan.o
 .bss.mcan1_rx_standard_filter
                0x204012a8       0x80 src/ASF/sam/drivers/mcan/mcan.o
 .bss.mcan1_tx_buffer
                0x20401328       0x80 src/ASF/sam/drivers/mcan/mcan.o
 .bss.mcan1_tx_event_fifo
                0x204013a8       0x40 src/ASF/sam/drivers/mcan/mcan.o
 .bss.gs_interrupt_sources
                0x204013e8       0x70 src/ASF/sam/drivers/pio/pio_handler.o
 .bss.ul_reg_val.9529
                0x20401458        0x4 src/ASF/sam/drivers/usart/usart.o
 .bss.heap.6420
                0x2040145c        0x4 src/ASF/sam/utils/syscalls/gcc/syscalls.o
 .bss.g_tickCount
                0x20401460        0x4 src/qs_mcan_basic.o
                0x20401460                g_tickCount
 .bss.g_tx_tick_count_ms
                0x20401464        0x4 src/qs_mcan_basic.o
                0x20401464                g_tx_tick_count_ms
 .bss.__malloc_current_mallinfo
                0x20401468       0x28 c:/program files (x86)/atmel/studio/7.0/toolchain/arm/arm-gnu-toolchain/bin/../lib/gcc/arm-none-eabi/6.3.1/../../../../arm-none-eabi/lib/thumb/v7e-m\libc.a(lib_a-mallocr.o)
                0x20401468                __malloc_current_mallinfo
 .bss.__malloc_max_sbrked_mem
                0x20401490        0x4 c:/program files (x86)/atmel/studio/7.0/toolchain/arm/arm-gnu-toolchain/bin/../lib/gcc/arm-none-eabi/6.3.1/../../../../arm-none-eabi/lib/thumb/v7e-m\libc.a(lib_a-mallocr.o)
                0x20401490                __malloc_max_sbrked_mem
 .bss.__malloc_max_total_mem
                0x20401494        0x4 c:/program files (x86)/atmel/studio/7.0/toolchain/arm/arm-gnu-toolchain/bin/../lib/gcc/arm-none-eabi/6.3.1/../../../../arm-none-eabi/lib/thumb/v7e-m\libc.a(lib_a-mallocr.o)
                0x20401494                __malloc_max_total_mem
 .bss.__malloc_top_pad
                0x20401498        0x4 c:/program files (x86)/atmel/studio/7.0/toolchain/arm/arm-gnu-toolchain/bin/../lib/gcc/arm-none-eabi/6.3.1/../../../../arm-none-eabi/lib/thumb/v7e-m\libc.a(lib_a-mallocr.o)
                0x20401498                __malloc_top_pad
 *(COMMON)
 COMMON         0x2040149c        0x4 src/ASF/common/utils/stdio/read.o
                0x2040149c                ptr_get
 COMMON         0x204014a0        0x8 src/ASF/common/utils/stdio/write.o
                0x204014a0                ptr_put
                0x204014a4                stdio_base
 COMMON         0x204014a8       0x21 c:/program files (x86)/atmel/studio/7.0/toolchain/arm/arm-gnu-toolchain/bin/../lib/gcc/arm-none-eabi/6.3.1/../../../../arm-none-eabi/lib/thumb/v7e-m\libc.a(lib_a-lock.o)
                0x204014a8                __lock___atexit_recursive_mutex
                0x204014ac                __lock___arc4random_mutex
                0x204014b0                __lock___env_recursive_mutex
                0x204014b4                __lock___sinit_recursive_mutex
                0x204014b8                __lock___malloc_recursive_mutex
                0x204014bc                __lock___at_quick_exit_mutex
                0x204014c0                __lock___dd_hash_mutex
                0x204014c4                __lock___tz_mutex
                0x204014c8                __lock___sfp_recursive_mutex
 *fill*         0x204014c9        0x3 
 COMMON         0x204014cc        0x4 c:/program files (x86)/atmel/studio/7.0/toolchain/arm/arm-gnu-toolchain/bin/../lib/gcc/arm-none-eabi/6.3.1/../../../../arm-none-eabi/lib/thumb/v7e-m\libc.a(lib_a-reent.o)
                0x204014cc                errno
                0x204014d0                . = ALIGN (0x4)
                0x204014d0                _ebss = .
                0x204014d0                _ezero = .

.stack          0x204014d0     0x2000 load address 0x004062d8
                0x204014d0                . = ALIGN (0x8)
                0x204014d0                _sstack = .
                0x204034d0                . = (. + STACK_SIZE)
 *fill*         0x204014d0     0x2000 
                0x204034d0                . = ALIGN (0x8)
                0x204034d0                _estack = .

.heap           0x204034d0      0x200 load address 0x004082d8
                0x204034d0                . = ALIGN (0x8)
                0x204034d0                _sheap = .
                0x204036d0                . = (. + HEAP_SIZE)
 *fill*         0x204034d0      0x200 
                0x204036d0                . = ALIGN (0x8)
                0x204036d0                _eheap = .
                0x204036d0                . = ALIGN (0x4)
                0x204036d0                _end = .
                0x2045ffff                _ram_end_ = ((ORIGIN (ram) + LENGTH (ram)) - 0x1)
OUTPUT(MCAN_Test.elf elf32-littlearm)

.ARM.attributes
                0x00000000       0x2e
 .ARM.attributes
                0x00000000       0x1e c:/program files (x86)/atmel/studio/7.0/toolchain/arm/arm-gnu-toolchain/bin/../lib/gcc/arm-none-eabi/6.3.1/thumb/v7e-m/crti.o
 .ARM.attributes
                0x0000001e       0x2e c:/program files (x86)/atmel/studio/7.0/toolchain/arm/arm-gnu-toolchain/bin/../lib/gcc/arm-none-eabi/6.3.1/thumb/v7e-m/crtbegin.o
 .ARM.attributes
                0x0000004c       0x37 bbcore/cc/bb_elem.o
 .ARM.attributes
                0x00000083       0x37 bbcore/cc/bb_tx_proc.o
 .ARM.attributes
                0x000000ba       0x37 bbcore/cc/can_elem.o
 .ARM.attributes
                0x000000f1       0x37 blackboard/bb_port.o
 .ARM.attributes
                0x00000128       0x37 blackboard/blackboard.o
 .ARM.attributes
                0x0000015f       0x37 blackboard/can_spec.o
 .ARM.attributes
                0x00000196       0x37 blackboard/can_tx_processor.o
 .ARM.attributes
                0x000001cd       0x37 blackboard/scm_callbacks.o
 .ARM.attributes
                0x00000204       0x37 Driver/message_ctrl.o
 .ARM.attributes
                0x0000023b       0x37 blackboard/scm_can_trans.o
 .ARM.attributes
                0x00000272       0x37 Driver/CanDriver.o
 .ARM.attributes
                0x000002a9       0x37 src/ASF/common/services/clock/samv71/sysclk.o
 .ARM.attributes
                0x000002e0       0x37 src/ASF/common/utils/interrupt/interrupt_sam_nvic.o
 .ARM.attributes
                0x00000317       0x37 src/ASF/common/utils/stdio/read.o
 .ARM.attributes
                0x0000034e       0x37 src/ASF/common/utils/stdio/write.o
 .ARM.attributes
                0x00000385       0x37 src/ASF/sam/boards/samv71_xplained_ultra/init.o
 .ARM.attributes
                0x000003bc       0x37 src/ASF/sam/drivers/mcan/mcan.o
 .ARM.attributes
                0x000003f3       0x37 src/ASF/sam/drivers/pio/pio.o
 .ARM.attributes
                0x0000042a       0x37 src/ASF/sam/drivers/pio/pio_handler.o
 .ARM.attributes
                0x00000461       0x37 src/ASF/sam/drivers/pmc/pmc.o
 .ARM.attributes
                0x00000498       0x37 src/ASF/sam/drivers/uart/uart.o
 .ARM.attributes
                0x000004cf       0x37 src/ASF/sam/drivers/usart/usart.o
 .ARM.attributes
                0x00000506       0x37 src/ASF/sam/utils/cmsis/samv71/source/templates/gcc/startup_samv71.o
 .ARM.attributes
                0x0000053d       0x37 src/ASF/sam/utils/cmsis/samv71/source/templates/system_samv71.o
 .ARM.attributes
                0x00000574       0x37 src/ASF/sam/utils/syscalls/gcc/syscalls.o
 .ARM.attributes
                0x000005ab       0x37 src/qs_mcan_basic.o
 .ARM.attributes
                0x000005e2       0x2e c:/program files (x86)/atmel/studio/7.0/toolchain/arm/arm-gnu-toolchain/bin/../lib/gcc/arm-none-eabi/6.3.1/../../../../arm-none-eabi/lib/thumb/v7e-m\libc.a(lib_a-assert.o)
 .ARM.attributes
                0x00000610       0x2e c:/program files (x86)/atmel/studio/7.0/toolchain/arm/arm-gnu-toolchain/bin/../lib/gcc/arm-none-eabi/6.3.1/../../../../arm-none-eabi/lib/thumb/v7e-m\libc.a(lib_a-fiprintf.o)
 .ARM.attributes
                0x0000063e       0x2e c:/program files (x86)/atmel/studio/7.0/toolchain/arm/arm-gnu-toolchain/bin/../lib/gcc/arm-none-eabi/6.3.1/../../../../arm-none-eabi/lib/thumb/v7e-m\libc.a(lib_a-impure.o)
 .ARM.attributes
                0x0000066c       0x2e c:/program files (x86)/atmel/studio/7.0/toolchain/arm/arm-gnu-toolchain/bin/../lib/gcc/arm-none-eabi/6.3.1/../../../../arm-none-eabi/lib/thumb/v7e-m\libc.a(lib_a-init.o)
 .ARM.attributes
                0x0000069a       0x2e c:/program files (x86)/atmel/studio/7.0/toolchain/arm/arm-gnu-toolchain/bin/../lib/gcc/arm-none-eabi/6.3.1/../../../../arm-none-eabi/lib/thumb/v7e-m\libc.a(lib_a-iprintf.o)
 .ARM.attributes
                0x000006c8       0x1c c:/program files (x86)/atmel/studio/7.0/toolchain/arm/arm-gnu-toolchain/bin/../lib/gcc/arm-none-eabi/6.3.1/../../../../arm-none-eabi/lib/thumb/v7e-m\libc.a(lib_a-memcpy.o)
 .ARM.attributes
                0x000006e4       0x2e c:/program files (x86)/atmel/studio/7.0/toolchain/arm/arm-gnu-toolchain/bin/../lib/gcc/arm-none-eabi/6.3.1/../../../../arm-none-eabi/lib/thumb/v7e-m\libc.a(lib_a-memset.o)
 .ARM.attributes
                0x00000712       0x2e c:/program files (x86)/atmel/studio/7.0/toolchain/arm/arm-gnu-toolchain/bin/../lib/gcc/arm-none-eabi/6.3.1/../../../../arm-none-eabi/lib/thumb/v7e-m\libc.a(lib_a-setbuf.o)
 .ARM.attributes
                0x00000740       0x2e c:/program files (x86)/atmel/studio/7.0/toolchain/arm/arm-gnu-toolchain/bin/../lib/gcc/arm-none-eabi/6.3.1/../../../../arm-none-eabi/lib/thumb/v7e-m\libc.a(lib_a-setvbuf.o)
 .ARM.attributes
                0x0000076e       0x2e c:/program files (x86)/atmel/studio/7.0/toolchain/arm/arm-gnu-toolchain/bin/../lib/gcc/arm-none-eabi/6.3.1/../../../../arm-none-eabi/lib/thumb/v7e-m\libc.a(lib_a-vfiprintf.o)
 .ARM.attributes
                0x0000079c       0x2e c:/program files (x86)/atmel/studio/7.0/toolchain/arm/arm-gnu-toolchain/bin/../lib/gcc/arm-none-eabi/6.3.1/../../../../arm-none-eabi/lib/thumb/v7e-m\libc.a(lib_a-wsetup.o)
 .ARM.attributes
                0x000007ca       0x2e c:/program files (x86)/atmel/studio/7.0/toolchain/arm/arm-gnu-toolchain/bin/../lib/gcc/arm-none-eabi/6.3.1/../../../../arm-none-eabi/lib/thumb/v7e-m\libc.a(lib_a-__call_atexit.o)
 .ARM.attributes
                0x000007f8       0x2e c:/program files (x86)/atmel/studio/7.0/toolchain/arm/arm-gnu-toolchain/bin/../lib/gcc/arm-none-eabi/6.3.1/../../../../arm-none-eabi/lib/thumb/v7e-m\libc.a(lib_a-abort.o)
 .ARM.attributes
                0x00000826       0x2e c:/program files (x86)/atmel/studio/7.0/toolchain/arm/arm-gnu-toolchain/bin/../lib/gcc/arm-none-eabi/6.3.1/../../../../arm-none-eabi/lib/thumb/v7e-m\libc.a(lib_a-atexit.o)
 .ARM.attributes
                0x00000854       0x2e c:/program files (x86)/atmel/studio/7.0/toolchain/arm/arm-gnu-toolchain/bin/../lib/gcc/arm-none-eabi/6.3.1/../../../../arm-none-eabi/lib/thumb/v7e-m\libc.a(lib_a-fflush.o)
 .ARM.attributes
                0x00000882       0x2e c:/program files (x86)/atmel/studio/7.0/toolchain/arm/arm-gnu-toolchain/bin/../lib/gcc/arm-none-eabi/6.3.1/../../../../arm-none-eabi/lib/thumb/v7e-m\libc.a(lib_a-findfp.o)
 .ARM.attributes
                0x000008b0       0x2e c:/program files (x86)/atmel/studio/7.0/toolchain/arm/arm-gnu-toolchain/bin/../lib/gcc/arm-none-eabi/6.3.1/../../../../arm-none-eabi/lib/thumb/v7e-m\libc.a(lib_a-fini.o)
 .ARM.attributes
                0x000008de       0x2e c:/program files (x86)/atmel/studio/7.0/toolchain/arm/arm-gnu-toolchain/bin/../lib/gcc/arm-none-eabi/6.3.1/../../../../arm-none-eabi/lib/thumb/v7e-m\libc.a(lib_a-fputwc.o)
 .ARM.attributes
                0x0000090c       0x2e c:/program files (x86)/atmel/studio/7.0/toolchain/arm/arm-gnu-toolchain/bin/../lib/gcc/arm-none-eabi/6.3.1/../../../../arm-none-eabi/lib/thumb/v7e-m\libc.a(lib_a-freer.o)
 .ARM.attributes
                0x0000093a       0x2e c:/program files (x86)/atmel/studio/7.0/toolchain/arm/arm-gnu-toolchain/bin/../lib/gcc/arm-none-eabi/6.3.1/../../../../arm-none-eabi/lib/thumb/v7e-m\libc.a(lib_a-fvwrite.o)
 .ARM.attributes
                0x00000968       0x2e c:/program files (x86)/atmel/studio/7.0/toolchain/arm/arm-gnu-toolchain/bin/../lib/gcc/arm-none-eabi/6.3.1/../../../../arm-none-eabi/lib/thumb/v7e-m\libc.a(lib_a-fwalk.o)
 .ARM.attributes
                0x00000996       0x2e c:/program files (x86)/atmel/studio/7.0/toolchain/arm/arm-gnu-toolchain/bin/../lib/gcc/arm-none-eabi/6.3.1/../../../../arm-none-eabi/lib/thumb/v7e-m\libc.a(lib_a-locale.o)
 .ARM.attributes
                0x000009c4       0x2e c:/program files (x86)/atmel/studio/7.0/toolchain/arm/arm-gnu-toolchain/bin/../lib/gcc/arm-none-eabi/6.3.1/../../../../arm-none-eabi/lib/thumb/v7e-m\libc.a(lib_a-lock.o)
 .ARM.attributes
                0x000009f2       0x2e c:/program files (x86)/atmel/studio/7.0/toolchain/arm/arm-gnu-toolchain/bin/../lib/gcc/arm-none-eabi/6.3.1/../../../../arm-none-eabi/lib/thumb/v7e-m\libc.a(lib_a-makebuf.o)
 .ARM.attributes
                0x00000a20       0x2e c:/program files (x86)/atmel/studio/7.0/toolchain/arm/arm-gnu-toolchain/bin/../lib/gcc/arm-none-eabi/6.3.1/../../../../arm-none-eabi/lib/thumb/v7e-m\libc.a(lib_a-malloc.o)
 .ARM.attributes
                0x00000a4e       0x2e c:/program files (x86)/atmel/studio/7.0/toolchain/arm/arm-gnu-toolchain/bin/../lib/gcc/arm-none-eabi/6.3.1/../../../../arm-none-eabi/lib/thumb/v7e-m\libc.a(lib_a-mallocr.o)
 .ARM.attributes
                0x00000a7c       0x2e c:/program files (x86)/atmel/studio/7.0/toolchain/arm/arm-gnu-toolchain/bin/../lib/gcc/arm-none-eabi/6.3.1/../../../../arm-none-eabi/lib/thumb/v7e-m\libc.a(lib_a-mbtowc_r.o)
 .ARM.attributes
                0x00000aaa       0x1c c:/program files (x86)/atmel/studio/7.0/toolchain/arm/arm-gnu-toolchain/bin/../lib/gcc/arm-none-eabi/6.3.1/../../../../arm-none-eabi/lib/thumb/v7e-m\libc.a(lib_a-memchr.o)
 .ARM.attributes
                0x00000ac6       0x2e c:/program files (x86)/atmel/studio/7.0/toolchain/arm/arm-gnu-toolchain/bin/../lib/gcc/arm-none-eabi/6.3.1/../../../../arm-none-eabi/lib/thumb/v7e-m\libc.a(lib_a-memmove.o)
 .ARM.attributes
                0x00000af4       0x2e c:/program files (x86)/atmel/studio/7.0/toolchain/arm/arm-gnu-toolchain/bin/../lib/gcc/arm-none-eabi/6.3.1/../../../../arm-none-eabi/lib/thumb/v7e-m\libc.a(lib_a-mlock.o)
 .ARM.attributes
                0x00000b22       0x2e c:/program files (x86)/atmel/studio/7.0/toolchain/arm/arm-gnu-toolchain/bin/../lib/gcc/arm-none-eabi/6.3.1/../../../../arm-none-eabi/lib/thumb/v7e-m\libc.a(lib_a-reallocr.o)
 .ARM.attributes
                0x00000b50       0x2e c:/program files (x86)/atmel/studio/7.0/toolchain/arm/arm-gnu-toolchain/bin/../lib/gcc/arm-none-eabi/6.3.1/../../../../arm-none-eabi/lib/thumb/v7e-m\libc.a(lib_a-sbrkr.o)
 .ARM.attributes
                0x00000b7e       0x2e c:/program files (x86)/atmel/studio/7.0/toolchain/arm/arm-gnu-toolchain/bin/../lib/gcc/arm-none-eabi/6.3.1/../../../../arm-none-eabi/lib/thumb/v7e-m\libc.a(lib_a-signal.o)
 .ARM.attributes
                0x00000bac       0x2e c:/program files (x86)/atmel/studio/7.0/toolchain/arm/arm-gnu-toolchain/bin/../lib/gcc/arm-none-eabi/6.3.1/../../../../arm-none-eabi/lib/thumb/v7e-m\libc.a(lib_a-signalr.o)
 .ARM.attributes
                0x00000bda       0x2e c:/program files (x86)/atmel/studio/7.0/toolchain/arm/arm-gnu-toolchain/bin/../lib/gcc/arm-none-eabi/6.3.1/../../../../arm-none-eabi/lib/thumb/v7e-m\libc.a(lib_a-stdio.o)
 .ARM.attributes
                0x00000c08       0x1c c:/program files (x86)/atmel/studio/7.0/toolchain/arm/arm-gnu-toolchain/bin/../lib/gcc/arm-none-eabi/6.3.1/../../../../arm-none-eabi/lib/thumb/v7e-m\libc.a(lib_a-strlen.o)
 .ARM.attributes
                0x00000c24       0x2e c:/program files (x86)/atmel/studio/7.0/toolchain/arm/arm-gnu-toolchain/bin/../lib/gcc/arm-none-eabi/6.3.1/../../../../arm-none-eabi/lib/thumb/v7e-m\libc.a(lib_a-wbuf.o)
 .ARM.attributes
                0x00000c52       0x2e c:/program files (x86)/atmel/studio/7.0/toolchain/arm/arm-gnu-toolchain/bin/../lib/gcc/arm-none-eabi/6.3.1/../../../../arm-none-eabi/lib/thumb/v7e-m\libc.a(lib_a-wcrtomb.o)
 .ARM.attributes
                0x00000c80       0x2e c:/program files (x86)/atmel/studio/7.0/toolchain/arm/arm-gnu-toolchain/bin/../lib/gcc/arm-none-eabi/6.3.1/../../../../arm-none-eabi/lib/thumb/v7e-m\libc.a(lib_a-wctomb_r.o)
 .ARM.attributes
                0x00000cae       0x2e c:/program files (x86)/atmel/studio/7.0/toolchain/arm/arm-gnu-toolchain/bin/../lib/gcc/arm-none-eabi/6.3.1/../../../../arm-none-eabi/lib/thumb/v7e-m\libc.a(lib_a-writer.o)
 .ARM.attributes
                0x00000cdc       0x2e c:/program files (x86)/atmel/studio/7.0/toolchain/arm/arm-gnu-toolchain/bin/../lib/gcc/arm-none-eabi/6.3.1/../../../../arm-none-eabi/lib/thumb/v7e-m\libc.a(lib_a-__atexit.o)
 .ARM.attributes
                0x00000d0a       0x2e c:/program files (x86)/atmel/studio/7.0/toolchain/arm/arm-gnu-toolchain/bin/../lib/gcc/arm-none-eabi/6.3.1/../../../../arm-none-eabi/lib/thumb/v7e-m\libc.a(lib_a-closer.o)
 .ARM.attributes
                0x00000d38       0x2e c:/program files (x86)/atmel/studio/7.0/toolchain/arm/arm-gnu-toolchain/bin/../lib/gcc/arm-none-eabi/6.3.1/../../../../arm-none-eabi/lib/thumb/v7e-m\libc.a(lib_a-ctype_.o)
 .ARM.attributes
                0x00000d66       0x2e c:/program files (x86)/atmel/studio/7.0/toolchain/arm/arm-gnu-toolchain/bin/../lib/gcc/arm-none-eabi/6.3.1/../../../../arm-none-eabi/lib/thumb/v7e-m\libc.a(lib_a-fclose.o)
 .ARM.attributes
                0x00000d94       0x2e c:/program files (x86)/atmel/studio/7.0/toolchain/arm/arm-gnu-toolchain/bin/../lib/gcc/arm-none-eabi/6.3.1/../../../../arm-none-eabi/lib/thumb/v7e-m\libc.a(lib_a-fstatr.o)
 .ARM.attributes
                0x00000dc2       0x2e c:/program files (x86)/atmel/studio/7.0/toolchain/arm/arm-gnu-toolchain/bin/../lib/gcc/arm-none-eabi/6.3.1/../../../../arm-none-eabi/lib/thumb/v7e-m\libc.a(lib_a-isattyr.o)
 .ARM.attributes
                0x00000df0       0x2e c:/program files (x86)/atmel/studio/7.0/toolchain/arm/arm-gnu-toolchain/bin/../lib/gcc/arm-none-eabi/6.3.1/../../../../arm-none-eabi/lib/thumb/v7e-m\libc.a(lib_a-lseekr.o)
 .ARM.attributes
                0x00000e1e       0x2e c:/program files (x86)/atmel/studio/7.0/toolchain/arm/arm-gnu-toolchain/bin/../lib/gcc/arm-none-eabi/6.3.1/../../../../arm-none-eabi/lib/thumb/v7e-m\libc.a(lib_a-readr.o)
 .ARM.attributes
                0x00000e4c       0x2e c:/program files (x86)/atmel/studio/7.0/toolchain/arm/arm-gnu-toolchain/bin/../lib/gcc/arm-none-eabi/6.3.1/../../../../arm-none-eabi/lib/thumb/v7e-m\libc.a(lib_a-reent.o)
 .ARM.attributes
                0x00000e7a       0x1e c:/program files (x86)/atmel/studio/7.0/toolchain/arm/arm-gnu-toolchain/bin/../lib/gcc/arm-none-eabi/6.3.1/thumb/v7e-m\libgcc.a(_aeabi_uldivmod.o)
 .ARM.attributes
                0x00000e98       0x2e c:/program files (x86)/atmel/studio/7.0/toolchain/arm/arm-gnu-toolchain/bin/../lib/gcc/arm-none-eabi/6.3.1/thumb/v7e-m\libgcc.a(_udivmoddi4.o)
 .ARM.attributes
                0x00000ec6       0x1e c:/program files (x86)/atmel/studio/7.0/toolchain/arm/arm-gnu-toolchain/bin/../lib/gcc/arm-none-eabi/6.3.1/thumb/v7e-m\libgcc.a(_dvmd_tls.o)
 .ARM.attributes
                0x00000ee4       0x1e c:/program files (x86)/atmel/studio/7.0/toolchain/arm/arm-gnu-toolchain/bin/../lib/gcc/arm-none-eabi/6.3.1/thumb/v7e-m/crtn.o

.comment        0x00000000       0x59
 .comment       0x00000000       0x59 bbcore/cc/bb_elem.o
                                 0x5a (size before relaxing)
 .comment       0x00000059       0x5a bbcore/cc/bb_tx_proc.o
 .comment       0x00000059       0x5a bbcore/cc/can_elem.o
 .comment       0x00000059       0x5a blackboard/bb_port.o
 .comment       0x00000059       0x5a blackboard/blackboard.o
 .comment       0x00000059       0x5a blackboard/can_spec.o
 .comment       0x00000059       0x5a blackboard/can_tx_processor.o
 .comment       0x00000059       0x5a blackboard/scm_callbacks.o
 .comment       0x00000059       0x5a Driver/message_ctrl.o
 .comment       0x00000059       0x5a blackboard/scm_can_trans.o
 .comment       0x00000059       0x5a Driver/CanDriver.o
 .comment       0x00000059       0x5a src/ASF/common/services/clock/samv71/sysclk.o
 .comment       0x00000059       0x5a src/ASF/common/utils/interrupt/interrupt_sam_nvic.o
 .comment       0x00000059       0x5a src/ASF/common/utils/stdio/read.o
 .comment       0x00000059       0x5a src/ASF/common/utils/stdio/write.o
 .comment       0x00000059       0x5a src/ASF/sam/boards/samv71_xplained_ultra/init.o
 .comment       0x00000059       0x5a src/ASF/sam/drivers/mcan/mcan.o
 .comment       0x00000059       0x5a src/ASF/sam/drivers/pio/pio.o
 .comment       0x00000059       0x5a src/ASF/sam/drivers/pio/pio_handler.o
 .comment       0x00000059       0x5a src/ASF/sam/drivers/pmc/pmc.o
 .comment       0x00000059       0x5a src/ASF/sam/drivers/uart/uart.o
 .comment       0x00000059       0x5a src/ASF/sam/drivers/usart/usart.o
 .comment       0x00000059       0x5a src/ASF/sam/utils/cmsis/samv71/source/templates/gcc/startup_samv71.o
 .comment       0x00000059       0x5a src/ASF/sam/utils/cmsis/samv71/source/templates/system_samv71.o
 .comment       0x00000059       0x5a src/ASF/sam/utils/syscalls/gcc/syscalls.o
 .comment       0x00000059       0x5a src/qs_mcan_basic.o

.debug_info     0x00000000    0x1e0e6
 .debug_info    0x00000000      0xbbd bbcore/cc/bb_elem.o
 .debug_info    0x00000bbd     0x1285 bbcore/cc/bb_tx_proc.o
 .debug_info    0x00001e42      0x477 bbcore/cc/can_elem.o
 .debug_info    0x000022b9     0x116f blackboard/bb_port.o
 .debug_info    0x00003428     0x1457 blackboard/blackboard.o
 .debug_info    0x0000487f      0x33b blackboard/can_spec.o
 .debug_info    0x00004bba      0xe3f blackboard/can_tx_processor.o
 .debug_info    0x000059f9      0xcee blackboard/scm_callbacks.o
 .debug_info    0x000066e7      0x37e Driver/message_ctrl.o
 .debug_info    0x00006a65      0xd12 blackboard/scm_can_trans.o
 .debug_info    0x00007777     0x2850 Driver/CanDriver.o
 .debug_info    0x00009fc7     0x12a4 src/ASF/common/services/clock/samv71/sysclk.o
 .debug_info    0x0000b26b      0xaff src/ASF/common/utils/interrupt/interrupt_sam_nvic.o
 .debug_info    0x0000bd6a      0xac9 src/ASF/common/utils/stdio/read.o
 .debug_info    0x0000c833      0xac6 src/ASF/common/utils/stdio/write.o
 .debug_info    0x0000d2f9     0x22af src/ASF/sam/boards/samv71_xplained_ultra/init.o
 .debug_info    0x0000f5a8     0x235e src/ASF/sam/drivers/mcan/mcan.o
 .debug_info    0x00011906     0x2174 src/ASF/sam/drivers/pio/pio.o
 .debug_info    0x00013a7a     0x1bb8 src/ASF/sam/drivers/pio/pio_handler.o
 .debug_info    0x00015632     0x1f1c src/ASF/sam/drivers/pmc/pmc.o
 .debug_info    0x0001754e     0x1072 src/ASF/sam/drivers/uart/uart.o
 .debug_info    0x000185c0     0x23ac src/ASF/sam/drivers/usart/usart.o
 .debug_info    0x0001a96c     0x15fe src/ASF/sam/utils/cmsis/samv71/source/templates/gcc/startup_samv71.o
 .debug_info    0x0001bf6a      0x5d0 src/ASF/sam/utils/cmsis/samv71/source/templates/system_samv71.o
 .debug_info    0x0001c53a      0xdb0 src/ASF/sam/utils/syscalls/gcc/syscalls.o
 .debug_info    0x0001d2ea      0xdfc src/qs_mcan_basic.o

.debug_abbrev   0x00000000     0x4258
 .debug_abbrev  0x00000000      0x200 bbcore/cc/bb_elem.o
 .debug_abbrev  0x00000200      0x2dc bbcore/cc/bb_tx_proc.o
 .debug_abbrev  0x000004dc      0x183 bbcore/cc/can_elem.o
 .debug_abbrev  0x0000065f      0x28d blackboard/bb_port.o
 .debug_abbrev  0x000008ec      0x2a5 blackboard/blackboard.o
 .debug_abbrev  0x00000b91       0xd0 blackboard/can_spec.o
 .debug_abbrev  0x00000c61      0x205 blackboard/can_tx_processor.o
 .debug_abbrev  0x00000e66      0x1fe blackboard/scm_callbacks.o
 .debug_abbrev  0x00001064      0x128 Driver/message_ctrl.o
 .debug_abbrev  0x0000118c      0x226 blackboard/scm_can_trans.o
 .debug_abbrev  0x000013b2      0x473 Driver/CanDriver.o
 .debug_abbrev  0x00001825      0x31f src/ASF/common/services/clock/samv71/sysclk.o
 .debug_abbrev  0x00001b44      0x221 src/ASF/common/utils/interrupt/interrupt_sam_nvic.o
 .debug_abbrev  0x00001d65      0x1fe src/ASF/common/utils/stdio/read.o
 .debug_abbrev  0x00001f63      0x1e9 src/ASF/common/utils/stdio/write.o
 .debug_abbrev  0x0000214c      0x32f src/ASF/sam/boards/samv71_xplained_ultra/init.o
 .debug_abbrev  0x0000247b      0x438 src/ASF/sam/drivers/mcan/mcan.o
 .debug_abbrev  0x000028b3      0x410 src/ASF/sam/drivers/pio/pio.o
 .debug_abbrev  0x00002cc3      0x34d src/ASF/sam/drivers/pio/pio_handler.o
 .debug_abbrev  0x00003010      0x398 src/ASF/sam/drivers/pmc/pmc.o
 .debug_abbrev  0x000033a8      0x27b src/ASF/sam/drivers/uart/uart.o
 .debug_abbrev  0x00003623      0x3ca src/ASF/sam/drivers/usart/usart.o
 .debug_abbrev  0x000039ed      0x2f3 src/ASF/sam/utils/cmsis/samv71/source/templates/gcc/startup_samv71.o
 .debug_abbrev  0x00003ce0      0x102 src/ASF/sam/utils/cmsis/samv71/source/templates/system_samv71.o
 .debug_abbrev  0x00003de2      0x264 src/ASF/sam/utils/syscalls/gcc/syscalls.o
 .debug_abbrev  0x00004046      0x212 src/qs_mcan_basic.o

.debug_loc      0x00000000     0x6eec
 .debug_loc     0x00000000      0x854 bbcore/cc/bb_elem.o
 .debug_loc     0x00000854      0x55d bbcore/cc/bb_tx_proc.o
 .debug_loc     0x00000db1      0x1a4 bbcore/cc/can_elem.o
 .debug_loc     0x00000f55      0x46f blackboard/bb_port.o
 .debug_loc     0x000013c4      0xbb1 blackboard/blackboard.o
 .debug_loc     0x00001f75       0x90 blackboard/can_tx_processor.o
 .debug_loc     0x00002005       0xc7 blackboard/scm_callbacks.o
 .debug_loc     0x000020cc       0x20 Driver/message_ctrl.o
 .debug_loc     0x000020ec      0x11e blackboard/scm_can_trans.o
 .debug_loc     0x0000220a      0x708 Driver/CanDriver.o
 .debug_loc     0x00002912      0x183 src/ASF/common/services/clock/samv71/sysclk.o
 .debug_loc     0x00002a95       0xb3 src/ASF/common/utils/stdio/read.o
 .debug_loc     0x00002b48      0x12b src/ASF/common/utils/stdio/write.o
 .debug_loc     0x00002c73      0x363 src/ASF/sam/boards/samv71_xplained_ultra/init.o
 .debug_loc     0x00002fd6      0xb34 src/ASF/sam/drivers/mcan/mcan.o
 .debug_loc     0x00003b0a      0xea4 src/ASF/sam/drivers/pio/pio.o
 .debug_loc     0x000049ae      0x59f src/ASF/sam/drivers/pio/pio_handler.o
 .debug_loc     0x00004f4d      0xc33 src/ASF/sam/drivers/pmc/pmc.o
 .debug_loc     0x00005b80      0x2a3 src/ASF/sam/drivers/uart/uart.o
 .debug_loc     0x00005e23      0xf35 src/ASF/sam/drivers/usart/usart.o
 .debug_loc     0x00006d58       0x77 src/ASF/sam/utils/cmsis/samv71/source/templates/gcc/startup_samv71.o
 .debug_loc     0x00006dcf       0xfd src/ASF/sam/utils/syscalls/gcc/syscalls.o
 .debug_loc     0x00006ecc       0x20 src/qs_mcan_basic.o

.debug_aranges  0x00000000      0xdc0
 .debug_aranges
                0x00000000       0x98 bbcore/cc/bb_elem.o
 .debug_aranges
                0x00000098       0x30 bbcore/cc/bb_tx_proc.o
 .debug_aranges
                0x000000c8       0x30 bbcore/cc/can_elem.o
 .debug_aranges
                0x000000f8       0x78 blackboard/bb_port.o
 .debug_aranges
                0x00000170       0xf8 blackboard/blackboard.o
 .debug_aranges
                0x00000268       0x18 blackboard/can_spec.o
 .debug_aranges
                0x00000280       0x28 blackboard/can_tx_processor.o
 .debug_aranges
                0x000002a8       0x20 blackboard/scm_callbacks.o
 .debug_aranges
                0x000002c8       0x20 Driver/message_ctrl.o
 .debug_aranges
                0x000002e8       0x20 blackboard/scm_can_trans.o
 .debug_aranges
                0x00000308       0x50 Driver/CanDriver.o
 .debug_aranges
                0x00000358       0x40 src/ASF/common/services/clock/samv71/sysclk.o
 .debug_aranges
                0x00000398       0x28 src/ASF/common/utils/interrupt/interrupt_sam_nvic.o
 .debug_aranges
                0x000003c0       0x20 src/ASF/common/utils/stdio/read.o
 .debug_aranges
                0x000003e0       0x20 src/ASF/common/utils/stdio/write.o
 .debug_aranges
                0x00000400       0x20 src/ASF/sam/boards/samv71_xplained_ultra/init.o
 .debug_aranges
                0x00000420       0xd0 src/ASF/sam/drivers/mcan/mcan.o
 .debug_aranges
                0x000004f0      0x1a8 src/ASF/sam/drivers/pio/pio.o
 .debug_aranges
                0x00000698       0x60 src/ASF/sam/drivers/pio/pio_handler.o
 .debug_aranges
                0x000006f8      0x270 src/ASF/sam/drivers/pmc/pmc.o
 .debug_aranges
                0x00000968       0xd8 src/ASF/sam/drivers/uart/uart.o
 .debug_aranges
                0x00000a40      0x2a8 src/ASF/sam/drivers/usart/usart.o
 .debug_aranges
                0x00000ce8       0x28 src/ASF/sam/utils/cmsis/samv71/source/templates/gcc/startup_samv71.o
 .debug_aranges
                0x00000d10       0x30 src/ASF/sam/utils/cmsis/samv71/source/templates/system_samv71.o
 .debug_aranges
                0x00000d40       0x60 src/ASF/sam/utils/syscalls/gcc/syscalls.o
 .debug_aranges
                0x00000da0       0x20 src/qs_mcan_basic.o

.debug_ranges   0x00000000      0xe00
 .debug_ranges  0x00000000       0x88 bbcore/cc/bb_elem.o
 .debug_ranges  0x00000088       0x70 bbcore/cc/bb_tx_proc.o
 .debug_ranges  0x000000f8       0x50 bbcore/cc/can_elem.o
 .debug_ranges  0x00000148       0x68 blackboard/bb_port.o
 .debug_ranges  0x000001b0       0xe8 blackboard/blackboard.o
 .debug_ranges  0x00000298       0x18 blackboard/can_tx_processor.o
 .debug_ranges  0x000002b0       0x10 blackboard/scm_callbacks.o
 .debug_ranges  0x000002c0       0x10 Driver/message_ctrl.o
 .debug_ranges  0x000002d0       0x10 blackboard/scm_can_trans.o
 .debug_ranges  0x000002e0       0x40 Driver/CanDriver.o
 .debug_ranges  0x00000320       0x30 src/ASF/common/services/clock/samv71/sysclk.o
 .debug_ranges  0x00000350       0x18 src/ASF/common/utils/interrupt/interrupt_sam_nvic.o
 .debug_ranges  0x00000368       0x10 src/ASF/common/utils/stdio/read.o
 .debug_ranges  0x00000378       0x10 src/ASF/common/utils/stdio/write.o
 .debug_ranges  0x00000388       0x10 src/ASF/sam/boards/samv71_xplained_ultra/init.o
 .debug_ranges  0x00000398      0x108 src/ASF/sam/drivers/mcan/mcan.o
 .debug_ranges  0x000004a0      0x2a0 src/ASF/sam/drivers/pio/pio.o
 .debug_ranges  0x00000740       0x68 src/ASF/sam/drivers/pio/pio_handler.o
 .debug_ranges  0x000007a8      0x260 src/ASF/sam/drivers/pmc/pmc.o
 .debug_ranges  0x00000a08       0xc8 src/ASF/sam/drivers/uart/uart.o
 .debug_ranges  0x00000ad0      0x298 src/ASF/sam/drivers/usart/usart.o
 .debug_ranges  0x00000d68       0x18 src/ASF/sam/utils/cmsis/samv71/source/templates/gcc/startup_samv71.o
 .debug_ranges  0x00000d80       0x20 src/ASF/sam/utils/cmsis/samv71/source/templates/system_samv71.o
 .debug_ranges  0x00000da0       0x50 src/ASF/sam/utils/syscalls/gcc/syscalls.o
 .debug_ranges  0x00000df0       0x10 src/qs_mcan_basic.o

.debug_macro    0x00000000    0x23459
 .debug_macro   0x00000000       0xfb bbcore/cc/bb_elem.o
 .debug_macro   0x000000fb      0x8ce bbcore/cc/bb_elem.o
 .debug_macro   0x000009c9       0x22 bbcore/cc/bb_elem.o
 .debug_macro   0x000009eb      0x16d bbcore/cc/bb_elem.o
 .debug_macro   0x00000b58       0x22 bbcore/cc/bb_elem.o
 .debug_macro   0x00000b7a       0x87 bbcore/cc/bb_elem.o
 .debug_macro   0x00000c01       0x51 bbcore/cc/bb_elem.o
 .debug_macro   0x00000c52       0xef bbcore/cc/bb_elem.o
 .debug_macro   0x00000d41       0x6a bbcore/cc/bb_elem.o
 .debug_macro   0x00000dab      0x1df bbcore/cc/bb_elem.o
 .debug_macro   0x00000f8a       0x1c bbcore/cc/bb_elem.o
 .debug_macro   0x00000fa6       0x10 bbcore/cc/bb_elem.o
 .debug_macro   0x00000fb6      0x894 bbcore/cc/bb_tx_proc.o
 .debug_macro   0x0000184a       0x10 bbcore/cc/bb_tx_proc.o
 .debug_macro   0x0000185a      0x71d bbcore/cc/bb_tx_proc.o
 .debug_macro   0x00001f77       0x76 bbcore/cc/bb_tx_proc.o
 .debug_macro   0x00001fed       0x16 bbcore/cc/bb_tx_proc.o
 .debug_macro   0x00002003      0x6da bbcore/cc/bb_tx_proc.o
 .debug_macro   0x000026dd       0x57 bbcore/cc/bb_tx_proc.o
 .debug_macro   0x00002734       0x1c bbcore/cc/bb_tx_proc.o
 .debug_macro   0x00002750       0x22 bbcore/cc/bb_tx_proc.o
 .debug_macro   0x00002772       0xdf bbcore/cc/bb_tx_proc.o
 .debug_macro   0x00002851     0x12cd bbcore/cc/bb_tx_proc.o
 .debug_macro   0x00003b1e      0x11f bbcore/cc/bb_tx_proc.o
 .debug_macro   0x00003c3d       0x19 bbcore/cc/bb_tx_proc.o
 .debug_macro   0x00003c56      0x191 bbcore/cc/bb_tx_proc.o
 .debug_macro   0x00003de7      0x2ee bbcore/cc/bb_tx_proc.o
 .debug_macro   0x000040d5      0xa23 bbcore/cc/bb_tx_proc.o
 .debug_macro   0x00004af8      0x1b4 bbcore/cc/bb_tx_proc.o
 .debug_macro   0x00004cac      0x35f bbcore/cc/bb_tx_proc.o
 .debug_macro   0x0000500b      0x15a bbcore/cc/bb_tx_proc.o
 .debug_macro   0x00005165     0x18f9 bbcore/cc/bb_tx_proc.o
 .debug_macro   0x00006a5e       0x1c bbcore/cc/bb_tx_proc.o
 .debug_macro   0x00006a7a      0x6a2 bbcore/cc/bb_tx_proc.o
 .debug_macro   0x0000711c      0x263 bbcore/cc/bb_tx_proc.o
 .debug_macro   0x0000737f      0x315 bbcore/cc/bb_tx_proc.o
 .debug_macro   0x00007694      0x4f0 bbcore/cc/bb_tx_proc.o
 .debug_macro   0x00007b84      0x2c4 bbcore/cc/bb_tx_proc.o
 .debug_macro   0x00007e48     0x1527 bbcore/cc/bb_tx_proc.o
 .debug_macro   0x0000936f      0x285 bbcore/cc/bb_tx_proc.o
 .debug_macro   0x000095f4     0x2a40 bbcore/cc/bb_tx_proc.o
 .debug_macro   0x0000c034     0x113e bbcore/cc/bb_tx_proc.o
 .debug_macro   0x0000d172      0xcdb bbcore/cc/bb_tx_proc.o
 .debug_macro   0x0000de4d      0x3c6 bbcore/cc/bb_tx_proc.o
 .debug_macro   0x0000e213       0xa0 bbcore/cc/bb_tx_proc.o
 .debug_macro   0x0000e2b3       0x76 bbcore/cc/bb_tx_proc.o
 .debug_macro   0x0000e329      0x41e bbcore/cc/bb_tx_proc.o
 .debug_macro   0x0000e747       0x64 bbcore/cc/bb_tx_proc.o
 .debug_macro   0x0000e7ab      0x299 bbcore/cc/bb_tx_proc.o
 .debug_macro   0x0000ea44      0x201 bbcore/cc/bb_tx_proc.o
 .debug_macro   0x0000ec45      0x264 bbcore/cc/bb_tx_proc.o
 .debug_macro   0x0000eea9      0x539 bbcore/cc/bb_tx_proc.o
 .debug_macro   0x0000f3e2      0x650 bbcore/cc/bb_tx_proc.o
 .debug_macro   0x0000fa32      0x6fd bbcore/cc/bb_tx_proc.o
 .debug_macro   0x0001012f       0x64 bbcore/cc/bb_tx_proc.o
 .debug_macro   0x00010193      0x4c4 bbcore/cc/bb_tx_proc.o
 .debug_macro   0x00010657      0x237 bbcore/cc/bb_tx_proc.o
 .debug_macro   0x0001088e      0xa06 bbcore/cc/bb_tx_proc.o
 .debug_macro   0x00011294     0x14f3 bbcore/cc/bb_tx_proc.o
 .debug_macro   0x00012787       0x40 bbcore/cc/bb_tx_proc.o
 .debug_macro   0x000127c7       0x76 bbcore/cc/bb_tx_proc.o
 .debug_macro   0x0001283d      0xdd1 bbcore/cc/bb_tx_proc.o
 .debug_macro   0x0001360e       0x88 bbcore/cc/bb_tx_proc.o
 .debug_macro   0x00013696       0x7c bbcore/cc/bb_tx_proc.o
 .debug_macro   0x00013712       0x52 bbcore/cc/bb_tx_proc.o
 .debug_macro   0x00013764      0x133 bbcore/cc/bb_tx_proc.o
 .debug_macro   0x00013897      0x133 bbcore/cc/bb_tx_proc.o
 .debug_macro   0x000139ca      0x133 bbcore/cc/bb_tx_proc.o
 .debug_macro   0x00013afd       0x76 bbcore/cc/bb_tx_proc.o
 .debug_macro   0x00013b73       0x76 bbcore/cc/bb_tx_proc.o
 .debug_macro   0x00013be9      0x2fe bbcore/cc/bb_tx_proc.o
 .debug_macro   0x00013ee7       0xca bbcore/cc/bb_tx_proc.o
 .debug_macro   0x00013fb1       0xca bbcore/cc/bb_tx_proc.o
 .debug_macro   0x0001407b       0xca bbcore/cc/bb_tx_proc.o
 .debug_macro   0x00014145      0x13b bbcore/cc/bb_tx_proc.o
 .debug_macro   0x00014280      0x13b bbcore/cc/bb_tx_proc.o
 .debug_macro   0x000143bb      0x2cd bbcore/cc/bb_tx_proc.o
 .debug_macro   0x00014688       0xbe bbcore/cc/bb_tx_proc.o
 .debug_macro   0x00014746       0x64 bbcore/cc/bb_tx_proc.o
 .debug_macro   0x000147aa       0x46 bbcore/cc/bb_tx_proc.o
 .debug_macro   0x000147f0       0x4c bbcore/cc/bb_tx_proc.o
 .debug_macro   0x0001483c       0xa6 bbcore/cc/bb_tx_proc.o
 .debug_macro   0x000148e2      0x4b7 bbcore/cc/bb_tx_proc.o
 .debug_macro   0x00014d99      0x133 bbcore/cc/bb_tx_proc.o
 .debug_macro   0x00014ecc       0x52 bbcore/cc/bb_tx_proc.o
 .debug_macro   0x00014f1e      0x2fe bbcore/cc/bb_tx_proc.o
 .debug_macro   0x0001521c       0x76 bbcore/cc/bb_tx_proc.o
 .debug_macro   0x00015292       0xbe bbcore/cc/bb_tx_proc.o
 .debug_macro   0x00015350       0x76 bbcore/cc/bb_tx_proc.o
 .debug_macro   0x000153c6       0x70 bbcore/cc/bb_tx_proc.o
 .debug_macro   0x00015436       0x34 bbcore/cc/bb_tx_proc.o
 .debug_macro   0x0001546a      0x9b8 bbcore/cc/bb_tx_proc.o
 .debug_macro   0x00015e22       0x70 bbcore/cc/bb_tx_proc.o
 .debug_macro   0x00015e92       0x8e bbcore/cc/bb_tx_proc.o
 .debug_macro   0x00015f20       0x5e bbcore/cc/bb_tx_proc.o
 .debug_macro   0x00015f7e       0xb8 bbcore/cc/bb_tx_proc.o
 .debug_macro   0x00016036       0x4c bbcore/cc/bb_tx_proc.o
 .debug_macro   0x00016082       0x4c bbcore/cc/bb_tx_proc.o
 .debug_macro   0x000160ce       0x16 bbcore/cc/bb_tx_proc.o
 .debug_macro   0x000160e4       0xfa bbcore/cc/bb_tx_proc.o
 .debug_macro   0x000161de       0x52 bbcore/cc/bb_tx_proc.o
 .debug_macro   0x00016230       0x16 bbcore/cc/bb_tx_proc.o
 .debug_macro   0x00016246       0x52 bbcore/cc/bb_tx_proc.o
 .debug_macro   0x00016298       0x2e bbcore/cc/bb_tx_proc.o
 .debug_macro   0x000162c6      0x1b3 bbcore/cc/bb_tx_proc.o
 .debug_macro   0x00016479      0x1b3 bbcore/cc/bb_tx_proc.o
 .debug_macro   0x0001662c      0x1b3 bbcore/cc/bb_tx_proc.o
 .debug_macro   0x000167df      0x1b3 bbcore/cc/bb_tx_proc.o
 .debug_macro   0x00016992      0x1b3 bbcore/cc/bb_tx_proc.o
 .debug_macro   0x00016b45       0x1c bbcore/cc/bb_tx_proc.o
 .debug_macro   0x00016b61       0x34 bbcore/cc/bb_tx_proc.o
 .debug_macro   0x00016b95       0x22 bbcore/cc/bb_tx_proc.o
 .debug_macro   0x00016bb7       0x1c bbcore/cc/bb_tx_proc.o
 .debug_macro   0x00016bd3       0x58 bbcore/cc/bb_tx_proc.o
 .debug_macro   0x00016c2b       0x10 bbcore/cc/bb_tx_proc.o
 .debug_macro   0x00016c3b       0x1c bbcore/cc/bb_tx_proc.o
 .debug_macro   0x00016c57       0x52 bbcore/cc/bb_tx_proc.o
 .debug_macro   0x00016ca9       0x52 bbcore/cc/bb_tx_proc.o
 .debug_macro   0x00016cfb       0x52 bbcore/cc/bb_tx_proc.o
 .debug_macro   0x00016d4d      0x345 bbcore/cc/bb_tx_proc.o
 .debug_macro   0x00017092     0x1073 bbcore/cc/bb_tx_proc.o
 .debug_macro   0x00018105      0x107 bbcore/cc/bb_tx_proc.o
 .debug_macro   0x0001820c       0x58 bbcore/cc/bb_tx_proc.o
 .debug_macro   0x00018264       0x35 bbcore/cc/bb_tx_proc.o
 .debug_macro   0x00018299       0x9c bbcore/cc/bb_tx_proc.o
 .debug_macro   0x00018335       0x16 bbcore/cc/bb_tx_proc.o
 .debug_macro   0x0001834b       0x35 bbcore/cc/bb_tx_proc.o
 .debug_macro   0x00018380      0x34d bbcore/cc/bb_tx_proc.o
 .debug_macro   0x000186cd       0x10 bbcore/cc/bb_tx_proc.o
 .debug_macro   0x000186dd       0x58 bbcore/cc/bb_tx_proc.o
 .debug_macro   0x00018735       0x1f bbcore/cc/bb_tx_proc.o
 .debug_macro   0x00018754       0x43 bbcore/cc/bb_tx_proc.o
 .debug_macro   0x00018797       0x20 bbcore/cc/bb_tx_proc.o
 .debug_macro   0x000187b7      0x187 bbcore/cc/bb_tx_proc.o
 .debug_macro   0x0001893e       0x10 bbcore/cc/bb_tx_proc.o
 .debug_macro   0x0001894e       0x1c bbcore/cc/bb_tx_proc.o
 .debug_macro   0x0001896a       0x52 bbcore/cc/bb_tx_proc.o
 .debug_macro   0x000189bc       0x40 bbcore/cc/bb_tx_proc.o
 .debug_macro   0x000189fc       0x10 bbcore/cc/bb_tx_proc.o
 .debug_macro   0x00018a0c       0x40 bbcore/cc/bb_tx_proc.o
 .debug_macro   0x00018a4c       0xd7 bbcore/cc/bb_tx_proc.o
 .debug_macro   0x00018b23       0x16 bbcore/cc/bb_tx_proc.o
 .debug_macro   0x00018b39      0x18b bbcore/cc/bb_tx_proc.o
 .debug_macro   0x00018cc4       0x16 bbcore/cc/bb_tx_proc.o
 .debug_macro   0x00018cda       0x16 bbcore/cc/bb_tx_proc.o
 .debug_macro   0x00018cf0       0x29 bbcore/cc/bb_tx_proc.o
 .debug_macro   0x00018d19       0x73 bbcore/cc/bb_tx_proc.o
 .debug_macro   0x00018d8c       0x3e bbcore/cc/bb_tx_proc.o
 .debug_macro   0x00018dca      0x3ca bbcore/cc/bb_tx_proc.o
 .debug_macro   0x00019194       0xa0 bbcore/cc/bb_tx_proc.o
 .debug_macro   0x00019234      0x36c bbcore/cc/bb_tx_proc.o
 .debug_macro   0x000195a0       0x94 bbcore/cc/bb_tx_proc.o
 .debug_macro   0x00019634       0x40 bbcore/cc/bb_tx_proc.o
 .debug_macro   0x00019674      0x2df bbcore/cc/bb_tx_proc.o
 .debug_macro   0x00019953      0xc89 bbcore/cc/bb_tx_proc.o
 .debug_macro   0x0001a5dc       0x3a bbcore/cc/bb_tx_proc.o
 .debug_macro   0x0001a616       0x70 bbcore/cc/bb_tx_proc.o
 .debug_macro   0x0001a686       0x64 bbcore/cc/bb_tx_proc.o
 .debug_macro   0x0001a6ea       0x5f bbcore/cc/bb_tx_proc.o
 .debug_macro   0x0001a749       0xac bbcore/cc/bb_tx_proc.o
 .debug_macro   0x0001a7f5       0x82 bbcore/cc/bb_tx_proc.o
 .debug_macro   0x0001a877      0x1cf bbcore/cc/bb_tx_proc.o
 .debug_macro   0x0001aa46       0x34 bbcore/cc/bb_tx_proc.o
 .debug_macro   0x0001aa7a       0x16 bbcore/cc/bb_tx_proc.o
 .debug_macro   0x0001aa90       0x1c bbcore/cc/bb_tx_proc.o
 .debug_macro   0x0001aaac       0x1c bbcore/cc/bb_tx_proc.o
 .debug_macro   0x0001aac8       0x2e bbcore/cc/bb_tx_proc.o
 .debug_macro   0x0001aaf6       0x28 bbcore/cc/bb_tx_proc.o
 .debug_macro   0x0001ab1e      0x134 bbcore/cc/can_elem.o
 .debug_macro   0x0001ac52       0x16 bbcore/cc/can_elem.o
 .debug_macro   0x0001ac68      0x253 blackboard/bb_port.o
 .debug_macro   0x0001aebb       0x22 blackboard/bb_port.o
 .debug_macro   0x0001aedd      0x353 blackboard/bb_port.o
 .debug_macro   0x0001b230       0x10 blackboard/bb_port.o
 .debug_macro   0x0001b240       0x10 blackboard/bb_port.o
 .debug_macro   0x0001b250       0x10 blackboard/bb_port.o
 .debug_macro   0x0001b260       0x35 blackboard/bb_port.o
 .debug_macro   0x0001b295      0x114 blackboard/blackboard.o
 .debug_macro   0x0001b3a9       0xdb blackboard/can_spec.o
 .debug_macro   0x0001b484      0x6c1 blackboard/can_tx_processor.o
 .debug_macro   0x0001bb45       0x1c blackboard/can_tx_processor.o
 .debug_macro   0x0001bb61       0x10 blackboard/can_tx_processor.o
 .debug_macro   0x0001bb71      0x220 blackboard/scm_callbacks.o
 .debug_macro   0x0001bd91       0xf2 Driver/message_ctrl.o
 .debug_macro   0x0001be83      0x265 blackboard/scm_can_trans.o
 .debug_macro   0x0001c0e8      0x81d Driver/CanDriver.o
 .debug_macro   0x0001c905       0x16 Driver/CanDriver.o
 .debug_macro   0x0001c91b      0x71c src/ASF/common/services/clock/samv71/sysclk.o
 .debug_macro   0x0001d037       0x51 src/ASF/common/services/clock/samv71/sysclk.o
 .debug_macro   0x0001d088      0x2d9 src/ASF/common/services/clock/samv71/sysclk.o
 .debug_macro   0x0001d361      0x6a1 src/ASF/common/utils/interrupt/interrupt_sam_nvic.o
 .debug_macro   0x0001da02      0x6a1 src/ASF/common/utils/stdio/read.o
 .debug_macro   0x0001e0a3      0x6a1 src/ASF/common/utils/stdio/write.o
 .debug_macro   0x0001e744      0x758 src/ASF/sam/boards/samv71_xplained_ultra/init.o
 .debug_macro   0x0001ee9c       0x1c src/ASF/sam/boards/samv71_xplained_ultra/init.o
 .debug_macro   0x0001eeb8      0x780 src/ASF/sam/drivers/mcan/mcan.o
 .debug_macro   0x0001f638       0xb2 src/ASF/sam/drivers/mcan/mcan.o
 .debug_macro   0x0001f6ea       0x16 src/ASF/sam/drivers/mcan/mcan.o
 .debug_macro   0x0001f700      0x6b7 src/ASF/sam/drivers/pio/pio.o
 .debug_macro   0x0001fdb7       0x8e src/ASF/sam/drivers/pio/pio.o