Archive member included to satisfy reference by file (symbol)

c:/program files (x86)/atmel/studio/7.0/toolchain/arm/arm-gnu-toolchain/bin/../lib/gcc/arm-none-eabi/6.3.1/../../../../arm-none-eabi/lib/thumb/v7e-m\libc.a(lib_a-assert.o)
                              bbcore/cc/can_elem.o (__assert_func)
c:/program files (x86)/atmel/studio/7.0/toolchain/arm/arm-gnu-toolchain/bin/../lib/gcc/arm-none-eabi/6.3.1/../../../../arm-none-eabi/lib/thumb/v7e-m\libc.a(lib_a-exit.o)
                              c:/program files (x86)/atmel/studio/7.0/toolchain/arm/arm-gnu-toolchain/bin/../lib/gcc/arm-none-eabi/6.3.1/../../../../arm-none-eabi/lib/thumb/v7e-m/crt0.o (exit)
c:/program files (x86)/atmel/studio/7.0/toolchain/arm/arm-gnu-toolchain/bin/../lib/gcc/arm-none-eabi/6.3.1/../../../../arm-none-eabi/lib/thumb/v7e-m\libc.a(lib_a-fiprintf.o)
                              c:/program files (x86)/atmel/studio/7.0/toolchain/arm/arm-gnu-toolchain/bin/../lib/gcc/arm-none-eabi/6.3.1/../../../../arm-none-eabi/lib/thumb/v7e-m\libc.a(lib_a-assert.o) (fiprintf)
c:/program files (x86)/atmel/studio/7.0/toolchain/arm/arm-gnu-toolchain/bin/../lib/gcc/arm-none-eabi/6.3.1/../../../../arm-none-eabi/lib/thumb/v7e-m\libc.a(lib_a-impure.o)
                              c:/program files (x86)/atmel/studio/7.0/toolchain/arm/arm-gnu-toolchain/bin/../lib/gcc/arm-none-eabi/6.3.1/../../../../arm-none-eabi/lib/thumb/v7e-m\libc.a(lib_a-exit.o) (_global_impure_ptr)
c:/program files (x86)/atmel/studio/7.0/toolchain/arm/arm-gnu-toolchain/bin/../lib/gcc/arm-none-eabi/6.3.1/../../../../arm-none-eabi/lib/thumb/v7e-m\libc.a(lib_a-init.o)
                              c:/program files (x86)/atmel/studio/7.0/toolchain/arm/arm-gnu-toolchain/bin/../lib/gcc/arm-none-eabi/6.3.1/../../../../arm-none-eabi/lib/thumb/v7e-m/crt0.o (__libc_init_array)
c:/program files (x86)/atmel/studio/7.0/toolchain/arm/arm-gnu-toolchain/bin/../lib/gcc/arm-none-eabi/6.3.1/../../../../arm-none-eabi/lib/thumb/v7e-m\libc.a(lib_a-iprintf.o)
                              blackboard/scm_callbacks.o (iprintf)
c:/program files (x86)/atmel/studio/7.0/toolchain/arm/arm-gnu-toolchain/bin/../lib/gcc/arm-none-eabi/6.3.1/../../../../arm-none-eabi/lib/thumb/v7e-m\libc.a(lib_a-memcpy.o)
                              bbcore/cc/crc-16-x25.o (memcpy)
c:/program files (x86)/atmel/studio/7.0/toolchain/arm/arm-gnu-toolchain/bin/../lib/gcc/arm-none-eabi/6.3.1/../../../../arm-none-eabi/lib/thumb/v7e-m\libc.a(lib_a-memset.o)
                              c:/program files (x86)/atmel/studio/7.0/toolchain/arm/arm-gnu-toolchain/bin/../lib/gcc/arm-none-eabi/6.3.1/../../../../arm-none-eabi/lib/thumb/v7e-m/crt0.o (memset)
c:/program files (x86)/atmel/studio/7.0/toolchain/arm/arm-gnu-toolchain/bin/../lib/gcc/arm-none-eabi/6.3.1/../../../../arm-none-eabi/lib/thumb/v7e-m\libc.a(lib_a-setbuf.o)
                              Driver/CanDriver.o (setbuf)
c:/program files (x86)/atmel/studio/7.0/toolchain/arm/arm-gnu-toolchain/bin/../lib/gcc/arm-none-eabi/6.3.1/../../../../arm-none-eabi/lib/thumb/v7e-m\libc.a(lib_a-setvbuf.o)
                              c:/program files (x86)/atmel/studio/7.0/toolchain/arm/arm-gnu-toolchain/bin/../lib/gcc/arm-none-eabi/6.3.1/../../../../arm-none-eabi/lib/thumb/v7e-m\libc.a(lib_a-setbuf.o) (setvbuf)
c:/program files (x86)/atmel/studio/7.0/toolchain/arm/arm-gnu-toolchain/bin/../lib/gcc/arm-none-eabi/6.3.1/../../../../arm-none-eabi/lib/thumb/v7e-m\libc.a(lib_a-vfiprintf.o)
                              c:/program files (x86)/atmel/studio/7.0/toolchain/arm/arm-gnu-toolchain/bin/../lib/gcc/arm-none-eabi/6.3.1/../../../../arm-none-eabi/lib/thumb/v7e-m\libc.a(lib_a-fiprintf.o) (_vfiprintf_r)
c:/program files (x86)/atmel/studio/7.0/toolchain/arm/arm-gnu-toolchain/bin/../lib/gcc/arm-none-eabi/6.3.1/../../../../arm-none-eabi/lib/thumb/v7e-m\libc.a(lib_a-wsetup.o)
                              c:/program files (x86)/atmel/studio/7.0/toolchain/arm/arm-gnu-toolchain/bin/../lib/gcc/arm-none-eabi/6.3.1/../../../../arm-none-eabi/lib/thumb/v7e-m\libc.a(lib_a-vfiprintf.o) (__swsetup_r)
c:/program files (x86)/atmel/studio/7.0/toolchain/arm/arm-gnu-toolchain/bin/../lib/gcc/arm-none-eabi/6.3.1/../../../../arm-none-eabi/lib/thumb/v7e-m\libc.a(lib_a-__call_atexit.o)
                              c:/program files (x86)/atmel/studio/7.0/toolchain/arm/arm-gnu-toolchain/bin/../lib/gcc/arm-none-eabi/6.3.1/../../../../arm-none-eabi/lib/thumb/v7e-m\libc.a(lib_a-exit.o) (__call_exitprocs)
c:/program files (x86)/atmel/studio/7.0/toolchain/arm/arm-gnu-toolchain/bin/../lib/gcc/arm-none-eabi/6.3.1/../../../../arm-none-eabi/lib/thumb/v7e-m\libc.a(lib_a-abort.o)
                              c:/program files (x86)/atmel/studio/7.0/toolchain/arm/arm-gnu-toolchain/bin/../lib/gcc/arm-none-eabi/6.3.1/../../../../arm-none-eabi/lib/thumb/v7e-m\libc.a(lib_a-assert.o) (abort)
[...]
Memory Configuration

Name             Origin             Length             Attributes
rom              0x00400000         0x00200000         xr
ram              0x20400000         0x00060000         xrw
*default*        0x00000000         0xffffffff

Linker script and memory map

LOAD c:/program files (x86)/atmel/studio/7.0/toolchain/arm/arm-gnu-toolchain/bin/../lib/gcc/arm-none-eabi/6.3.1/thumb/v7e-m/crti.o
LOAD c:/program files (x86)/atmel/studio/7.0/toolchain/arm/arm-gnu-toolchain/bin/../lib/gcc/arm-none-eabi/6.3.1/thumb/v7e-m/crtbegin.o
LOAD c:/program files (x86)/atmel/studio/7.0/toolchain/arm/arm-gnu-toolchain/bin/../lib/gcc/arm-none-eabi/6.3.1/../../../../arm-none-eabi/lib/thumb/v7e-m/crt0.o
LOAD bbcore/cc/bb_elem.o
LOAD bbcore/cc/bb_tx_proc.o
LOAD bbcore/cc/can_elem.o
LOAD bbcore/cc/crc-16-x25.o
LOAD blackboard/bb_port.o
LOAD blackboard/blackboard.o
LOAD blackboard/can_rx_processor.o
LOAD blackboard/can_spec.o
LOAD blackboard/can_tx_processor.o
LOAD blackboard/scm_callbacks.o
LOAD Driver/message_ctrl.o
LOAD src/sample.o
LOAD blackboard/scm_can_trans.o
LOAD Driver/can1.o
LOAD Driver/CanDriver.o
LOAD src/ASF/common/services/clock/samv71/sysclk.o
LOAD src/ASF/common/services/serial/usart_serial.o
LOAD src/ASF/common/utils/interrupt/interrupt_sam_nvic.o
LOAD src/ASF/common/utils/stdio/read.o
LOAD src/ASF/common/utils/stdio/write.o
LOAD src/ASF/sam/boards/samv71_xplained_ultra/init.o
LOAD src/ASF/sam/drivers/mcan/mcan.o
LOAD src/ASF/sam/drivers/mpu/mpu.o
LOAD src/ASF/sam/drivers/pio/pio.o
LOAD src/ASF/sam/drivers/pio/pio_handler.o
LOAD src/ASF/sam/drivers/pmc/pmc.o
LOAD src/ASF/sam/drivers/pmc/sleep.o
LOAD src/ASF/sam/drivers/uart/uart.o
LOAD src/ASF/sam/drivers/usart/usart.o
LOAD src/ASF/sam/utils/cmsis/samv71/source/templates/gcc/startup_samv71.o
LOAD src/ASF/sam/utils/cmsis/samv71/source/templates/system_samv71.o
LOAD src/ASF/sam/utils/syscalls/gcc/syscalls.o
LOAD src/bb_exp.o
LOAD src/qs_mcan_basic.o
START GROUP
LOAD ../src/ASF/thirdparty/CMSIS/Lib/GCC\libarm_cortexM7lfsp_math_softfp.a
LOAD c:/program files (x86)/atmel/studio/7.0/toolchain/arm/arm-gnu-toolchain/bin/../lib/gcc/arm-none-eabi/6.3.1/../../../../arm-none-eabi/lib/thumb/v7e-m\libm.a
END GROUP
START GROUP
LOAD c:/program files (x86)/atmel/studio/7.0/toolchain/arm/arm-gnu-toolchain/bin/../lib/gcc/arm-none-eabi/6.3.1/thumb/v7e-m\libgcc.a
LOAD c:/program files (x86)/atmel/studio/7.0/toolchain/arm/arm-gnu-toolchain/bin/../lib/gcc/arm-none-eabi/6.3.1/../../../../arm-none-eabi/lib/thumb/v7e-m\libc.a
END GROUP
LOAD c:/program files (x86)/atmel/studio/7.0/toolchain/arm/arm-gnu-toolchain/bin/../lib/gcc/arm-none-eabi/6.3.1/thumb/v7e-m/crtend.o
LOAD c:/program files (x86)/atmel/studio/7.0/toolchain/arm/arm-gnu-toolchain/bin/../lib/gcc/arm-none-eabi/6.3.1/thumb/v7e-m/crtn.o
                0x00002000                STACK_SIZE = DEFINED (STACK_SIZE)?STACK_SIZE:0x2000
                0x2045fffc                __ram_end__ = ((ORIGIN (ram) + LENGTH (ram)) - 0x4)
                0x00000200                HEAP_SIZE = DEFINED (HEAP_SIZE)?HEAP_SIZE:0x200

.text           0x00400000     0x5060
                0x00400000                . = ALIGN (0x4)
                0x00400000                _sfixed = .
 *(.vectors .vectors.*)
 .vectors       0x00400000      0x168 src/ASF/sam/utils/cmsis/samv71/source/templates/gcc/startup_samv71.o
                0x00400000                exception_table
 *(.text .text.* .gnu.linkonce.t.*)
 .text          0x00400168       0x6c c:/program files (x86)/atmel/studio/7.0/toolchain/arm/arm-gnu-toolchain/bin/../lib/gcc/arm-none-eabi/6.3.1/thumb/v7e-m/crtbegin.o
 .text.bb_elem_decrement_wakeup_offset
                0x004001d4       0x12 bbcore/cc/bb_elem.o
                0x004001d4                bb_elem_decrement_wakeup_offset
 *fill*         0x004001e6        0x2 
 .text.bb_elem_get_data_for_can
                0x004001e8       0x20 bbcore/cc/bb_elem.o
                0x004001e8                bb_elem_get_data_for_can
 .text.bb_elem_set_data_from_can
                0x00400208       0x38 bbcore/cc/bb_elem.o
                0x00400208                bb_elem_set_data_from_can
 .text.bb_elem_update_last_tick_count
                0x00400240       0x10 bbcore/cc/bb_elem.o
                0x00400240                bb_elem_update_last_tick_count
 .text.bb_elem_set_uint8_data
                0x00400250       0x18 bbcore/cc/bb_elem.o
                0x00400250                bb_elem_set_uint8_data
 .text.bb_elem_set_int8_data
                0x00400268       0x10 bbcore/cc/bb_elem.o
                0x00400268                bb_elem_set_int8_data
 .text.bb_elem_set_uint16_data
                0x00400278       0x18 bbcore/cc/bb_elem.o
                0x00400278                bb_elem_set_uint16_data
 .text.bb_elem_set_int16_data
                0x00400290       0x10 bbcore/cc/bb_elem.o
                0x00400290                bb_elem_set_int16_data
 .text.bb_tx_proc_init
                0x004002a0       0x24 bbcore/cc/bb_tx_proc.o
                0x004002a0                bb_tx_proc_init
 .text.bb_tx_proc_tx_message
                0x004002c4       0x90 bbcore/cc/bb_tx_proc.o
                0x004002c4                bb_tx_proc_tx_message
 .text.bb_tx_proc_process_tx
                0x00400354       0x78 bbcore/cc/bb_tx_proc.o
                0x00400354                bb_tx_proc_process_tx
 .text.can_elem_get_can_elem_idx
                0x004003cc       0x10 bbcore/cc/can_elem.o
                0x004003cc                can_elem_get_can_elem_idx
 .text.can_elem_get_can_msg_info_idx
                0x004003dc       0x10 bbcore/cc/can_elem.o
                0x004003dc                can_elem_get_can_msg_info_idx
 .text.can_elem_get_can_msg_info_msgid
                0x004003ec       0x60 bbcore/cc/can_elem.o
                0x004003ec                can_elem_get_can_msg_info_msgid
 .text.bb_port_get_current_ticks
                0x0040044c        0xc blackboard/bb_port.o
                0x0040044c                bb_port_get_current_ticks
 .text.bb_port_set_data_direct8
                0x00400458        0x4 blackboard/bb_port.o
                0x00400458                bb_port_set_data_direct8
 .text.bb_port_set_data_direct16
                0x0040045c       0x34 blackboard/bb_port.o
                0x0040045c                bb_port_set_data_direct16
 .text.bb_port_set_data_direct32
                0x00400490       0x2c blackboard/bb_port.o
                0x00400490                bb_port_set_data_direct32
 .text.bb_port_get_data_direct32
                0x004004bc       0x2c blackboard/bb_port.o
                0x004004bc                bb_port_get_data_direct32
 .text.bb_get_element
                0x004004e8        0xc blackboard/blackboard.o
                0x004004e8                bb_get_element
 .text.bb_set_SCM_motor1MaxSpeed
                0x004004f4       0x44 blackboard/blackboard.o
                0x004004f4                bb_set_SCM_motor1MaxSpeed
 .text.bb_set_SCM_motor1MinSpeed
                0x00400538       0x44 blackboard/blackboard.o
                0x00400538                bb_set_SCM_motor1MinSpeed
 .text.bb_set_SCM_Motor1Control
                0x0040057c       0x24 blackboard/blackboard.o
                0x0040057c                bb_set_SCM_Motor1Control
 .text.bb_set_SCM_Motor3Control
                0x004005a0       0x24 blackboard/blackboard.o
                0x004005a0                bb_set_SCM_Motor3Control
 .text.CANRxTask
                0x004005c4       0x90 blackboard/can_rx_processor.o
                0x004005c4                CANRxTask
 .text.CANTxTaskInit
                0x00400654       0x38 blackboard/can_tx_processor.o
                0x00400654                CANTxTaskInit
 .text.CANTxTask
                0x0040068c       0x38 blackboard/can_tx_processor.o
                0x0040068c                CANTxTask
 .text.SCMCallback_print
                0x004006c4       0x20 blackboard/scm_callbacks.o
                0x004006c4                SCMCallback_print
 .text.CanMessageControl_Task
                0x004006e4       0x74 Driver/message_ctrl.o
                0x004006e4                CanMessageControl_Task
 .text.sample_1
                0x00400758       0x10 src/sample.o
                0x00400758                sample_1
 .text.add_1    0x00400768        0xc src/sample.o
                0x00400768                add_1
 .text.scm_can_trans
                0x00400774       0x48 blackboard/scm_can_trans.o
                0x00400774                scm_can_trans
 .text.usart_serial_getchar
                0x004007bc       0xdc Driver/CanDriver.o
 .text.usart_serial_putchar
                0x00400898       0xd4 Driver/CanDriver.o
 .text.configure_mcan
                0x0040096c       0xb8 Driver/CanDriver.o
 .text.can_init
                0x00400a24       0xa0 Driver/CanDriver.o
                0x00400a24                can_init
 .text.MCAN1_INT0_Handler
                0x00400ac4       0x84 Driver/CanDriver.o
                0x00400ac4                MCAN1_INT0_Handler
 .text.candriver_error_poll
                0x00400b48        0x2 Driver/CanDriver.o
                0x00400b48                candriver_error_poll
 *fill*         0x00400b4a        0x2 
 .text.candriver_read
                0x00400b4c       0xa8 Driver/CanDriver.o
                0x00400b4c                candriver_read
 .text.candriver_send
                0x00400bf4       0x64 Driver/CanDriver.o
                0x00400bf4                candriver_send
 .text.sysclk_init
                0x00400c58       0x70 src/ASF/common/services/clock/samv71/sysclk.o
                0x00400c58                sysclk_init
 .text._read    0x00400cc8       0x3c src/ASF/common/utils/stdio/read.o
                0x00400cc8                _read
 .text._write   0x00400d04       0x50 src/ASF/common/utils/stdio/write.o
                0x00400d04                _write
 .text.board_init
                0x00400d54      0x1b4 src/ASF/sam/boards/samv71_xplained_ultra/init.o
                0x00400d54                board_init
 .text._mcan_enable_peripheral_clock
                0x00400f08       0x30 src/ASF/sam/drivers/mcan/mcan.o
 .text.mcan_init
                0x00400f38      0x274 src/ASF/sam/drivers/mcan/mcan.o
                0x00400f38                mcan_init
 .text.mcan_start
                0x004011ac       0x16 src/ASF/sam/drivers/mcan/mcan.o
                0x004011ac                mcan_start
 .text.mcan_stop
                0x004011c2       0x16 src/ASF/sam/drivers/mcan/mcan.o
                0x004011c2                mcan_stop
 .text.mcan_get_rx_fifo_0_element
                0x004011d8       0x54 src/ASF/sam/drivers/mcan/mcan.o
                0x004011d8                mcan_get_rx_fifo_0_element
 .text.mcan_set_tx_buffer_element
                0x0040122c       0x7c src/ASF/sam/drivers/mcan/mcan.o
                0x0040122c                mcan_set_tx_buffer_element
 .text.pio_get_interrupt_status
                0x004012a8        0x4 src/ASF/sam/drivers/pio/pio.o
                0x004012a8                pio_get_interrupt_status
 .text.pio_get_interrupt_mask
                0x004012ac        0x4 src/ASF/sam/drivers/pio/pio.o
                0x004012ac                pio_get_interrupt_mask
 .text.pio_handler_process
                0x004012b0       0x50 src/ASF/sam/drivers/pio/pio_handler.o
                0x004012b0                pio_handler_process
 .text.PIOA_Handler
                0x00401300       0x14 src/ASF/sam/drivers/pio/pio_handler.o
                0x00401300                PIOA_Handler
 .text.PIOB_Handler
                0x00401314       0x14 src/ASF/sam/drivers/pio/pio_handler.o
                0x00401314                PIOB_Handler
 .text.PIOC_Handler
                0x00401328       0x14 src/ASF/sam/drivers/pio/pio_handler.o
                0x00401328                PIOC_Handler
 .text.PIOD_Handler
                0x0040133c       0x14 src/ASF/sam/drivers/pio/pio_handler.o
                0x0040133c                PIOD_Handler
 .text.PIOE_Handler
                0x00401350       0x14 src/ASF/sam/drivers/pio/pio_handler.o
                0x00401350                PIOE_Handler
 .text.pmc_mck_set_division
                0x00401364       0x38 src/ASF/sam/drivers/pmc/pmc.o
                0x00401364                pmc_mck_set_division
 .text.pmc_switch_mck_to_pllack
                0x0040139c       0x64 src/ASF/sam/drivers/pmc/pmc.o
                0x0040139c                pmc_switch_mck_to_pllack
 .text.pmc_switch_mainck_to_xtal
                0x00401400       0x54 src/ASF/sam/drivers/pmc/pmc.o
                0x00401400                pmc_switch_mainck_to_xtal
 .text.pmc_osc_is_ready_mainck
                0x00401454       0x10 src/ASF/sam/drivers/pmc/pmc.o
                0x00401454                pmc_osc_is_ready_mainck
 .text.pmc_disable_pllack
                0x00401464       0x10 src/ASF/sam/drivers/pmc/pmc.o
                0x00401464                pmc_disable_pllack
 .text.pmc_is_locked_pllack
                0x00401474       0x10 src/ASF/sam/drivers/pmc/pmc.o
                0x00401474                pmc_is_locked_pllack
 .text.pmc_enable_periph_clk
                0x00401484       0x20 src/ASF/sam/drivers/pmc/pmc.o
                0x00401484                pmc_enable_periph_clk
 .text.pmc_switch_pck_to_pllack
                0x004014a4       0x3c src/ASF/sam/drivers/pmc/pmc.o
                0x004014a4                pmc_switch_pck_to_pllack
 .text.pmc_enable_pck
                0x004014e0       0x14 src/ASF/sam/drivers/pmc/pmc.o
                0x004014e0                pmc_enable_pck
 .text.pmc_disable_pck
                0x004014f4       0x14 src/ASF/sam/drivers/pmc/pmc.o
                0x004014f4                pmc_disable_pck
 .text.uart_write
                0x00401508       0x12 src/ASF/sam/drivers/uart/uart.o
                0x00401508                uart_write
 .text.uart_read
                0x0040151a       0x14 src/ASF/sam/drivers/uart/uart.o
                0x0040151a                uart_read
 .text.usart_set_async_baudrate
                0x0040152e       0x5a src/ASF/sam/drivers/usart/usart.o
                0x0040152e                usart_set_async_baudrate
 .text.usart_reset
                0x00401588       0x28 src/ASF/sam/drivers/usart/usart.o
                0x00401588                usart_reset
 .text.usart_init_rs232
                0x004015b0       0x54 src/ASF/sam/drivers/usart/usart.o
                0x004015b0                usart_init_rs232
 .text.usart_enable_tx
                0x00401604        0x6 src/ASF/sam/drivers/usart/usart.o
                0x00401604                usart_enable_tx
 .text.usart_enable_rx
                0x0040160a        0x6 src/ASF/sam/drivers/usart/usart.o
                0x0040160a                usart_enable_rx
 .text.usart_write
                0x00401610       0x16 src/ASF/sam/drivers/usart/usart.o
                0x00401610                usart_write
 .text.usart_read
                0x00401626       0x18 src/ASF/sam/drivers/usart/usart.o
                0x00401626                usart_read
 .text.Dummy_Handler
                0x0040163e        0x2 src/ASF/sam/utils/cmsis/samv71/source/templates/gcc/startup_samv71.o
                0x0040163e                DACC_Handler
                0x0040163e                DebugMon_Handler
                0x0040163e                UART3_Handler
                0x0040163e                UART2_Handler
                0x0040163e                TRNG_Handler
                0x0040163e                HardFault_Handler
                0x0040163e                TC2_Handler
                0x0040163e                SysTick_Handler
                0x0040163e                AFEC1_Handler
                0x0040163e                PendSV_Handler
                0x0040163e                NMI_Handler
                0x0040163e                TC7_Handler
                0x0040163e                QSPI_Handler
                0x0040163e                ISI_Handler
                0x0040163e                MCAN0_INT0_Handler
                0x0040163e                TC9_Handler
                0x0040163e                RSWDT_Handler
                0x0040163e                USART0_Handler
                0x0040163e                RTT_Handler
                0x0040163e                USBHS_Handler
                0x0040163e                IXC_Handler
                0x0040163e                CCF_Handler
                0x0040163e                RTC_Handler
                0x0040163e                UsageFault_Handler
                0x0040163e                TC6_Handler
                0x0040163e                WDT_Handler
                0x0040163e                MCAN1_INT1_Handler
                0x0040163e                TC4_Handler
                0x0040163e                TC1_Handler
                0x0040163e                HSMCI_Handler
                0x0040163e                UART1_Handler
                0x0040163e                TC3_Handler
                0x0040163e                Dummy_Handler
                0x0040163e                TWIHS1_Handler
                0x0040163e                XDMAC_Handler
                0x0040163e                UART4_Handler
                0x0040163e                PWM1_Handler
                0x0040163e                USART1_Handler
                0x0040163e                PWM0_Handler
                0x0040163e                AFEC0_Handler
                0x0040163e                CCW_Handler
                0x0040163e                SSC_Handler
                0x0040163e                TC11_Handler
                0x0040163e                ACC_Handler
                0x0040163e                PMC_Handler
                0x0040163e                GMAC_Handler
                0x0040163e                MCAN0_INT1_Handler
                0x0040163e                GMAC_Q5_Handler
                0x0040163e                MemManage_Handler
                0x0040163e                SUPC_Handler
                0x0040163e                SVC_Handler
                0x0040163e                TC8_Handler
                0x0040163e                EFC_Handler
                0x0040163e                GMAC_Q1_Handler
                0x0040163e                USART2_Handler
                0x0040163e                SDRAMC_Handler
                0x0040163e                GMAC_Q2_Handler
                0x0040163e                SPI1_Handler
                0x0040163e                TC10_Handler
                0x0040163e                GMAC_Q3_Handler
                0x0040163e                TWIHS2_Handler
                0x0040163e                MLB_Handler
                0x0040163e                I2SC0_Handler
                0x0040163e                UART0_Handler
                0x0040163e                I2SC1_Handler
                0x0040163e                GMAC_Q4_Handler
                0x0040163e                FPU_Handler
                0x0040163e                BusFault_Handler
                0x0040163e                RSTC_Handler
                0x0040163e                TC0_Handler
                0x0040163e                TC5_Handler
                0x0040163e                ICM_Handler
                0x0040163e                AES_Handler
                0x0040163e                TWIHS0_Handler
                0x0040163e                SPI0_Handler
 .text.Reset_Handler
                0x00401640       0xc8 src/ASF/sam/utils/cmsis/samv71/source/templates/gcc/startup_samv71.o
                0x00401640                Reset_Handler
 .text.SystemCoreClockUpdate
                0x00401708      0x10c src/ASF/sam/utils/cmsis/samv71/source/templates/system_samv71.o
                0x00401708                SystemCoreClockUpdate
 .text.system_init_flash
                0x00401814       0x8c src/ASF/sam/utils/cmsis/samv71/source/templates/system_samv71.o
                0x00401814                system_init_flash
 .text._sbrk    0x004018a0       0x38 src/ASF/sam/utils/syscalls/gcc/syscalls.o
                0x004018a0                _sbrk
 .text._close   0x004018d8        0x6 src/ASF/sam/utils/syscalls/gcc/syscalls.o
                0x004018d8                _close
 .text._fstat   0x004018de        0xa src/ASF/sam/utils/syscalls/gcc/syscalls.o
                0x004018de                _fstat
 .text._isatty  0x004018e8        0x4 src/ASF/sam/utils/syscalls/gcc/syscalls.o
                0x004018e8                _isatty
 .text._lseek   0x004018ec        0x4 src/ASF/sam/utils/syscalls/gcc/syscalls.o
                0x004018ec                _lseek
 .text._exit    0x004018f0        0x4 src/ASF/sam/utils/syscalls/gcc/syscalls.o
                0x004018f0                _exit
 .text._kill    0x004018f4        0x2 src/ASF/sam/utils/syscalls/gcc/syscalls.o
                0x004018f4                _kill
 .text._getpid  0x004018f6        0x6 src/ASF/sam/utils/syscalls/gcc/syscalls.o
                0x004018f6                _getpid
 .text.main     0x004018fc       0x60 src/qs_mcan_basic.o
                0x004018fc                main
 .text.__assert_func
                0x0040195c       0x3c c:/program files (x86)/atmel/studio/7.0/toolchain/arm/arm-gnu-toolchain/bin/../lib/gcc/arm-none-eabi/6.3.1/../../../../arm-none-eabi/lib/thumb/v7e-m\libc.a(lib_a-assert.o)
                0x0040195c                __assert_func
 .text.fiprintf
                0x00401998       0x28 c:/program files (x86)/atmel/studio/7.0/toolchain/arm/arm-gnu-toolchain/bin/../lib/gcc/arm-none-eabi/6.3.1/../../../../arm-none-eabi/lib/thumb/v7e-m\libc.a(lib_a-fiprintf.o)
                0x00401998                fiprintf
 .text.__libc_init_array
                0x004019c0       0x50 c:/program files (x86)/atmel/studio/7.0/toolchain/arm/arm-gnu-toolchain/bin/../lib/gcc/arm-none-eabi/6.3.1/../../../../arm-none-eabi/lib/thumb/v7e-m\libc.a(lib_a-init.o)
                0x004019c0                __libc_init_array
 .text.iprintf  0x00401a10       0x28 c:/program files (x86)/atmel/studio/7.0/toolchain/arm/arm-gnu-toolchain/bin/../lib/gcc/arm-none-eabi/6.3.1/../../../../arm-none-eabi/lib/thumb/v7e-m\libc.a(lib_a-iprintf.o)
                0x00401a10                iprintf
 .text          0x00401a38      0x134 c:/program files (x86)/atmel/studio/7.0/toolchain/arm/arm-gnu-toolchain/bin/../lib/gcc/arm-none-eabi/6.3.1/../../../../arm-none-eabi/lib/thumb/v7e-m\libc.a(lib_a-memcpy.o)
                0x00401a38                memcpy
 .text.memset   0x00401b6c       0x9c c:/program files (x86)/atmel/studio/7.0/toolchain/arm/arm-gnu-toolchain/bin/../lib/gcc/arm-none-eabi/6.3.1/../../../../arm-none-eabi/lib/thumb/v7e-m\libc.a(lib_a-memset.o)
                0x00401b6c                memset
 .text.setbuf   0x00401c08       0x10 c:/program files (x86)/atmel/studio/7.0/toolchain/arm/arm-gnu-toolchain/bin/../lib/gcc/arm-none-eabi/6.3.1/../../../../arm-none-eabi/lib/thumb/v7e-m\libc.a(lib_a-setbuf.o)
                0x00401c08                setbuf
 .text.setvbuf  0x00401c18      0x190 c:/program files (x86)/atmel/studio/7.0/toolchain/arm/arm-gnu-toolchain/bin/../lib/gcc/arm-none-eabi/6.3.1/../../../../arm-none-eabi/lib/thumb/v7e-m\libc.a(lib_a-setvbuf.o)
                0x00401c18                setvbuf
 .text.__sprint_r.part.0
                0x00401da8       0x80 c:/program files (x86)/atmel/studio/7.0/toolchain/arm/arm-gnu-toolchain/bin/../lib/gcc/arm-none-eabi/6.3.1/../../../../arm-none-eabi/lib/thumb/v7e-m\libc.a(lib_a-vfiprintf.o)
 .text._vfiprintf_r
                0x00401e28      0xc90 c:/program files (x86)/atmel/studio/7.0/toolchain/arm/arm-gnu-toolchain/bin/../lib/gcc/arm-none-eabi/6.3.1/../../../../arm-none-eabi/lib/thumb/v7e-m\libc.a(lib_a-vfiprintf.o)
                0x00401e28                _vfiprintf_r
 .text.__sbprintf
                0x00402ab8       0x84 c:/program files (x86)/atmel/studio/7.0/toolchain/arm/arm-gnu-toolchain/bin/../lib/gcc/arm-none-eabi/6.3.1/../../../../arm-none-eabi/lib/thumb/v7e-m\libc.a(lib_a-vfiprintf.o)
 .text.__swsetup_r
                0x00402b3c       0xc8 c:/program files (x86)/atmel/studio/7.0/toolchain/arm/arm-gnu-toolchain/bin/../lib/gcc/arm-none-eabi/6.3.1/../../../../arm-none-eabi/lib/thumb/v7e-m\libc.a(lib_a-wsetup.o)
                0x00402b3c                __swsetup_r
 .text.startup.register_fini
                0x00402c04       0x14 c:/program files (x86)/atmel/studio/7.0/toolchain/arm/arm-gnu-toolchain/bin/../lib/gcc/arm-none-eabi/6.3.1/../../../../arm-none-eabi/lib/thumb/v7e-m\libc.a(lib_a-__call_atexit.o)
 .text.abort    0x00402c18       0x10 c:/program files (x86)/atmel/studio/7.0/toolchain/arm/arm-gnu-toolchain/bin/../lib/gcc/arm-none-eabi/6.3.1/../../../../arm-none-eabi/lib/thumb/v7e-m\libc.a(lib_a-abort.o)
                0x00402c18                abort
 .text.atexit   0x00402c28        0xc c:/program files (x86)/atmel/studio/7.0/toolchain/arm/arm-gnu-toolchain/bin/../lib/gcc/arm-none-eabi/6.3.1/../../../../arm-none-eabi/lib/thumb/v7e-m\libc.a(lib_a-atexit.o)
                0x00402c28                atexit
 .text.__sflush_r
                0x00402c34      0x140 c:/program files (x86)/atmel/studio/7.0/toolchain/arm/arm-gnu-toolchain/bin/../lib/gcc/arm-none-eabi/6.3.1/../../../../arm-none-eabi/lib/thumb/v7e-m\libc.a(lib_a-fflush.o)
                0x00402c34                __sflush_r
 .text._fflush_r
                0x00402d74       0x54 c:/program files (x86)/atmel/studio/7.0/toolchain/arm/arm-gnu-toolchain/bin/../lib/gcc/arm-none-eabi/6.3.1/../../../../arm-none-eabi/lib/thumb/v7e-m\libc.a(lib_a-fflush.o)
                0x00402d74                _fflush_r
 .text._cleanup_r
                0x00402dc8        0xc c:/program files (x86)/atmel/studio/7.0/toolchain/arm/arm-gnu-toolchain/bin/../lib/gcc/arm-none-eabi/6.3.1/../../../../arm-none-eabi/lib/thumb/v7e-m\libc.a(lib_a-findfp.o)
                0x00402dc8                _cleanup_r
 .text.std.isra.0
                0x00402dd4       0x50 c:/program files (x86)/atmel/studio/7.0/toolchain/arm/arm-gnu-toolchain/bin/../lib/gcc/arm-none-eabi/6.3.1/../../../../arm-none-eabi/lib/thumb/v7e-m\libc.a(lib_a-findfp.o)
 .text.__sinit  0x00402e24       0x58 c:/program files (x86)/atmel/studio/7.0/toolchain/arm/arm-gnu-toolchain/bin/../lib/gcc/arm-none-eabi/6.3.1/../../../../arm-none-eabi/lib/thumb/v7e-m\libc.a(lib_a-findfp.o)
                0x00402e24                __sinit
 .text.__sfp_lock_acquire
                0x00402e7c        0xc c:/program files (x86)/atmel/studio/7.0/toolchain/arm/arm-gnu-toolchain/bin/../lib/gcc/arm-none-eabi/6.3.1/../../../../arm-none-eabi/lib/thumb/v7e-m\libc.a(lib_a-findfp.o)
                0x00402e7c                __sfp_lock_acquire
 .text.__sfp_lock_release
                0x00402e88        0xc c:/program files (x86)/atmel/studio/7.0/toolchain/arm/arm-gnu-toolchain/bin/../lib/gcc/arm-none-eabi/6.3.1/../../../../arm-none-eabi/lib/thumb/v7e-m\libc.a(lib_a-findfp.o)
                0x00402e88                __sfp_lock_release
 .text.__libc_fini_array
                0x00402e94       0x34 c:/program files (x86)/atmel/studio/7.0/toolchain/arm/arm-gnu-toolchain/bin/../lib/gcc/arm-none-eabi/6.3.1/../../../../arm-none-eabi/lib/thumb/v7e-m\libc.a(lib_a-fini.o)
                0x00402e94                __libc_fini_array
 .text.__fputwc
                0x00402ec8       0xa0 c:/program files (x86)/atmel/studio/7.0/toolchain/arm/arm-gnu-toolchain/bin/../lib/gcc/arm-none-eabi/6.3.1/../../../../arm-none-eabi/lib/thumb/v7e-m\libc.a(lib_a-fputwc.o)
                0x00402ec8                __fputwc
 .text._fputwc_r
                0x00402f68       0x68 c:/program files (x86)/atmel/studio/7.0/toolchain/arm/arm-gnu-toolchain/bin/../lib/gcc/arm-none-eabi/6.3.1/../../../../arm-none-eabi/lib/thumb/v7e-m\libc.a(lib_a-fputwc.o)
                0x00402f68                _fputwc_r
 .text._malloc_trim_r
                0x00402fd0       0xa0 c:/program files (x86)/atmel/studio/7.0/toolchain/arm/arm-gnu-toolchain/bin/../lib/gcc/arm-none-eabi/6.3.1/../../../../arm-none-eabi/lib/thumb/v7e-m\libc.a(lib_a-freer.o)
                0x00402fd0                _malloc_trim_r
 .text._free_r  0x00403070      0x1cc c:/program files (x86)/atmel/studio/7.0/toolchain/arm/arm-gnu-toolchain/bin/../lib/gcc/arm-none-eabi/6.3.1/../../../../arm-none-eabi/lib/thumb/v7e-m\libc.a(lib_a-freer.o)
                0x00403070                _free_r
 .text.__sfvwrite_r
                0x0040323c      0x2f0 c:/program files (x86)/atmel/studio/7.0/toolchain/arm/arm-gnu-toolchain/bin/../lib/gcc/arm-none-eabi/6.3.1/../../../../arm-none-eabi/lib/thumb/v7e-m\libc.a(lib_a-fvwrite.o)
                0x0040323c                __sfvwrite_r
 .text._fwalk_reent
                0x0040352c       0x54 c:/program files (x86)/atmel/studio/7.0/toolchain/arm/arm-gnu-toolchain/bin/../lib/gcc/arm-none-eabi/6.3.1/../../../../arm-none-eabi/lib/thumb/v7e-m\libc.a(lib_a-fwalk.o)
                0x0040352c                _fwalk_reent
 .text.__locale_mb_cur_max
                0x00403580       0x1c c:/program files (x86)/atmel/studio/7.0/toolchain/arm/arm-gnu-toolchain/bin/../lib/gcc/arm-none-eabi/6.3.1/../../../../arm-none-eabi/lib/thumb/v7e-m\libc.a(lib_a-locale.o)
                0x00403580                __locale_mb_cur_max
 .text.__retarget_lock_init_recursive
                0x0040359c        0x4 c:/program files (x86)/atmel/studio/7.0/toolchain/arm/arm-gnu-toolchain/bin/../lib/gcc/arm-none-eabi/6.3.1/../../../../arm-none-eabi/lib/thumb/v7e-m\libc.a(lib_a-lock.o)
                0x0040359c                __retarget_lock_init_recursive
 .text.__retarget_lock_close_recursive
                0x004035a0        0x4 c:/program files (x86)/atmel/studio/7.0/toolchain/arm/arm-gnu-toolchain/bin/../lib/gcc/arm-none-eabi/6.3.1/../../../../arm-none-eabi/lib/thumb/v7e-m\libc.a(lib_a-lock.o)
                0x004035a0                __retarget_lock_close_recursive
 .text.__retarget_lock_acquire_recursive
                0x004035a4        0x4 c:/program files (x86)/atmel/studio/7.0/toolchain/arm/arm-gnu-toolchain/bin/../lib/gcc/arm-none-eabi/6.3.1/../../../../arm-none-eabi/lib/thumb/v7e-m\libc.a(lib_a-lock.o)
                0x004035a4                __retarget_lock_acquire_recursive
 .text.__retarget_lock_release_recursive
                0x004035a8        0x4 c:/program files (x86)/atmel/studio/7.0/toolchain/arm/arm-gnu-toolchain/bin/../lib/gcc/arm-none-eabi/6.3.1/../../../../arm-none-eabi/lib/thumb/v7e-m\libc.a(lib_a-lock.o)
                0x004035a8                __retarget_lock_release_recursive
 .text.__swhatbuf_r
                0x004035ac       0x5c c:/program files (x86)/atmel/studio/7.0/toolchain/arm/arm-gnu-toolchain/bin/../lib/gcc/arm-none-eabi/6.3.1/../../../../arm-none-eabi/lib/thumb/v7e-m\libc.a(lib_a-makebuf.o)
                0x004035ac                __swhatbuf_r
 .text.__smakebuf_r
                0x00403608       0x94 c:/program files (x86)/atmel/studio/7.0/toolchain/arm/arm-gnu-toolchain/bin/../lib/gcc/arm-none-eabi/6.3.1/../../../../arm-none-eabi/lib/thumb/v7e-m\libc.a(lib_a-makebuf.o)
                0x00403608                __smakebuf_r
 .text.malloc   0x0040369c       0x10 c:/program files (x86)/atmel/studio/7.0/toolchain/arm/arm-gnu-toolchain/bin/../lib/gcc/arm-none-eabi/6.3.1/../../../../arm-none-eabi/lib/thumb/v7e-m\libc.a(lib_a-malloc.o)
                0x0040369c                malloc
 .text._malloc_r
                0x004036ac      0x560 c:/program files (x86)/atmel/studio/7.0/toolchain/arm/arm-gnu-toolchain/bin/../lib/gcc/arm-none-eabi/6.3.1/../../../../arm-none-eabi/lib/thumb/v7e-m\libc.a(lib_a-mallocr.o)
                0x004036ac                _malloc_r
 .text.__ascii_mbtowc
                0x00403c0c       0x2c c:/program files (x86)/atmel/studio/7.0/toolchain/arm/arm-gnu-toolchain/bin/../lib/gcc/arm-none-eabi/6.3.1/../../../../arm-none-eabi/lib/thumb/v7e-m\libc.a(lib_a-mbtowc_r.o)
                0x00403c0c                __ascii_mbtowc
 *fill*         0x00403c38        0x8 
 .text          0x00403c40       0xa0 c:/program files (x86)/atmel/studio/7.0/toolchain/arm/arm-gnu-toolchain/bin/../lib/gcc/arm-none-eabi/6.3.1/../../../../arm-none-eabi/lib/thumb/v7e-m\libc.a(lib_a-memchr.o)
                0x00403c40                memchr
 .text.memmove  0x00403ce0       0xc8 c:/program files (x86)/atmel/studio/7.0/toolchain/arm/arm-gnu-toolchain/bin/../lib/gcc/arm-none-eabi/6.3.1/../../../../arm-none-eabi/lib/thumb/v7e-m\libc.a(lib_a-memmove.o)
                0x00403ce0                memmove
 .text.__malloc_lock
                0x00403da8        0xc c:/program files (x86)/atmel/studio/7.0/toolchain/arm/arm-gnu-toolchain/bin/../lib/gcc/arm-none-eabi/6.3.1/../../../../arm-none-eabi/lib/thumb/v7e-m\libc.a(lib_a-mlock.o)
                0x00403da8                __malloc_lock
 .text.__malloc_unlock
                0x00403db4        0xc c:/program files (x86)/atmel/studio/7.0/toolchain/arm/arm-gnu-toolchain/bin/../lib/gcc/arm-none-eabi/6.3.1/../../../../arm-none-eabi/lib/thumb/v7e-m\libc.a(lib_a-mlock.o)
                0x00403db4                __malloc_unlock
 .text._realloc_r
                0x00403dc0      0x34c c:/program files (x86)/atmel/studio/7.0/toolchain/arm/arm-gnu-toolchain/bin/../lib/gcc/arm-none-eabi/6.3.1/../../../../arm-none-eabi/lib/thumb/v7e-m\libc.a(lib_a-reallocr.o)
                0x00403dc0                _realloc_r
 .text._sbrk_r  0x0040410c       0x24 c:/program files (x86)/atmel/studio/7.0/toolchain/arm/arm-gnu-toolchain/bin/../lib/gcc/arm-none-eabi/6.3.1/../../../../arm-none-eabi/lib/thumb/v7e-m\libc.a(lib_a-sbrkr.o)
                0x0040410c                _sbrk_r
 .text._raise_r
                0x00404130       0x60 c:/program files (x86)/atmel/studio/7.0/toolchain/arm/arm-gnu-toolchain/bin/../lib/gcc/arm-none-eabi/6.3.1/../../../../arm-none-eabi/lib/thumb/v7e-m\libc.a(lib_a-signal.o)
                0x00404130                _raise_r
 .text.raise    0x00404190       0x10 c:/program files (x86)/atmel/studio/7.0/toolchain/arm/arm-gnu-toolchain/bin/../lib/gcc/arm-none-eabi/6.3.1/../../../../arm-none-eabi/lib/thumb/v7e-m\libc.a(lib_a-signal.o)
                0x00404190                raise
 .text._kill_r  0x004041a0       0x28 c:/program files (x86)/atmel/studio/7.0/toolchain/arm/arm-gnu-toolchain/bin/../lib/gcc/arm-none-eabi/6.3.1/../../../../arm-none-eabi/lib/thumb/v7e-m\libc.a(lib_a-signalr.o)
                0x004041a0                _kill_r
 .text._getpid_r
                0x004041c8        0x4 c:/program files (x86)/atmel/studio/7.0/toolchain/arm/arm-gnu-toolchain/bin/../lib/gcc/arm-none-eabi/6.3.1/../../../../arm-none-eabi/lib/thumb/v7e-m\libc.a(lib_a-signalr.o)
                0x004041c8                _getpid_r
 .text.__sread  0x004041cc       0x24 c:/program files (x86)/atmel/studio/7.0/toolchain/arm/arm-gnu-toolchain/bin/../lib/gcc/arm-none-eabi/6.3.1/../../../../arm-none-eabi/lib/thumb/v7e-m\libc.a(lib_a-stdio.o)
                0x004041cc                __sread
 .text.__swrite
                0x004041f0       0x3c c:/program files (x86)/atmel/studio/7.0/toolchain/arm/arm-gnu-toolchain/bin/../lib/gcc/arm-none-eabi/6.3.1/../../../../arm-none-eabi/lib/thumb/v7e-m\libc.a(lib_a-stdio.o)
                0x004041f0                __swrite
 .text.__sseek  0x0040422c       0x20 c:/program files (x86)/atmel/studio/7.0/toolchain/arm/arm-gnu-toolchain/bin/../lib/gcc/arm-none-eabi/6.3.1/../../../../arm-none-eabi/lib/thumb/v7e-m\libc.a(lib_a-stdio.o)
                0x0040422c                __sseek
 .text.__sclose
                0x0040424c        0x8 c:/program files (x86)/atmel/studio/7.0/toolchain/arm/arm-gnu-toolchain/bin/../lib/gcc/arm-none-eabi/6.3.1/../../../../arm-none-eabi/lib/thumb/v7e-m\libc.a(lib_a-stdio.o)
                0x0040424c                __sclose
 *fill*         0x00404254       0x2c 
 .text          0x00404280       0xdc c:/program files (x86)/atmel/studio/7.0/toolchain/arm/arm-gnu-toolchain/bin/../lib/gcc/arm-none-eabi/6.3.1/../../../../arm-none-eabi/lib/thumb/v7e-m\libc.a(lib_a-strlen.o)
                0x00404280                strlen
 .text.__swbuf_r
                0x0040435c       0xb0 c:/program files (x86)/atmel/studio/7.0/toolchain/arm/arm-gnu-toolchain/bin/../lib/gcc/arm-none-eabi/6.3.1/../../../../arm-none-eabi/lib/thumb/v7e-m\libc.a(lib_a-wbuf.o)
                0x0040435c                __swbuf_r
 .text._wcrtomb_r
                0x0040440c       0x54 c:/program files (x86)/atmel/studio/7.0/toolchain/arm/arm-gnu-toolchain/bin/../lib/gcc/arm-none-eabi/6.3.1/../../../../arm-none-eabi/lib/thumb/v7e-m\libc.a(lib_a-wcrtomb.o)
                0x0040440c                _wcrtomb_r
 .text.__ascii_wctomb
                0x00404460       0x1c c:/program files (x86)/atmel/studio/7.0/toolchain/arm/arm-gnu-toolchain/bin/../lib/gcc/arm-none-eabi/6.3.1/../../../../arm-none-eabi/lib/thumb/v7e-m\libc.a(lib_a-wctomb_r.o)
                0x00404460                __ascii_wctomb
 .text._write_r
                0x0040447c       0x2c c:/program files (x86)/atmel/studio/7.0/toolchain/arm/arm-gnu-toolchain/bin/../lib/gcc/arm-none-eabi/6.3.1/../../../../arm-none-eabi/lib/thumb/v7e-m\libc.a(lib_a-writer.o)
                0x0040447c                _write_r
 .text.__register_exitproc
                0x004044a8       0xc4 c:/program files (x86)/atmel/studio/7.0/toolchain/arm/arm-gnu-toolchain/bin/../lib/gcc/arm-none-eabi/6.3.1/../../../../arm-none-eabi/lib/thumb/v7e-m\libc.a(lib_a-__atexit.o)
                0x004044a8                __register_exitproc
 .text._close_r
                0x0040456c       0x24 c:/program files (x86)/atmel/studio/7.0/toolchain/arm/arm-gnu-toolchain/bin/../lib/gcc/arm-none-eabi/6.3.1/../../../../arm-none-eabi/lib/thumb/v7e-m\libc.a(lib_a-closer.o)
                0x0040456c                _close_r
 .text._fclose_r
                0x00404590       0xc4 c:/program files (x86)/atmel/studio/7.0/toolchain/arm/arm-gnu-toolchain/bin/../lib/gcc/arm-none-eabi/6.3.1/../../../../arm-none-eabi/lib/thumb/v7e-m\libc.a(lib_a-fclose.o)
                0x00404590                _fclose_r
 .text._fstat_r
                0x00404654       0x28 c:/program files (x86)/atmel/studio/7.0/toolchain/arm/arm-gnu-toolchain/bin/../lib/gcc/arm-none-eabi/6.3.1/../../../../arm-none-eabi/lib/thumb/v7e-m\libc.a(lib_a-fstatr.o)
                0x00404654                _fstat_r
 .text._isatty_r
                0x0040467c       0x24 c:/program files (x86)/atmel/studio/7.0/toolchain/arm/arm-gnu-toolchain/bin/../lib/gcc/arm-none-eabi/6.3.1/../../../../arm-none-eabi/lib/thumb/v7e-m\libc.a(lib_a-isattyr.o)
                0x0040467c                _isatty_r
 .text._lseek_r
                0x004046a0       0x2c c:/program files (x86)/atmel/studio/7.0/toolchain/arm/arm-gnu-toolchain/bin/../lib/gcc/arm-none-eabi/6.3.1/../../../../arm-none-eabi/lib/thumb/v7e-m\libc.a(lib_a-lseekr.o)
                0x004046a0                _lseek_r
 .text._read_r  0x004046cc       0x2c c:/program files (x86)/atmel/studio/7.0/toolchain/arm/arm-gnu-toolchain/bin/../lib/gcc/arm-none-eabi/6.3.1/../../../../arm-none-eabi/lib/thumb/v7e-m\libc.a(lib_a-readr.o)
                0x004046cc                _read_r
 .text          0x004046f8       0x30 c:/program files (x86)/atmel/studio/7.0/toolchain/arm/arm-gnu-toolchain/bin/../lib/gcc/arm-none-eabi/6.3.1/thumb/v7e-m\libgcc.a(_aeabi_uldivmod.o)
                0x004046f8                __aeabi_uldivmod
 .text          0x00404728      0x2dc c:/program files (x86)/atmel/studio/7.0/toolchain/arm/arm-gnu-toolchain/bin/../lib/gcc/arm-none-eabi/6.3.1/thumb/v7e-m\libgcc.a(_udivmoddi4.o)
                0x00404728                __udivmoddi4
 .text          0x00404a04        0x4 c:/program files (x86)/atmel/studio/7.0/toolchain/arm/arm-gnu-toolchain/bin/../lib/gcc/arm-none-eabi/6.3.1/thumb/v7e-m\libgcc.a(_dvmd_tls.o)
                0x00404a04                __aeabi_idiv0
                0x00404a04                __aeabi_ldiv0
 *(.glue_7t)
 .glue_7t       0x00404a08        0x0 linker stubs
 *(.glue_7)
 .glue_7        0x00404a08        0x0 linker stubs
 *(.rodata .rodata* .gnu.linkonce.r.*)
 .rodata.__func__.5477
                0x00404a08       0x20 bbcore/cc/can_elem.o
 .rodata.can_elem_get_can_msg_info_msgid.str1.4
                0x00404a28       0x30 bbcore/cc/can_elem.o
 .rodata.__func__.5838
                0x00404a58       0x1a blackboard/bb_port.o
 *fill*         0x00404a72        0x2 
 .rodata.__func__.5847
                0x00404a74       0x1a blackboard/bb_port.o
 *fill*         0x00404a8e        0x2 
 .rodata.__func__.5870
                0x00404a90       0x1a blackboard/bb_port.o
 *fill*         0x00404aaa        0x2 
 .rodata.bb_port_set_data_direct16.str1.4
                0x00404aac       0x38 blackboard/bb_port.o
 .rodata.bb_port_set_data_direct32.str1.4
                0x00404ae4       0x16 blackboard/bb_port.o
 *fill*         0x00404afa        0x2 
 .rodata.can_spec_can_element_list
                0x00404afc      0x168 blackboard/can_spec.o
                0x00404afc                can_spec_can_element_list
 .rodata.str1.4
                0x00404c64       0xf7 blackboard/can_spec.o
                                0x127 (size before relaxing)
 *fill*         0x00404d5b        0x1 
 .rodata.SCMCallback_print.str1.4
                0x00404d5c        0xd blackboard/scm_callbacks.o
 *fill*         0x00404d69        0x3 
 .rodata.__func__.6481
                0x00404d6c        0xe blackboard/scm_can_trans.o
 *fill*         0x00404d7a        0x2 
 .rodata.scm_can_trans.str1.4
                0x00404d7c       0x46 blackboard/scm_can_trans.o
 *fill*         0x00404dc2        0x2 
 .rodata.MCAN1_INT0_Handler.str1.4
                0x00404dc4       0xc1 Driver/CanDriver.o
 *fill*         0x00404e85        0x3 
 .rodata.candriver_read.str1.4
                0x00404e88        0xc Driver/CanDriver.o
 .rodata.__assert_func.str1.4
                0x00404e94       0x3f c:/program files (x86)/atmel/studio/7.0/toolchain/arm/arm-gnu-toolchain/bin/../lib/gcc/arm-none-eabi/6.3.1/../../../../arm-none-eabi/lib/thumb/v7e-m\libc.a(lib_a-assert.o)
                                 0x43 (size before relaxing)
 *fill*         0x00404ed3        0x1 
 .rodata._global_impure_ptr
                0x00404ed4        0x4 c:/program files (x86)/atmel/studio/7.0/toolchain/arm/arm-gnu-toolchain/bin/../lib/gcc/arm-none-eabi/6.3.1/../../../../arm-none-eabi/lib/thumb/v7e-m\libc.a(lib_a-impure.o)
                0x00404ed4                _global_impure_ptr
 .rodata._vfiprintf_r.str1.4
                0x00404ed8       0x2f c:/program files (x86)/atmel/studio/7.0/toolchain/arm/arm-gnu-toolchain/bin/../lib/gcc/arm-none-eabi/6.3.1/../../../../arm-none-eabi/lib/thumb/v7e-m\libc.a(lib_a-vfiprintf.o)
 *fill*         0x00404f07        0x1 
 .rodata.blanks.7217
                0x00404f08       0x10 c:/program files (x86)/atmel/studio/7.0/toolchain/arm/arm-gnu-toolchain/bin/../lib/gcc/arm-none-eabi/6.3.1/../../../../arm-none-eabi/lib/thumb/v7e-m\libc.a(lib_a-vfiprintf.o)
 .rodata.zeroes.7218
                0x00404f18       0x10 c:/program files (x86)/atmel/studio/7.0/toolchain/arm/arm-gnu-toolchain/bin/../lib/gcc/arm-none-eabi/6.3.1/../../../../arm-none-eabi/lib/thumb/v7e-m\libc.a(lib_a-vfiprintf.o)
 .rodata._setlocale_r.str1.4
                0x00404f28        0xa c:/program files (x86)/atmel/studio/7.0/toolchain/arm/arm-gnu-toolchain/bin/../lib/gcc/arm-none-eabi/6.3.1/../../../../arm-none-eabi/lib/thumb/v7e-m\libc.a(lib_a-locale.o)
                                  0xd (size before relaxing)
 *fill*         0x00404f32        0x2 
 .rodata.str1.4
                0x00404f34        0x4 c:/program files (x86)/atmel/studio/7.0/toolchain/arm/arm-gnu-toolchain/bin/../lib/gcc/arm-none-eabi/6.3.1/../../../../arm-none-eabi/lib/thumb/v7e-m\libc.a(lib_a-locale.o)
                                  0x2 (size before relaxing)
 .rodata._ctype_
                0x00404f38      0x101 c:/program files (x86)/atmel/studio/7.0/toolchain/arm/arm-gnu-toolchain/bin/../lib/gcc/arm-none-eabi/6.3.1/../../../../arm-none-eabi/lib/thumb/v7e-m\libc.a(lib_a-ctype_.o)
                0x00404f38                _ctype_
 *(.ARM.extab* .gnu.linkonce.armextab.*)
                0x0040503c                . = ALIGN (0x4)
 *fill*         0x00405039        0x3 
 *(.init)
 .init          0x0040503c        0x4 c:/program files (x86)/atmel/studio/7.0/toolchain/arm/arm-gnu-toolchain/bin/../lib/gcc/arm-none-eabi/6.3.1/thumb/v7e-m/crti.o
                0x0040503c                _init
 .init          0x00405040        0x8 c:/program files (x86)/atmel/studio/7.0/toolchain/arm/arm-gnu-toolchain/bin/../lib/gcc/arm-none-eabi/6.3.1/thumb/v7e-m/crtn.o
                0x00405048                . = ALIGN (0x4)
                0x00405048                __preinit_array_start = .
 *(.preinit_array)
                0x00405048                __preinit_array_end = .
                0x00405048                . = ALIGN (0x4)
                0x00405048                __init_array_start = .
 *(SORT(.init_array.*))
 .init_array.00000
                0x00405048        0x4 c:/program files (x86)/atmel/studio/7.0/toolchain/arm/arm-gnu-toolchain/bin/../lib/gcc/arm-none-eabi/6.3.1/../../../../arm-none-eabi/lib/thumb/v7e-m\libc.a(lib_a-__call_atexit.o)
 *(.init_array)
 .init_array    0x0040504c        0x4 c:/program files (x86)/atmel/studio/7.0/toolchain/arm/arm-gnu-toolchain/bin/../lib/gcc/arm-none-eabi/6.3.1/thumb/v7e-m/crtbegin.o
                0x00405050                __init_array_end = .
                0x00405050                . = ALIGN (0x4)
 *crtbegin.o(.ctors)
 *(EXCLUDE_FILE(*crtend.o) .ctors)
 *(SORT(.ctors.*))
 *crtend.o(.ctors)
                0x00405050                . = ALIGN (0x4)
 *(.fini)
 .fini          0x00405050        0x4 c:/program files (x86)/atmel/studio/7.0/toolchain/arm/arm-gnu-toolchain/bin/../lib/gcc/arm-none-eabi/6.3.1/thumb/v7e-m/crti.o
                0x00405050                _fini
 .fini          0x00405054        0x8 c:/program files (x86)/atmel/studio/7.0/toolchain/arm/arm-gnu-toolchain/bin/../lib/gcc/arm-none-eabi/6.3.1/thumb/v7e-m/crtn.o
                0x0040505c                . = ALIGN (0x4)
                0x0040505c                __fini_array_start = .
 *(.fini_array)
 .fini_array    0x0040505c        0x4 c:/program files (x86)/atmel/studio/7.0/toolchain/arm/arm-gnu-toolchain/bin/../lib/gcc/arm-none-eabi/6.3.1/thumb/v7e-m/crtbegin.o
 *(SORT(.fini_array.*))
                0x00405060                __fini_array_end = .
 *crtbegin.o(.dtors)
 *(EXCLUDE_FILE(*crtend.o) .dtors)
 *(SORT(.dtors.*))
 *crtend.o(.dtors)
                0x00405060                . = ALIGN (0x4)
                0x00405060                _efixed = .
                [!provide]                PROVIDE (__exidx_start, .)

.vfp11_veneer   0x00405060        0x0
 .vfp11_veneer  0x00405060        0x0 linker stubs

.v4_bx          0x00405060        0x0
 .v4_bx         0x00405060        0x0 linker stubs

.iplt           0x00405060        0x0
 .iplt          0x00405060        0x0 c:/program files (x86)/atmel/studio/7.0/toolchain/arm/arm-gnu-toolchain/bin/../lib/gcc/arm-none-eabi/6.3.1/thumb/v7e-m/crtbegin.o

.ARM.exidx      0x00405060        0x8
 *(.ARM.exidx* .gnu.linkonce.armexidx.*)
 .ARM.exidx     0x00405060        0x8 c:/program files (x86)/atmel/studio/7.0/toolchain/arm/arm-gnu-toolchain/bin/../lib/gcc/arm-none-eabi/6.3.1/thumb/v7e-m\libgcc.a(_udivmoddi4.o)
                [!provide]                PROVIDE (__exidx_end, .)

.eh_frame       0x00405068        0x0
 .eh_frame      0x00405068        0x0 c:/program files (x86)/atmel/studio/7.0/toolchain/arm/arm-gnu-toolchain/bin/../lib/gcc/arm-none-eabi/6.3.1/thumb/v7e-m/crtbegin.o

.rel.dyn        0x00405068        0x0
 .rel.iplt      0x00405068        0x0 c:/program files (x86)/atmel/studio/7.0/toolchain/arm/arm-gnu-toolchain/bin/../lib/gcc/arm-none-eabi/6.3.1/thumb/v7e-m/crtbegin.o

.jcr            0x00405068        0x0
 .jcr           0x00405068        0x0 c:/program files (x86)/atmel/studio/7.0/toolchain/arm/arm-gnu-toolchain/bin/../lib/gcc/arm-none-eabi/6.3.1/thumb/v7e-m/crtbegin.o

.igot.plt       0x00405068        0x0
 .igot.plt      0x00405068        0x0 c:/program files (x86)/atmel/studio/7.0/toolchain/arm/arm-gnu-toolchain/bin/../lib/gcc/arm-none-eabi/6.3.1/thumb/v7e-m/crtbegin.o
                0x00405068                . = ALIGN (0x4)
                0x00405068                _etext = .

.relocate       0x20400000      0x9c0 load address 0x00405068
                0x20400000                . = ALIGN (0x4)
                0x20400000                _srelocate = .
 *(.ramfunc .ramfunc.*)
 *(.data .data.*)
 .data.icanHazTxers.8828
                0x20400000        0x8 blackboard/can_tx_processor.o
 .data.g_interrupt_enabled
                0x20400008        0x1 src/ASF/common/utils/interrupt/interrupt_sam_nvic.o
                0x20400008                g_interrupt_enabled
 *fill*         0x20400009        0x3 
 .data.SystemCoreClock
                0x2040000c        0x4 src/ASF/sam/utils/cmsis/samv71/source/templates/system_samv71.o
                0x2040000c                SystemCoreClock
 .data._impure_ptr
                0x20400010        0x4 c:/program files (x86)/atmel/studio/7.0/toolchain/arm/arm-gnu-toolchain/bin/../lib/gcc/arm-none-eabi/6.3.1/../../../../arm-none-eabi/lib/thumb/v7e-m\libc.a(lib_a-impure.o)
                0x20400010                _impure_ptr
 *fill*         0x20400014        0x4 
 .data.impure_data
                0x20400018      0x428 c:/program files (x86)/atmel/studio/7.0/toolchain/arm/arm-gnu-toolchain/bin/../lib/gcc/arm-none-eabi/6.3.1/../../../../arm-none-eabi/lib/thumb/v7e-m\libc.a(lib_a-impure.o)
 .data.__atexit_recursive_mutex
                0x20400440        0x4 c:/program files (x86)/atmel/studio/7.0/toolchain/arm/arm-gnu-toolchain/bin/../lib/gcc/arm-none-eabi/6.3.1/../../../../arm-none-eabi/lib/thumb/v7e-m\libc.a(lib_a-__call_atexit.o)
                0x20400440                __atexit_recursive_mutex
 .data.__global_locale
                0x20400444      0x16c c:/program files (x86)/atmel/studio/7.0/toolchain/arm/arm-gnu-toolchain/bin/../lib/gcc/arm-none-eabi/6.3.1/../../../../arm-none-eabi/lib/thumb/v7e-m\libc.a(lib_a-locale.o)
                0x20400444                __global_locale
 .data.__malloc_av_
                0x204005b0      0x408 c:/program files (x86)/atmel/studio/7.0/toolchain/arm/arm-gnu-toolchain/bin/../lib/gcc/arm-none-eabi/6.3.1/../../../../arm-none-eabi/lib/thumb/v7e-m\libc.a(lib_a-mallocr.o)
                0x204005b0                __malloc_av_
 .data.__malloc_sbrk_base
                0x204009b8        0x4 c:/program files (x86)/atmel/studio/7.0/toolchain/arm/arm-gnu-toolchain/bin/../lib/gcc/arm-none-eabi/6.3.1/../../../../arm-none-eabi/lib/thumb/v7e-m\libc.a(lib_a-mallocr.o)
                0x204009b8                __malloc_sbrk_base
 .data.__malloc_trim_threshold
                0x204009bc        0x4 c:/program files (x86)/atmel/studio/7.0/toolchain/arm/arm-gnu-toolchain/bin/../lib/gcc/arm-none-eabi/6.3.1/../../../../arm-none-eabi/lib/thumb/v7e-m\libc.a(lib_a-mallocr.o)
                0x204009bc                __malloc_trim_threshold
                0x204009c0                . = ALIGN (0x4)
                0x204009c0                _erelocate = .

.bss            0x204009c0      0xb18 load address 0x00405a28
                0x204009c0                . = ALIGN (0x4)
                0x204009c0                _sbss = .
                0x204009c0                _szero = .
 *(.bss .bss.*)
 .bss           0x204009c0       0x1c c:/program files (x86)/atmel/studio/7.0/toolchain/arm/arm-gnu-toolchain/bin/../lib/gcc/arm-none-eabi/6.3.1/thumb/v7e-m/crtbegin.o
 .bss.theBB.5578
                0x204009dc       0x60 blackboard/blackboard.o
 .bss.bbtxProc  0x20400a3c        0xc blackboard/can_tx_processor.o
 .bss.prevTicks
                0x20400a48        0x4 blackboard/can_tx_processor.o
 .bss.sleepTicks
                0x20400a4c        0x4 blackboard/can_tx_processor.o
 .bss.hackyStickyCounter
                0x20400a50        0x4 blackboard/scm_callbacks.o
 .bss.currentCount.5489
                0x20400a54        0x2 Driver/message_ctrl.o
 .bss.count_1   0x20400a56        0x2 src/sample.o
 .bss.mcan_instance
                0x20400a58        0x4 Driver/CanDriver.o
 .bss.rx_element_fifo_0
                0x20400a5c       0x10 Driver/CanDriver.o
 .bss.standard_receive_index
                0x20400a6c        0x4 Driver/CanDriver.o
 .bss.mcan0_rx_buffer
                0x20400a70      0x100 src/ASF/sam/drivers/mcan/mcan.o
 .bss.mcan0_rx_extended_filter
                0x20400b70       0x80 src/ASF/sam/drivers/mcan/mcan.o
 .bss.mcan0_rx_fifo_0
                0x20400bf0      0x100 src/ASF/sam/drivers/mcan/mcan.o
 .bss.mcan0_rx_fifo_1
                0x20400cf0      0x100 src/ASF/sam/drivers/mcan/mcan.o
 .bss.mcan0_rx_standard_filter
                0x20400df0       0x80 src/ASF/sam/drivers/mcan/mcan.o
 .bss.mcan0_tx_buffer
                0x20400e70       0x80 src/ASF/sam/drivers/mcan/mcan.o
 .bss.mcan0_tx_event_fifo
                0x20400ef0       0x40 src/ASF/sam/drivers/mcan/mcan.o
 .bss.mcan1_rx_buffer
                0x20400f30      0x100 src/ASF/sam/drivers/mcan/mcan.o
 .bss.mcan1_rx_extended_filter
                0x20401030       0x80 src/ASF/sam/drivers/mcan/mcan.o
 .bss.mcan1_rx_fifo_0
                0x204010b0      0x100 src/ASF/sam/drivers/mcan/mcan.o
 .bss.mcan1_rx_fifo_1
                0x204011b0      0x100 src/ASF/sam/drivers/mcan/mcan.o
 .bss.mcan1_rx_standard_filter
                0x204012b0       0x80 src/ASF/sam/drivers/mcan/mcan.o
 .bss.mcan1_tx_buffer
                0x20401330       0x80 src/ASF/sam/drivers/mcan/mcan.o
 .bss.mcan1_tx_event_fifo
                0x204013b0       0x40 src/ASF/sam/drivers/mcan/mcan.o
 .bss.gs_interrupt_sources
                0x204013f0       0x70 src/ASF/sam/drivers/pio/pio_handler.o
 .bss.ul_reg_val.9529
                0x20401460        0x4 src/ASF/sam/drivers/usart/usart.o
 .bss.heap.6420
                0x20401464        0x4 src/ASF/sam/utils/syscalls/gcc/syscalls.o
 .bss.g_tickCount
                0x20401468        0x4 src/qs_mcan_basic.o
                0x20401468                g_tickCount
 .bss.g_tx_tick_count_ms
                0x2040146c        0x4 src/qs_mcan_basic.o
                0x2040146c                g_tx_tick_count_ms
 .bss.__malloc_current_mallinfo
                0x20401470       0x28 c:/program files (x86)/atmel/studio/7.0/toolchain/arm/arm-gnu-toolchain/bin/../lib/gcc/arm-none-eabi/6.3.1/../../../../arm-none-eabi/lib/thumb/v7e-m\libc.a(lib_a-mallocr.o)
                0x20401470                __malloc_current_mallinfo
 .bss.__malloc_max_sbrked_mem
                0x20401498        0x4 c:/program files (x86)/atmel/studio/7.0/toolchain/arm/arm-gnu-toolchain/bin/../lib/gcc/arm-none-eabi/6.3.1/../../../../arm-none-eabi/lib/thumb/v7e-m\libc.a(lib_a-mallocr.o)
                0x20401498                __malloc_max_sbrked_mem
 .bss.__malloc_max_total_mem
                0x2040149c        0x4 c:/program files (x86)/atmel/studio/7.0/toolchain/arm/arm-gnu-toolchain/bin/../lib/gcc/arm-none-eabi/6.3.1/../../../../arm-none-eabi/lib/thumb/v7e-m\libc.a(lib_a-mallocr.o)
                0x2040149c                __malloc_max_total_mem
 .bss.__malloc_top_pad
                0x204014a0        0x4 c:/program files (x86)/atmel/studio/7.0/toolchain/arm/arm-gnu-toolchain/bin/../lib/gcc/arm-none-eabi/6.3.1/../../../../arm-none-eabi/lib/thumb/v7e-m\libc.a(lib_a-mallocr.o)
                0x204014a0                __malloc_top_pad
 *(COMMON)
 COMMON         0x204014a4        0x4 src/ASF/common/utils/stdio/read.o
                0x204014a4                ptr_get
 COMMON         0x204014a8        0x8 src/ASF/common/utils/stdio/write.o
                0x204014a8                ptr_put
                0x204014ac                stdio_base
 COMMON         0x204014b0       0x21 c:/program files (x86)/atmel/studio/7.0/toolchain/arm/arm-gnu-toolchain/bin/../lib/gcc/arm-none-eabi/6.3.1/../../../../arm-none-eabi/lib/thumb/v7e-m\libc.a(lib_a-lock.o)
                0x204014b0                __lock___atexit_recursive_mutex
                0x204014b4                __lock___arc4random_mutex
                0x204014b8                __lock___env_recursive_mutex
                0x204014bc                __lock___sinit_recursive_mutex
                0x204014c0                __lock___malloc_recursive_mutex
                0x204014c4                __lock___at_quick_exit_mutex
                0x204014c8                __lock___dd_hash_mutex
                0x204014cc                __lock___tz_mutex
                0x204014d0                __lock___sfp_recursive_mutex
 *fill*         0x204014d1        0x3 
 COMMON         0x204014d4        0x4 c:/program files (x86)/atmel/studio/7.0/toolchain/arm/arm-gnu-toolchain/bin/../lib/gcc/arm-none-eabi/6.3.1/../../../../arm-none-eabi/lib/thumb/v7e-m\libc.a(lib_a-reent.o)
                0x204014d4                errno
                0x204014d8                . = ALIGN (0x4)
                0x204014d8                _ebss = .
                0x204014d8                _ezero = .

.stack          0x204014d8     0x2000 load address 0x00406540
                0x204014d8                . = ALIGN (0x8)
                0x204014d8                _sstack = .
                0x204034d8                . = (. + STACK_SIZE)
 *fill*         0x204014d8     0x2000 
                0x204034d8                . = ALIGN (0x8)
                0x204034d8                _estack = .

.heap           0x204034d8      0x200 load address 0x00408540
                0x204034d8                . = ALIGN (0x8)
                0x204034d8                _sheap = .
                0x204036d8                . = (. + HEAP_SIZE)
 *fill*         0x204034d8      0x200 
                0x204036d8                . = ALIGN (0x8)
                0x204036d8                _eheap = .
                0x204036d8                . = ALIGN (0x4)
                0x204036d8                _end = .
                0x2045ffff                _ram_end_ = ((ORIGIN (ram) + LENGTH (ram)) - 0x1)
OUTPUT(MCAN_Test.elf elf32-littlearm)

.ARM.attributes
                0x00000000       0x2e
 .ARM.attributes
                0x00000000       0x1e c:/program files (x86)/atmel/studio/7.0/toolchain/arm/arm-gnu-toolchain/bin/../lib/gcc/arm-none-eabi/6.3.1/thumb/v7e-m/crti.o
 .ARM.attributes
                0x0000001e       0x2e c:/program files (x86)/atmel/studio/7.0/toolchain/arm/arm-gnu-toolchain/bin/../lib/gcc/arm-none-eabi/6.3.1/thumb/v7e-m/crtbegin.o
 .ARM.attributes
                0x0000004c       0x37 bbcore/cc/bb_elem.o
 .ARM.attributes
                0x00000083       0x37 bbcore/cc/bb_tx_proc.o
 .ARM.attributes
                0x000000ba       0x37 bbcore/cc/can_elem.o
 .ARM.attributes
                0x000000f1       0x37 blackboard/bb_port.o
 .ARM.attributes
                0x00000128       0x37 blackboard/blackboard.o
 .ARM.attributes
                0x0000015f       0x37 blackboard/can_rx_processor.o
 .ARM.attributes
                0x00000196       0x37 blackboard/can_spec.o
 .ARM.attributes
                0x000001cd       0x37 blackboard/can_tx_processor.o
 .ARM.attributes
                0x00000204       0x37 blackboard/scm_callbacks.o
 .ARM.attributes
                0x0000023b       0x37 Driver/message_ctrl.o
 .ARM.attributes
                0x00000272       0x37 src/sample.o
 .ARM.attributes
                0x000002a9       0x37 blackboard/scm_can_trans.o
 .ARM.attributes
                0x000002e0       0x37 Driver/CanDriver.o
 .ARM.attributes
                0x00000317       0x37 src/ASF/common/services/clock/samv71/sysclk.o
 .ARM.attributes
                0x0000034e       0x37 src/ASF/common/utils/interrupt/interrupt_sam_nvic.o
 .ARM.attributes
                0x00000385       0x37 src/ASF/common/utils/stdio/read.o
 .ARM.attributes
                0x000003bc       0x37 src/ASF/common/utils/stdio/write.o
 .ARM.attributes
                0x000003f3       0x37 src/ASF/sam/boards/samv71_xplained_ultra/init.o
 .ARM.attributes
                0x0000042a       0x37 src/ASF/sam/drivers/mcan/mcan.o
 .ARM.attributes
                0x00000461       0x37 src/ASF/sam/drivers/pio/pio.o
 .ARM.attributes
                0x00000498       0x37 src/ASF/sam/drivers/pio/pio_handler.o
 .ARM.attributes
                0x000004cf       0x37 src/ASF/sam/drivers/pmc/pmc.o
 .ARM.attributes
                0x00000506       0x37 src/ASF/sam/drivers/uart/uart.o
 .ARM.attributes
                0x0000053d       0x37 src/ASF/sam/drivers/usart/usart.o
 .ARM.attributes
                0x00000574       0x37 src/ASF/sam/utils/cmsis/samv71/source/templates/gcc/startup_samv71.o
 .ARM.attributes
                0x000005ab       0x37 src/ASF/sam/utils/cmsis/samv71/source/templates/system_samv71.o
 .ARM.attributes
                0x000005e2       0x37 src/ASF/sam/utils/syscalls/gcc/syscalls.o
 .ARM.attributes
                0x00000619       0x37 src/qs_mcan_basic.o
 .ARM.attributes
                0x00000650       0x2e c:/program files (x86)/atmel/studio/7.0/toolchain/arm/arm-gnu-toolchain/bin/../lib/gcc/arm-none-eabi/6.3.1/../../../../arm-none-eabi/lib/thumb/v7e-m\libc.a(lib_a-assert.o)
 .ARM.attributes
                0x0000067e       0x2e c:/program files (x86)/atmel/studio/7.0/toolchain/arm/arm-gnu-toolchain/bin/../lib/gcc/arm-none-eabi/6.3.1/../../../../arm-none-eabi/lib/thumb/v7e-m\libc.a(lib_a-fiprintf.o)
 .ARM.attributes
                0x000006ac       0x2e c:/program files (x86)/atmel/studio/7.0/toolchain/arm/arm-gnu-toolchain/bin/../lib/gcc/arm-none-eabi/6.3.1/../../../../arm-none-eabi/lib/thumb/v7e-m\libc.a(lib_a-impure.o)
 .ARM.attributes
                0x000006da       0x2e c:/program files (x86)/atmel/studio/7.0/toolchain/arm/arm-gnu-toolchain/bin/../lib/gcc/arm-none-eabi/6.3.1/../../../../arm-none-eabi/lib/thumb/v7e-m\libc.a(lib_a-init.o)
 .ARM.attributes
                0x00000708       0x2e c:/program files (x86)/atmel/studio/7.0/toolchain/arm/arm-gnu-toolchain/bin/../lib/gcc/arm-none-eabi/6.3.1/../../../../arm-none-eabi/lib/thumb/v7e-m\libc.a(lib_a-iprintf.o)
 .ARM.attributes
                0x00000736       0x1c c:/program files (x86)/atmel/studio/7.0/toolchain/arm/arm-gnu-toolchain/bin/../lib/gcc/arm-none-eabi/6.3.1/../../../../arm-none-eabi/lib/thumb/v7e-m\libc.a(lib_a-memcpy.o)
 .ARM.attributes
                0x00000752       0x2e c:/program files (x86)/atmel/studio/7.0/toolchain/arm/arm-gnu-toolchain/bin/../lib/gcc/arm-none-eabi/6.3.1/../../../../arm-none-eabi/lib/thumb/v7e-m\libc.a(lib_a-memset.o)
 .ARM.attributes
                0x00000780       0x2e c:/program files (x86)/atmel/studio/7.0/toolchain/arm/arm-gnu-toolchain/bin/../lib/gcc/arm-none-eabi/6.3.1/../../../../arm-none-eabi/lib/thumb/v7e-m\libc.a(lib_a-setbuf.o)
 .ARM.attributes
                0x000007ae       0x2e c:/program files (x86)/atmel/studio/7.0/toolchain/arm/arm-gnu-toolchain/bin/../lib/gcc/arm-none-eabi/6.3.1/../../../../arm-none-eabi/lib/thumb/v7e-m\libc.a(lib_a-setvbuf.o)
 .ARM.attributes
                0x000007dc       0x2e c:/program files (x86)/atmel/studio/7.0/toolchain/arm/arm-gnu-toolchain/bin/../lib/gcc/arm-none-eabi/6.3.1/../../../../arm-none-eabi/lib/thumb/v7e-m\libc.a(lib_a-vfiprintf.o)
 .ARM.attributes
                0x0000080a       0x2e c:/program files (x86)/atmel/studio/7.0/toolchain/arm/arm-gnu-toolchain/bin/../lib/gcc/arm-none-eabi/6.3.1/../../../../arm-none-eabi/lib/thumb/v7e-m\libc.a(lib_a-wsetup.o)
 .ARM.attributes
                0x00000838       0x2e c:/program files (x86)/atmel/studio/7.0/toolchain/arm/arm-gnu-toolchain/bin/../lib/gcc/arm-none-eabi/6.3.1/../../../../arm-none-eabi/lib/thumb/v7e-m\libc.a(lib_a-__call_atexit.o)
 .ARM.attributes
                0x00000866       0x2e c:/program files (x86)/atmel/studio/7.0/toolchain/arm/arm-gnu-toolchain/bin/../lib/gcc/arm-none-eabi/6.3.1/../../../../arm-none-eabi/lib/thumb/v7e-m\libc.a(lib_a-abort.o)
 .ARM.attributes
                0x00000894       0x2e c:/program files (x86)/atmel/studio/7.0/toolchain/arm/arm-gnu-toolchain/bin/../lib/gcc/arm-none-eabi/6.3.1/../../../../arm-none-eabi/lib/thumb/v7e-m\libc.a(lib_a-atexit.o)
 .ARM.attributes
                0x000008c2       0x2e c:/program files (x86)/atmel/studio/7.0/toolchain/arm/arm-gnu-toolchain/bin/../lib/gcc/arm-none-eabi/6.3.1/../../../../arm-none-eabi/lib/thumb/v7e-m\libc.a(lib_a-fflush.o)
 .ARM.attributes
                0x000008f0       0x2e c:/program files (x86)/atmel/studio/7.0/toolchain/arm/arm-gnu-toolchain/bin/../lib/gcc/arm-none-eabi/6.3.1/../../../../arm-none-eabi/lib/thumb/v7e-m\libc.a(lib_a-findfp.o)
 .ARM.attributes
                0x0000091e       0x2e c:/program files (x86)/atmel/studio/7.0/toolchain/arm/arm-gnu-toolchain/bin/../lib/gcc/arm-none-eabi/6.3.1/../../../../arm-none-eabi/lib/thumb/v7e-m\libc.a(lib_a-fini.o)
 .ARM.attributes
                0x0000094c       0x2e c:/program files (x86)/atmel/studio/7.0/toolchain/arm/arm-gnu-toolchain/bin/../lib/gcc/arm-none-eabi/6.3.1/../../../../arm-none-eabi/lib/thumb/v7e-m\libc.a(lib_a-fputwc.o)
 .ARM.attributes
                0x0000097a       0x2e c:/program files (x86)/atmel/studio/7.0/toolchain/arm/arm-gnu-toolchain/bin/../lib/gcc/arm-none-eabi/6.3.1/../../../../arm-none-eabi/lib/thumb/v7e-m\libc.a(lib_a-freer.o)
 .ARM.attributes
                0x000009a8       0x2e c:/program files (x86)/atmel/studio/7.0/toolchain/arm/arm-gnu-toolchain/bin/../lib/gcc/arm-none-eabi/6.3.1/../../../../arm-none-eabi/lib/thumb/v7e-m\libc.a(lib_a-fvwrite.o)
 .ARM.attributes
                0x000009d6       0x2e c:/program files (x86)/atmel/studio/7.0/toolchain/arm/arm-gnu-toolchain/bin/../lib/gcc/arm-none-eabi/6.3.1/../../../../arm-none-eabi/lib/thumb/v7e-m\libc.a(lib_a-fwalk.o)
 .ARM.attributes
                0x00000a04       0x2e c:/program files (x86)/atmel/studio/7.0/toolchain/arm/arm-gnu-toolchain/bin/../lib/gcc/arm-none-eabi/6.3.1/../../../../arm-none-eabi/lib/thumb/v7e-m\libc.a(lib_a-locale.o)
 .ARM.attributes
                0x00000a32       0x2e c:/program files (x86)/atmel/studio/7.0/toolchain/arm/arm-gnu-toolchain/bin/../lib/gcc/arm-none-eabi/6.3.1/../../../../arm-none-eabi/lib/thumb/v7e-m\libc.a(lib_a-lock.o)
 .ARM.attributes
                0x00000a60       0x2e c:/program files (x86)/atmel/studio/7.0/toolchain/arm/arm-gnu-toolchain/bin/../lib/gcc/arm-none-eabi/6.3.1/../../../../arm-none-eabi/lib/thumb/v7e-m\libc.a(lib_a-makebuf.o)
 .ARM.attributes
                0x00000a8e       0x2e c:/program files (x86)/atmel/studio/7.0/toolchain/arm/arm-gnu-toolchain/bin/../lib/gcc/arm-none-eabi/6.3.1/../../../../arm-none-eabi/lib/thumb/v7e-m\libc.a(lib_a-malloc.o)
 .ARM.attributes
                0x00000abc       0x2e c:/program files (x86)/atmel/studio/7.0/toolchain/arm/arm-gnu-toolchain/bin/../lib/gcc/arm-none-eabi/6.3.1/../../../../arm-none-eabi/lib/thumb/v7e-m\libc.a(lib_a-mallocr.o)
 .ARM.attributes
                0x00000aea       0x2e c:/program files (x86)/atmel/studio/7.0/toolchain/arm/arm-gnu-toolchain/bin/../lib/gcc/arm-none-eabi/6.3.1/../../../../arm-none-eabi/lib/thumb/v7e-m\libc.a(lib_a-mbtowc_r.o)
 .ARM.attributes
                0x00000b18       0x1c c:/program files (x86)/atmel/studio/7.0/toolchain/arm/arm-gnu-toolchain/bin/../lib/gcc/arm-none-eabi/6.3.1/../../../../arm-none-eabi/lib/thumb/v7e-m\libc.a(lib_a-memchr.o)
 .ARM.attributes
                0x00000b34       0x2e c:/program files (x86)/atmel/studio/7.0/toolchain/arm/arm-gnu-toolchain/bin/../lib/gcc/arm-none-eabi/6.3.1/../../../../arm-none-eabi/lib/thumb/v7e-m\libc.a(lib_a-memmove.o)
 .ARM.attributes
                0x00000b62       0x2e c:/program files (x86)/atmel/studio/7.0/toolchain/arm/arm-gnu-toolchain/bin/../lib/gcc/arm-none-eabi/6.3.1/../../../../arm-none-eabi/lib/thumb/v7e-m\libc.a(lib_a-mlock.o)
 .ARM.attributes
                0x00000b90       0x2e c:/program files (x86)/atmel/studio/7.0/toolchain/arm/arm-gnu-toolchain/bin/../lib/gcc/arm-none-eabi/6.3.1/../../../../arm-none-eabi/lib/thumb/v7e-m\libc.a(lib_a-reallocr.o)
 .ARM.attributes
                0x00000bbe       0x2e c:/program files (x86)/atmel/studio/7.0/toolchain/arm/arm-gnu-toolchain/bin/../lib/gcc/arm-none-eabi/6.3.1/../../../../arm-none-eabi/lib/thumb/v7e-m\libc.a(lib_a-sbrkr.o)
 .ARM.attributes
                0x00000bec       0x2e c:/program files (x86)/atmel/studio/7.0/toolchain/arm/arm-gnu-toolchain/bin/../lib/gcc/arm-none-eabi/6.3.1/../../../../arm-none-eabi/lib/thumb/v7e-m\libc.a(lib_a-signal.o)
 .ARM.attributes
                0x00000c1a       0x2e c:/program files (x86)/atmel/studio/7.0/toolchain/arm/arm-gnu-toolchain/bin/../lib/gcc/arm-none-eabi/6.3.1/../../../../arm-none-eabi/lib/thumb/v7e-m\libc.a(lib_a-signalr.o)
 .ARM.attributes
                0x00000c48       0x2e c:/program files (x86)/atmel/studio/7.0/toolchain/arm/arm-gnu-toolchain/bin/../lib/gcc/arm-none-eabi/6.3.1/../../../../arm-none-eabi/lib/thumb/v7e-m\libc.a(lib_a-stdio.o)
 .ARM.attributes
                0x00000c76       0x1c c:/program files (x86)/atmel/studio/7.0/toolchain/arm/arm-gnu-toolchain/bin/../lib/gcc/arm-none-eabi/6.3.1/../../../../arm-none-eabi/lib/thumb/v7e-m\libc.a(lib_a-strlen.o)
 .ARM.attributes
                0x00000c92       0x2e c:/program files (x86)/atmel/studio/7.0/toolchain/arm/arm-gnu-toolchain/bin/../lib/gcc/arm-none-eabi/6.3.1/../../../../arm-none-eabi/lib/thumb/v7e-m\libc.a(lib_a-wbuf.o)
 .ARM.attributes
                0x00000cc0       0x2e c:/program files (x86)/atmel/studio/7.0/toolchain/arm/arm-gnu-toolchain/bin/../lib/gcc/arm-none-eabi/6.3.1/../../../../arm-none-eabi/lib/thumb/v7e-m\libc.a(lib_a-wcrtomb.o)
 .ARM.attributes
                0x00000cee       0x2e c:/program files (x86)/atmel/studio/7.0/toolchain/arm/arm-gnu-toolchain/bin/../lib/gcc/arm-none-eabi/6.3.1/../../../../arm-none-eabi/lib/thumb/v7e-m\libc.a(lib_a-wctomb_r.o)
 .ARM.attributes
                0x00000d1c       0x2e c:/program files (x86)/atmel/studio/7.0/toolchain/arm/arm-gnu-toolchain/bin/../lib/gcc/arm-none-eabi/6.3.1/../../../../arm-none-eabi/lib/thumb/v7e-m\libc.a(lib_a-writer.o)
 .ARM.attributes
                0x00000d4a       0x2e c:/program files (x86)/atmel/studio/7.0/toolchain/arm/arm-gnu-toolchain/bin/../lib/gcc/arm-none-eabi/6.3.1/../../../../arm-none-eabi/lib/thumb/v7e-m\libc.a(lib_a-__atexit.o)
 .ARM.attributes
                0x00000d78       0x2e c:/program files (x86)/atmel/studio/7.0/toolchain/arm/arm-gnu-toolchain/bin/../lib/gcc/arm-none-eabi/6.3.1/../../../../arm-none-eabi/lib/thumb/v7e-m\libc.a(lib_a-closer.o)
 .ARM.attributes
                0x00000da6       0x2e c:/program files (x86)/atmel/studio/7.0/toolchain/arm/arm-gnu-toolchain/bin/../lib/gcc/arm-none-eabi/6.3.1/../../../../arm-none-eabi/lib/thumb/v7e-m\libc.a(lib_a-ctype_.o)
 .ARM.attributes
                0x00000dd4       0x2e c:/program files (x86)/atmel/studio/7.0/toolchain/arm/arm-gnu-toolchain/bin/../lib/gcc/arm-none-eabi/6.3.1/../../../../arm-none-eabi/lib/thumb/v7e-m\libc.a(lib_a-fclose.o)
 .ARM.attributes
                0x00000e02       0x2e c:/program files (x86)/atmel/studio/7.0/toolchain/arm/arm-gnu-toolchain/bin/../lib/gcc/arm-none-eabi/6.3.1/../../../../arm-none-eabi/lib/thumb/v7e-m\libc.a(lib_a-fstatr.o)
 .ARM.attributes
                0x00000e30       0x2e c:/program files (x86)/atmel/studio/7.0/toolchain/arm/arm-gnu-toolchain/bin/../lib/gcc/arm-none-eabi/6.3.1/../../../../arm-none-eabi/lib/thumb/v7e-m\libc.a(lib_a-isattyr.o)
 .ARM.attributes
                0x00000e5e       0x2e c:/program files (x86)/atmel/studio/7.0/toolchain/arm/arm-gnu-toolchain/bin/../lib/gcc/arm-none-eabi/6.3.1/../../../../arm-none-eabi/lib/thumb/v7e-m\libc.a(lib_a-lseekr.o)
 .ARM.attributes
                0x00000e8c       0x2e c:/program files (x86)/atmel/studio/7.0/toolchain/arm/arm-gnu-toolchain/bin/../lib/gcc/arm-none-eabi/6.3.1/../../../../arm-none-eabi/lib/thumb/v7e-m\libc.a(lib_a-readr.o)
 .ARM.attributes
                0x00000eba       0x2e c:/program files (x86)/atmel/studio/7.0/toolchain/arm/arm-gnu-toolchain/bin/../lib/gcc/arm-none-eabi/6.3.1/../../../../arm-none-eabi/lib/thumb/v7e-m\libc.a(lib_a-reent.o)
 .ARM.attributes
                0x00000ee8       0x1e c:/program files (x86)/atmel/studio/7.0/toolchain/arm/arm-gnu-toolchain/bin/../lib/gcc/arm-none-eabi/6.3.1/thumb/v7e-m\libgcc.a(_aeabi_uldivmod.o)
 .ARM.attributes
                0x00000f06       0x2e c:/program files (x86)/atmel/studio/7.0/toolchain/arm/arm-gnu-toolchain/bin/../lib/gcc/arm-none-eabi/6.3.1/thumb/v7e-m\libgcc.a(_udivmoddi4.o)
 .ARM.attributes
                0x00000f34       0x1e c:/program files (x86)/atmel/studio/7.0/toolchain/arm/arm-gnu-toolchain/bin/../lib/gcc/arm-none-eabi/6.3.1/thumb/v7e-m\libgcc.a(_dvmd_tls.o)
 .ARM.attributes
                0x00000f52       0x1e c:/program files (x86)/atmel/studio/7.0/toolchain/arm/arm-gnu-toolchain/bin/../lib/gcc/arm-none-eabi/6.3.1/thumb/v7e-m/crtn.o

.comment        0x00000000       0x59
 .comment       0x00000000       0x59 bbcore/cc/bb_elem.o
                                 0x5a (size before relaxing)
 .comment       0x00000059       0x5a bbcore/cc/bb_tx_proc.o
 .comment       0x00000059       0x5a bbcore/cc/can_elem.o
 .comment       0x00000059       0x5a blackboard/bb_port.o
 .comment       0x00000059       0x5a blackboard/blackboard.o
 .comment       0x00000059       0x5a blackboard/can_rx_processor.o
 .comment       0x00000059       0x5a blackboard/can_spec.o
 .comment       0x00000059       0x5a blackboard/can_tx_processor.o
 .comment       0x00000059       0x5a blackboard/scm_callbacks.o
 .comment       0x00000059       0x5a Driver/message_ctrl.o
 .comment       0x00000059       0x5a src/sample.o
 .comment       0x00000059       0x5a blackboard/scm_can_trans.o
 .comment       0x00000059       0x5a Driver/CanDriver.o
 .comment       0x00000059       0x5a src/ASF/common/services/clock/samv71/sysclk.o
 .comment       0x00000059       0x5a src/ASF/common/utils/interrupt/interrupt_sam_nvic.o
 .comment       0x00000059       0x5a src/ASF/common/utils/stdio/read.o
 .comment       0x00000059       0x5a src/ASF/common/utils/stdio/write.o
 .comment       0x00000059       0x5a src/ASF/sam/boards/samv71_xplained_ultra/init.o
 .comment       0x00000059       0x5a src/ASF/sam/drivers/mcan/mcan.o
 .comment       0x00000059       0x5a src/ASF/sam/drivers/pio/pio.o
 .comment       0x00000059       0x5a src/ASF/sam/drivers/pio/pio_handler.o
 .comment       0x00000059       0x5a src/ASF/sam/drivers/pmc/pmc.o
 .comment       0x00000059       0x5a src/ASF/sam/drivers/uart/uart.o
 .comment       0x00000059       0x5a src/ASF/sam/drivers/usart/usart.o
 .comment       0x00000059       0x5a src/ASF/sam/utils/cmsis/samv71/source/templates/gcc/startup_samv71.o
 .comment       0x00000059       0x5a src/ASF/sam/utils/cmsis/samv71/source/templates/system_samv71.o
 .comment       0x00000059       0x5a src/ASF/sam/utils/syscalls/gcc/syscalls.o
 .comment       0x00000059       0x5a src/qs_mcan_basic.o

.debug_info     0x00000000    0x1fbbe
 .debug_info    0x00000000      0xbb7 bbcore/cc/bb_elem.o
 .debug_info    0x00000bb7     0x127f bbcore/cc/bb_tx_proc.o
 .debug_info    0x00001e36      0x471 bbcore/cc/can_elem.o
 .debug_info    0x000022a7     0x1169 blackboard/bb_port.o
 .debug_info    0x00003410     0x1318 blackboard/blackboard.o
 .debug_info    0x00004728      0xeab blackboard/can_rx_processor.o
 .debug_info    0x000055d3      0x33b blackboard/can_spec.o
 .debug_info    0x0000590e      0xe39 blackboard/can_tx_processor.o
 .debug_info    0x00006747      0xd1c blackboard/scm_callbacks.o
 .debug_info    0x00007463      0x390 Driver/message_ctrl.o
 .debug_info    0x000077f3      0x9f2 src/sample.o
 .debug_info    0x000081e5      0xd12 blackboard/scm_can_trans.o
 .debug_info    0x00008ef7     0x2b82 Driver/CanDriver.o
 .debug_info    0x0000ba79     0x12a4 src/ASF/common/services/clock/samv71/sysclk.o
 .debug_info    0x0000cd1d      0xaff src/ASF/common/utils/interrupt/interrupt_sam_nvic.o
 .debug_info    0x0000d81c      0xac9 src/ASF/common/utils/stdio/read.o
 .debug_info    0x0000e2e5      0xac6 src/ASF/common/utils/stdio/write.o
 .debug_info    0x0000edab     0x22af src/ASF/sam/boards/samv71_xplained_ultra/init.o
 .debug_info    0x0001105a     0x235e src/ASF/sam/drivers/mcan/mcan.o
 .debug_info    0x000133b8     0x2174 src/ASF/sam/drivers/pio/pio.o
 .debug_info    0x0001552c     0x1bb8 src/ASF/sam/drivers/pio/pio_handler.o
 .debug_info    0x000170e4     0x1f1c src/ASF/sam/drivers/pmc/pmc.o
 .debug_info    0x00019000     0x1072 src/ASF/sam/drivers/uart/uart.o
 .debug_info    0x0001a072     0x23ac src/ASF/sam/drivers/usart/usart.o
 .debug_info    0x0001c41e     0x15fe src/ASF/sam/utils/cmsis/samv71/source/templates/gcc/startup_samv71.o
 .debug_info    0x0001da1c      0x5d0 src/ASF/sam/utils/cmsis/samv71/source/templates/system_samv71.o
 .debug_info    0x0001dfec      0xdb0 src/ASF/sam/utils/syscalls/gcc/syscalls.o
 .debug_info    0x0001ed9c      0xe22 src/qs_mcan_basic.o

.debug_abbrev   0x00000000     0x4697
 .debug_abbrev  0x00000000      0x200 bbcore/cc/bb_elem.o
 .debug_abbrev  0x00000200      0x2dc bbcore/cc/bb_tx_proc.o
 .debug_abbrev  0x000004dc      0x183 bbcore/cc/can_elem.o
 .debug_abbrev  0x0000065f      0x28d blackboard/bb_port.o
 .debug_abbrev  0x000008ec      0x296 blackboard/blackboard.o
 .debug_abbrev  0x00000b82      0x27e blackboard/can_rx_processor.o
 .debug_abbrev  0x00000e00       0xd0 blackboard/can_spec.o
 .debug_abbrev  0x00000ed0      0x205 blackboard/can_tx_processor.o
 .debug_abbrev  0x000010d5      0x218 blackboard/scm_callbacks.o
 .debug_abbrev  0x000012ed      0x10f Driver/message_ctrl.o
 .debug_abbrev  0x000013fc      0x1b1 src/sample.o
 .debug_abbrev  0x000015ad      0x226 blackboard/scm_can_trans.o
 .debug_abbrev  0x000017d3      0x491 Driver/CanDriver.o
 .debug_abbrev  0x00001c64      0x31f src/ASF/common/services/clock/samv71/sysclk.o
 .debug_abbrev  0x00001f83      0x221 src/ASF/common/utils/interrupt/interrupt_sam_nvic.o
 .debug_abbrev  0x000021a4      0x1fe src/ASF/common/utils/stdio/read.o
 .debug_abbrev  0x000023a2      0x1e9 src/ASF/common/utils/stdio/write.o
 .debug_abbrev  0x0000258b      0x32f src/ASF/sam/boards/samv71_xplained_ultra/init.o
 .debug_abbrev  0x000028ba      0x438 src/ASF/sam/drivers/mcan/mcan.o
 .debug_abbrev  0x00002cf2      0x410 src/ASF/sam/drivers/pio/pio.o
 .debug_abbrev  0x00003102      0x34d src/ASF/sam/drivers/pio/pio_handler.o
 .debug_abbrev  0x0000344f      0x398 src/ASF/sam/drivers/pmc/pmc.o
 .debug_abbrev  0x000037e7      0x27b src/ASF/sam/drivers/uart/uart.o
 .debug_abbrev  0x00003a62      0x3ca src/ASF/sam/drivers/usart/usart.o
 .debug_abbrev  0x00003e2c      0x2f3 src/ASF/sam/utils/cmsis/samv71/source/templates/gcc/startup_samv71.o
 .debug_abbrev  0x0000411f      0x102 src/ASF/sam/utils/cmsis/samv71/source/templates/system_samv71.o
 .debug_abbrev  0x00004221      0x264 src/ASF/sam/utils/syscalls/gcc/syscalls.o
 .debug_abbrev  0x00004485      0x212 src/qs_mcan_basic.o

.debug_loc      0x00000000     0x6fa2
 .debug_loc     0x00000000      0x854 bbcore/cc/bb_elem.o
 .debug_loc     0x00000854      0x55d bbcore/cc/bb_tx_proc.o
 .debug_loc     0x00000db1      0x1a4 bbcore/cc/can_elem.o
 .debug_loc     0x00000f55      0x46f blackboard/bb_port.o
 .debug_loc     0x000013c4      0xaf5 blackboard/blackboard.o
 .debug_loc     0x00001eb9      0x115 blackboard/can_rx_processor.o
 .debug_loc     0x00001fce       0x90 blackboard/can_tx_processor.o
 .debug_loc     0x0000205e       0x83 blackboard/scm_callbacks.o
 .debug_loc     0x000020e1       0x20 Driver/message_ctrl.o
 .debug_loc     0x00002101      0x11e blackboard/scm_can_trans.o
 .debug_loc     0x0000221f      0x7a9 Driver/CanDriver.o
 .debug_loc     0x000029c8      0x183 src/ASF/common/services/clock/samv71/sysclk.o
 .debug_loc     0x00002b4b       0xb3 src/ASF/common/utils/stdio/read.o
 .debug_loc     0x00002bfe      0x12b src/ASF/common/utils/stdio/write.o
 .debug_loc     0x00002d29      0x363 src/ASF/sam/boards/samv71_xplained_ultra/init.o
 .debug_loc     0x0000308c      0xb34 src/ASF/sam/drivers/mcan/mcan.o
 .debug_loc     0x00003bc0      0xea4 src/ASF/sam/drivers/pio/pio.o
 .debug_loc     0x00004a64      0x59f src/ASF/sam/drivers/pio/pio_handler.o
 .debug_loc     0x00005003      0xc33 src/ASF/sam/drivers/pmc/pmc.o
 .debug_loc     0x00005c36      0x2a3 src/ASF/sam/drivers/uart/uart.o
 .debug_loc     0x00005ed9      0xf35 src/ASF/sam/drivers/usart/usart.o
 .debug_loc     0x00006e0e       0x77 src/ASF/sam/utils/cmsis/samv71/source/templates/gcc/startup_samv71.o
 .debug_loc     0x00006e85       0xfd src/ASF/sam/utils/syscalls/gcc/syscalls.o
 .debug_loc     0x00006f82       0x20 src/qs_mcan_basic.o

.debug_aranges  0x00000000      0xe08
 .debug_aranges
                0x00000000       0x98 bbcore/cc/bb_elem.o
 .debug_aranges
                0x00000098       0x30 bbcore/cc/bb_tx_proc.o
 .debug_aranges
                0x000000c8       0x30 bbcore/cc/can_elem.o
 .debug_aranges
                0x000000f8       0x78 blackboard/bb_port.o
 .debug_aranges
                0x00000170       0xe8 blackboard/blackboard.o
 .debug_aranges
                0x00000258       0x20 blackboard/can_rx_processor.o
 .debug_aranges
                0x00000278       0x18 blackboard/can_spec.o
 .debug_aranges
                0x00000290       0x28 blackboard/can_tx_processor.o
 .debug_aranges
                0x000002b8       0x28 blackboard/scm_callbacks.o
 .debug_aranges
                0x000002e0       0x20 Driver/message_ctrl.o
 .debug_aranges
                0x00000300       0x28 src/sample.o
 .debug_aranges
                0x00000328       0x20 blackboard/scm_can_trans.o
 .debug_aranges
                0x00000348       0x58 Driver/CanDriver.o
 .debug_aranges
                0x000003a0       0x40 src/ASF/common/services/clock/samv71/sysclk.o
 .debug_aranges
                0x000003e0       0x28 src/ASF/common/utils/interrupt/interrupt_sam_nvic.o
 .debug_aranges
                0x00000408       0x20 src/ASF/common/utils/stdio/read.o
 .debug_aranges
                0x00000428       0x20 src/ASF/common/utils/stdio/write.o
 .debug_aranges
                0x00000448       0x20 src/ASF/sam/boards/samv71_xplained_ultra/init.o
 .debug_aranges
                0x00000468       0xd0 src/ASF/sam/drivers/mcan/mcan.o
 .debug_aranges
                0x00000538      0x1a8 src/ASF/sam/drivers/pio/pio.o
 .debug_aranges
                0x000006e0       0x60 src/ASF/sam/drivers/pio/pio_handler.o
 .debug_aranges
                0x00000740      0x270 src/ASF/sam/drivers/pmc/pmc.o
 .debug_aranges
                0x000009b0       0xd8 src/ASF/sam/drivers/uart/uart.o
 .debug_aranges
                0x00000a88      0x2a8 src/ASF/sam/drivers/usart/usart.o
 .debug_aranges
                0x00000d30       0x28 src/ASF/sam/utils/cmsis/samv71/source/templates/gcc/startup_samv71.o
 .debug_aranges
                0x00000d58       0x30 src/ASF/sam/utils/cmsis/samv71/source/templates/system_samv71.o
 .debug_aranges
                0x00000d88       0x60 src/ASF/sam/utils/syscalls/gcc/syscalls.o
 .debug_aranges
                0x00000de8       0x20 src/qs_mcan_basic.o

.debug_ranges   0x00000000      0xe40
 .debug_ranges  0x00000000       0x88 bbcore/cc/bb_elem.o
 .debug_ranges  0x00000088       0x70 bbcore/cc/bb_tx_proc.o
 .debug_ranges  0x000000f8       0x50 bbcore/cc/can_elem.o
 .debug_ranges  0x00000148       0x68 blackboard/bb_port.o
 .debug_ranges  0x000001b0       0xd8 blackboard/blackboard.o
 .debug_ranges  0x00000288       0x28 blackboard/can_rx_processor.o
 .debug_ranges  0x000002b0       0x18 blackboard/can_tx_processor.o
 .debug_ranges  0x000002c8       0x18 blackboard/scm_callbacks.o
 .debug_ranges  0x000002e0       0x10 Driver/message_ctrl.o
 .debug_ranges  0x000002f0       0x18 src/sample.o
 .debug_ranges  0x00000308       0x10 blackboard/scm_can_trans.o
 .debug_ranges  0x00000318       0x48 Driver/CanDriver.o
 .debug_ranges  0x00000360       0x30 src/ASF/common/services/clock/samv71/sysclk.o
 .debug_ranges  0x00000390       0x18 src/ASF/common/utils/interrupt/interrupt_sam_nvic.o
 .debug_ranges  0x000003a8       0x10 src/ASF/common/utils/stdio/read.o
 .debug_ranges  0x000003b8       0x10 src/ASF/common/utils/stdio/write.o
 .debug_ranges  0x000003c8       0x10 src/ASF/sam/boards/samv71_xplained_ultra/init.o
 .debug_ranges  0x000003d8      0x108 src/ASF/sam/drivers/mcan/mcan.o
 .debug_ranges  0x000004e0      0x2a0 src/ASF/sam/drivers/pio/pio.o
 .debug_ranges  0x00000780       0x68 src/ASF/sam/drivers/pio/pio_handler.o
 .debug_ranges  0x000007e8      0x260 src/ASF/sam/drivers/pmc/pmc.o
 .debug_ranges  0x00000a48       0xc8 src/ASF/sam/drivers/uart/uart.o
 .debug_ranges  0x00000b10      0x298 src/ASF/sam/drivers/usart/usart.o
 .debug_ranges  0x00000da8       0x18 src/ASF/sam/utils/cmsis/samv71/source/templates/gcc/startup_samv71.o
 .debug_ranges  0x00000dc0       0x20 src/ASF/sam/utils/cmsis/samv71/source/templates/system_samv71.o
 .debug_ranges  0x00000de0       0x50 src/ASF/sam/utils/syscalls/gcc/syscalls.o
 .debug_ranges  0x00000e30       0x10 src/qs_mcan_basic.o

.debug_macro    0x00000000    0x23850
 .debug_macro   0x00000000       0xfb bbcore/cc/bb_elem.o
 .debug_macro   0x000000fb      0x8ce bbcore/cc/bb_elem.o
 .debug_macro   0x000009c9       0x22 bbcore/cc/bb_elem.o
 .debug_macro   0x000009eb      0x16d bbcore/cc/bb_elem.o
 .debug_macro   0x00000b58       0x22 bbcore/cc/bb_elem.o
 .debug_macro   0x00000b7a       0x87 bbcore/cc/bb_elem.o
 .debug_macro   0x00000c01       0x51 bbcore/cc/bb_elem.o
 .debug_macro   0x00000c52       0xef bbcore/cc/bb_elem.o
 .debug_macro   0x00000d41       0x6a bbcore/cc/bb_elem.o
 .debug_macro   0x00000dab      0x1df bbcore/cc/bb_elem.o
 .debug_macro   0x00000f8a       0x1c bbcore/cc/bb_elem.o
 .debug_macro   0x00000fa6       0x10 bbcore/cc/bb_elem.o
 .debug_macro   0x00000fb6      0x894 bbcore/cc/bb_tx_proc.o
 .debug_macro   0x0000184a       0x10 bbcore/cc/bb_tx_proc.o
 .debug_macro   0x0000185a      0x71d bbcore/cc/bb_tx_proc.o
 .debug_macro   0x00001f77       0x76 bbcore/cc/bb_tx_proc.o
 .debug_macro   0x00001fed       0x16 bbcore/cc/bb_tx_proc.o
 .debug_macro   0x00002003      0x6da bbcore/cc/bb_tx_proc.o
 .debug_macro   0x000026dd       0x57 bbcore/cc/bb_tx_proc.o
 .debug_macro   0x00002734       0x1c bbcore/cc/bb_tx_proc.o
 .debug_macro   0x00002750       0x22 bbcore/cc/bb_tx_proc.o
 .debug_macro   0x00002772       0xdf bbcore/cc/bb_tx_proc.o
 .debug_macro   0x00002851     0x12cd bbcore/cc/bb_tx_proc.o
 .debug_macro   0x00003b1e      0x11f bbcore/cc/bb_tx_proc.o
 .debug_macro   0x00003c3d       0x19 bbcore/cc/bb_tx_proc.o
 .debug_macro   0x00003c56      0x191 bbcore/cc/bb_tx_proc.o
 .debug_macro   0x00003de7      0x2ee bbcore/cc/bb_tx_proc.o
 .debug_macro   0x000040d5      0xa23 bbcore/cc/bb_tx_proc.o
 .debug_macro   0x00004af8      0x1b4 bbcore/cc/bb_tx_proc.o
 .debug_macro   0x00004cac      0x35f bbcore/cc/bb_tx_proc.o
 .debug_macro   0x0000500b      0x15a bbcore/cc/bb_tx_proc.o
 .debug_macro   0x00005165     0x18f9 bbcore/cc/bb_tx_proc.o
 .debug_macro   0x00006a5e       0x1c bbcore/cc/bb_tx_proc.o
 .debug_macro   0x00006a7a      0x6a2 bbcore/cc/bb_tx_proc.o
 .debug_macro   0x0000711c      0x263 bbcore/cc/bb_tx_proc.o
 .debug_macro   0x0000737f      0x315 bbcore/cc/bb_tx_proc.o
 .debug_macro   0x00007694      0x4f0 bbcore/cc/bb_tx_proc.o
 .debug_macro   0x00007b84      0x2c4 bbcore/cc/bb_tx_proc.o
 .debug_macro   0x00007e48     0x1527 bbcore/cc/bb_tx_proc.o
 .debug_macro   0x0000936f      0x285 bbcore/cc/bb_tx_proc.o
 .debug_macro   0x000095f4     0x2a40 bbcore/cc/bb_tx_proc.o
 .debug_macro   0x0000c034     0x113e bbcore/cc/bb_tx_proc.o
 .debug_macro   0x0000d172      0xcdb bbcore/cc/bb_tx_proc.o
 .debug_macro   0x0000de4d      0x3c6 bbcore/cc/bb_tx_proc.o
 .debug_macro   0x0000e213       0xa0 bbcore/cc/bb_tx_proc.o
 .debug_macro   0x0000e2b3       0x76 bbcore/cc/bb_tx_proc.o
 .debug_macro   0x0000e329      0x41e bbcore/cc/bb_tx_proc.o
 .debug_macro   0x0000e747       0x64 bbcore/cc/bb_tx_proc.o
 .debug_macro   0x0000e7ab      0x299 bbcore/cc/bb_tx_proc.o
 .debug_macro   0x0000ea44      0x201 bbcore/cc/bb_tx_proc.o
 .debug_macro   0x0000ec45      0x264 bbcore/cc/bb_tx_proc.o
 .debug_macro   0x0000eea9      0x539 bbcore/cc/bb_tx_proc.o
 .debug_macro   0x0000f3e2      0x650 bbcore/cc/bb_tx_proc.o
 .debug_macro   0x0000fa32      0x6fd bbcore/cc/bb_tx_proc.o
 .debug_macro   0x0001012f       0x64 bbcore/cc/bb_tx_proc.o
 .debug_macro   0x00010193      0x4c4 bbcore/cc/bb_tx_proc.o
 .debug_macro   0x00010657      0x237 bbcore/cc/bb_tx_proc.o
 .debug_macro   0x0001088e      0xa06 bbcore/cc/bb_tx_proc.o
 .debug_macro   0x00011294     0x14f3 bbcore/cc/bb_tx_proc.o
 .debug_macro   0x00012787       0x40 bbcore/cc/bb_tx_proc.o
 .debug_macro   0x000127c7       0x76 bbcore/cc/bb_tx_proc.o
 .debug_macro   0x0001283d      0xdd1 bbcore/cc/bb_tx_proc.o
 .debug_macro   0x0001360e       0x88 bbcore/cc/bb_tx_proc.o
 .debug_macro   0x00013696       0x7c bbcore/cc/bb_tx_proc.o
 .debug_macro   0x00013712       0x52 bbcore/cc/bb_tx_proc.o
 .debug_macro   0x00013764      0x133 bbcore/cc/bb_tx_proc.o
 .debug_macro   0x00013897      0x133 bbcore/cc/bb_tx_proc.o
 .debug_macro   0x000139ca      0x133 bbcore/cc/bb_tx_proc.o
 .debug_macro   0x00013afd       0x76 bbcore/cc/bb_tx_proc.o
 .debug_macro   0x00013b73       0x76 bbcore/cc/bb_tx_proc.o
 .debug_macro   0x00013be9      0x2fe bbcore/cc/bb_tx_proc.o
 .debug_macro   0x00013ee7       0xca bbcore/cc/bb_tx_proc.o
 .debug_macro   0x00013fb1       0xca bbcore/cc/bb_tx_proc.o
 .debug_macro   0x0001407b       0xca bbcore/cc/bb_tx_proc.o
 .debug_macro   0x00014145      0x13b bbcore/cc/bb_tx_proc.o
 .debug_macro   0x00014280      0x13b bbcore/cc/bb_tx_proc.o
 .debug_macro   0x000143bb      0x2cd bbcore/cc/bb_tx_proc.o
 .debug_macro   0x00014688       0xbe bbcore/cc/bb_tx_proc.o
 .debug_macro   0x00014746       0x64 bbcore/cc/bb_tx_proc.o
 .debug_macro   0x000147aa       0x46 bbcore/cc/bb_tx_proc.o
 .debug_macro   0x000147f0       0x4c bbcore/cc/bb_tx_proc.o
 .debug_macro   0x0001483c       0xa6 bbcore/cc/bb_tx_proc.o
 .debug_macro   0x000148e2      0x4b7 bbcore/cc/bb_tx_proc.o
 .debug_macro   0x00014d99      0x133 bbcore/cc/bb_tx_proc.o
 .debug_macro   0x00014ecc       0x52 bbcore/cc/bb_tx_proc.o
 .debug_macro   0x00014f1e      0x2fe bbcore/cc/bb_tx_proc.o
 .debug_macro   0x0001521c       0x76 bbcore/cc/bb_tx_proc.o
 .debug_macro   0x00015292       0xbe bbcore/cc/bb_tx_proc.o
 .debug_macro   0x00015350       0x76 bbcore/cc/bb_tx_proc.o
 .debug_macro   0x000153c6       0x70 bbcore/cc/bb_tx_proc.o
 .debug_macro   0x00015436       0x34 bbcore/cc/bb_tx_proc.o
 .debug_macro   0x0001546a      0x9b8 bbcore/cc/bb_tx_proc.o
 .debug_macro   0x00015e22       0x70 bbcore/cc/bb_tx_proc.o
 .debug_macro   0x00015e92       0x8e bbcore/cc/bb_tx_proc.o
 .debug_macro   0x00015f20       0x5e bbcore/cc/bb_tx_proc.o
 .debug_macro   0x00015f7e       0xb8 bbcore/cc/bb_tx_proc.o
 .debug_macro   0x00016036       0x4c bbcore/cc/bb_tx_proc.o
 .debug_macro   0x00016082       0x4c bbcore/cc/bb_tx_proc.o
 .debug_macro   0x000160ce       0x16 bbcore/cc/bb_tx_proc.o
 .debug_macro   0x000160e4       0xfa bbcore/cc/bb_tx_proc.o
 .debug_macro   0x000161de       0x52 bbcore/cc/bb_tx_proc.o
 .debug_macro   0x00016230       0x16 bbcore/cc/bb_tx_proc.o
 .debug_macro   0x00016246       0x52 bbcore/cc/bb_tx_proc.o
 .debug_macro   0x00016298       0x2e bbcore/cc/bb_tx_proc.o
 .debug_macro   0x000162c6      0x1b3 bbcore/cc/bb_tx_proc.o
 .debug_macro   0x00016479      0x1b3 bbcore/cc/bb_tx_proc.o
 .debug_macro   0x0001662c      0x1b3 bbcore/cc/bb_tx_proc.o
 .debug_macro   0x000167df      0x1b3 bbcore/cc/bb_tx_proc.o
 .debug_macro   0x00016992      0x1b3 bbcore/cc/bb_tx_proc.o
 .debug_macro   0x00016b45       0x1c bbcore/cc/bb_tx_proc.o
 .debug_macro   0x00016b61       0x34 bbcore/cc/bb_tx_proc.o
 .debug_macro   0x00016b95       0x22 bbcore/cc/bb_tx_proc.o
 .debug_macro   0x00016bb7       0x1c bbcore/cc/bb_tx_proc.o
 .debug_macro   0x00016bd3       0x58 bbcore/cc/bb_tx_proc.o
 .debug_macro   0x00016c2b       0x10 bbcore/cc/bb_tx_proc.o
 .debug_macro   0x00016c3b       0x1c bbcore/cc/bb_tx_proc.o
 .debug_macro   0x00016c57       0x52 bbcore/cc/bb_tx_proc.o
 .debug_macro   0x00016ca9       0x52 bbcore/cc/bb_tx_proc.o
 .debug_macro   0x00016cfb       0x52 bbcore/cc/bb_tx_proc.o
 .debug_macro   0x00016d4d      0x345 bbcore/cc/bb_tx_proc.o
 .debug_macro   0x00017092     0x1073 bbcore/cc/bb_tx_proc.o
 .debug_macro   0x00018105      0x107 bbcore/cc/bb_tx_proc.o
 .debug_macro   0x0001820c       0x58 bbcore/cc/bb_tx_proc.o
 .debug_macro   0x00018264       0x35 bbcore/cc/bb_tx_proc.o
 .debug_macro   0x00018299       0x9c bbcore/cc/bb_tx_proc.o
 .debug_macro   0x00018335       0x16 bbcore/cc/bb_tx_proc.o
 .debug_macro   0x0001834b       0x35 bbcore/cc/bb_tx_proc.o
 .debug_macro   0x00018380      0x34d bbcore/cc/bb_tx_proc.o
 .debug_macro   0x000186cd       0x10 bbcore/cc/bb_tx_proc.o
 .debug_macro   0x000186dd       0x58 bbcore/cc/bb_tx_proc.o
 .debug_macro   0x00018735       0x1f bbcore/cc/bb_tx_proc.o
 .debug_macro   0x00018754       0x43 bbcore/cc/bb_tx_proc.o
 .debug_macro   0x00018797       0x20 bbcore/cc/bb_tx_proc.o
 .debug_macro   0x000187b7      0x187 bbcore/cc/bb_tx_proc.o
 .debug_macro   0x0001893e       0x10 bbcore/cc/bb_tx_proc.o
 .debug_macro   0x0001894e       0x1c bbcore/cc/bb_tx_proc.o
 .debug_macro   0x0001896a       0x52 bbcore/cc/bb_tx_proc.o
 .debug_macro   0x000189bc       0x40 bbcore/cc/bb_tx_proc.o
 .debug_macro   0x000189fc       0x10 bbcore/cc/bb_tx_proc.o
 .debug_macro   0x00018a0c       0x40 bbcore/cc/bb_tx_proc.o
 .debug_macro   0x00018a4c       0xd7 bbcore/cc/bb_tx_proc.o
 .debug_macro   0x00018b23       0x16 bbcore/cc/bb_tx_proc.o
 .debug_macro   0x00018b39      0x18b bbcore/cc/bb_tx_proc.o
 .debug_macro   0x00018cc4       0x16 bbcore/cc/bb_tx_proc.o
 .debug_macro   0x00018cda       0x16 bbcore/cc/bb_tx_proc.o
 .debug_macro   0x00018cf0       0x29 bbcore/cc/bb_tx_proc.o
 .debug_macro   0x00018d19       0x73 bbcore/cc/bb_tx_proc.o
 .debug_macro   0x00018d8c       0x3e bbcore/cc/bb_tx_proc.o
 .debug_macro   0x00018dca      0x3ca bbcore/cc/bb_tx_proc.o
 .debug_macro   0x00019194       0xa0 bbcore/cc/bb_tx_proc.o
 .debug_macro   0x00019234      0x36c bbcore/cc/bb_tx_proc.o
 .debug_macro   0x000195a0       0x94 bbcore/cc/bb_tx_proc.o
 .debug_macro   0x00019634       0x40 bbcore/cc/bb_tx_proc.o
 .debug_macro   0x00019674      0x2df bbcore/cc/bb_tx_proc.o
 .debug_macro   0x00019953      0xc89 bbcore/cc/bb_tx_proc.o
 .debug_macro   0x0001a5dc       0x3a bbcore/cc/bb_tx_proc.o
 .debug_macro   0x0001a616       0x70 bbcore/cc/bb_tx_proc.o
 .debug_macro   0x0001a686       0x64 bbcore/cc/bb_tx_proc.o
 .debug_macro   0x0001a6ea       0x5f bbcore/cc/bb_tx_proc.o
 .debug_macro   0x0001a749       0xac bbcore/cc/bb_tx_proc.o